Archive member included to satisfy reference by file (symbol)

c:/st/stm32cubeide_1.3.0/stm32cubeide/plugins/com.st.stm32cube.ide.mcu.externaltools.gnu-tools-for-stm32.7-2018-q2-update.win32_1.4.0.202007081208/tools/bin/../lib/gcc/arm-none-eabi/7.3.1/../../../../arm-none-eabi/lib/thumb/v7-m\libc_nano.a(lib_a-errno.o)
                              Core/Src/syscalls.o (__errno)
c:/st/stm32cubeide_1.3.0/stm32cubeide/plugins/com.st.stm32cube.ide.mcu.externaltools.gnu-tools-for-stm32.7-2018-q2-update.win32_1.4.0.202007081208/tools/bin/../lib/gcc/arm-none-eabi/7.3.1/../../../../arm-none-eabi/lib/thumb/v7-m\libc_nano.a(lib_a-exit.o)
                              c:/st/stm32cubeide_1.3.0/stm32cubeide/plugins/com.st.stm32cube.ide.mcu.externaltools.gnu-tools-for-stm32.7-2018-q2-update.win32_1.4.0.202007081208/tools/bin/../lib/gcc/arm-none-eabi/7.3.1/../../../../arm-none-eabi/lib/thumb/v7-m/crt0.o (exit)
c:/st/stm32cubeide_1.3.0/stm32cubeide/plugins/com.st.stm32cube.ide.mcu.externaltools.gnu-tools-for-stm32.7-2018-q2-update.win32_1.4.0.202007081208/tools/bin/../lib/gcc/arm-none-eabi/7.3.1/../../../../arm-none-eabi/lib/thumb/v7-m\libc_nano.a(lib_a-impure.o)
                              c:/st/stm32cubeide_1.3.0/stm32cubeide/plugins/com.st.stm32cube.ide.mcu.externaltools.gnu-tools-for-stm32.7-2018-q2-update.win32_1.4.0.202007081208/tools/bin/../lib/gcc/arm-none-eabi/7.3.1/../../../../arm-none-eabi/lib/thumb/v7-m\libc_nano.a(lib_a-exit.o) (_global_impure_ptr)
c:/st/stm32cubeide_1.3.0/stm32cubeide/plugins/com.st.stm32cube.ide.mcu.externaltools.gnu-tools-for-stm32.7-2018-q2-update.win32_1.4.0.202007081208/tools/bin/../lib/gcc/arm-none-eabi/7.3.1/../../../../arm-none-eabi/lib/thumb/v7-m\libc_nano.a(lib_a-init.o)
                              c:/st/stm32cubeide_1.3.0/stm32cubeide/plugins/com.st.stm32cube.ide.mcu.externaltools.gnu-tools-for-stm32.7-2018-q2-update.win32_1.4.0.202007081208/tools/bin/../lib/gcc/arm-none-eabi/7.3.1/../../../../arm-none-eabi/lib/thumb/v7-m/crt0.o (__libc_init_array)
c:/st/stm32cubeide_1.3.0/stm32cubeide/plugins/com.st.stm32cube.ide.mcu.externaltools.gnu-tools-for-stm32.7-2018-q2-update.win32_1.4.0.202007081208/tools/bin/../lib/gcc/arm-none-eabi/7.3.1/../../../../arm-none-eabi/lib/thumb/v7-m\libc_nano.a(lib_a-memset.o)
                              c:/st/stm32cubeide_1.3.0/stm32cubeide/plugins/com.st.stm32cube.ide.mcu.externaltools.gnu-tools-for-stm32.7-2018-q2-update.win32_1.4.0.202007081208/tools/bin/../lib/gcc/arm-none-eabi/7.3.1/../../../../arm-none-eabi/lib/thumb/v7-m/crt0.o (memset)
c:/st/stm32cubeide_1.3.0/stm32cubeide/plugins/com.st.stm32cube.ide.mcu.externaltools.gnu-tools-for-stm32.7-2018-q2-update.win32_1.4.0.202007081208/tools/bin/../lib/gcc/arm-none-eabi/7.3.1/../../../../arm-none-eabi/lib/thumb/v7-m\libc_nano.a(lib_a-sprintf.o)
                              Core/Src/stm32f1xx_it.o (sprintf)
c:/st/stm32cubeide_1.3.0/stm32cubeide/plugins/com.st.stm32cube.ide.mcu.externaltools.gnu-tools-for-stm32.7-2018-q2-update.win32_1.4.0.202007081208/tools/bin/../lib/gcc/arm-none-eabi/7.3.1/../../../../arm-none-eabi/lib/thumb/v7-m\libc_nano.a(lib_a-strchr.o)
                              Core/Src/stm32f1xx_it.o (strchr)
c:/st/stm32cubeide_1.3.0/stm32cubeide/plugins/com.st.stm32cube.ide.mcu.externaltools.gnu-tools-for-stm32.7-2018-q2-update.win32_1.4.0.202007081208/tools/bin/../lib/gcc/arm-none-eabi/7.3.1/../../../../arm-none-eabi/lib/thumb/v7-m\libc_nano.a(lib_a-strcmp.o)
                              Core/Src/stm32f1xx_it.o (strcmp)
c:/st/stm32cubeide_1.3.0/stm32cubeide/plugins/com.st.stm32cube.ide.mcu.externaltools.gnu-tools-for-stm32.7-2018-q2-update.win32_1.4.0.202007081208/tools/bin/../lib/gcc/arm-none-eabi/7.3.1/../../../../arm-none-eabi/lib/thumb/v7-m\libc_nano.a(lib_a-strlen.o)
                              Core/Src/stm32f1xx_it.o (strlen)
c:/st/stm32cubeide_1.3.0/stm32cubeide/plugins/com.st.stm32cube.ide.mcu.externaltools.gnu-tools-for-stm32.7-2018-q2-update.win32_1.4.0.202007081208/tools/bin/../lib/gcc/arm-none-eabi/7.3.1/../../../../arm-none-eabi/lib/thumb/v7-m\libc_nano.a(lib_a-strncmp.o)
                              Core/Src/stm32f1xx_it.o (strncmp)
c:/st/stm32cubeide_1.3.0/stm32cubeide/plugins/com.st.stm32cube.ide.mcu.externaltools.gnu-tools-for-stm32.7-2018-q2-update.win32_1.4.0.202007081208/tools/bin/../lib/gcc/arm-none-eabi/7.3.1/../../../../arm-none-eabi/lib/thumb/v7-m\libc_nano.a(lib_a-strstr.o)
                              Core/Src/stm32f1xx_it.o (strstr)
c:/st/stm32cubeide_1.3.0/stm32cubeide/plugins/com.st.stm32cube.ide.mcu.externaltools.gnu-tools-for-stm32.7-2018-q2-update.win32_1.4.0.202007081208/tools/bin/../lib/gcc/arm-none-eabi/7.3.1/../../../../arm-none-eabi/lib/thumb/v7-m\libc_nano.a(lib_a-nano-svfprintf.o)
[...]
Memory Configuration

Name             Origin             Length             Attributes
RAM              0x0000000020000000 0x000000000000c000 xrw
FLASH            0x0000000008000000 0x0000000000040000 xr
*default*        0x0000000000000000 0xffffffffffffffff

Linker script and memory map

LOAD c:/st/stm32cubeide_1.3.0/stm32cubeide/plugins/com.st.stm32cube.ide.mcu.externaltools.gnu-tools-for-stm32.7-2018-q2-update.win32_1.4.0.202007081208/tools/bin/../lib/gcc/arm-none-eabi/7.3.1/thumb/v7-m/crti.o
LOAD c:/st/stm32cubeide_1.3.0/stm32cubeide/plugins/com.st.stm32cube.ide.mcu.externaltools.gnu-tools-for-stm32.7-2018-q2-update.win32_1.4.0.202007081208/tools/bin/../lib/gcc/arm-none-eabi/7.3.1/thumb/v7-m/crtbegin.o
LOAD c:/st/stm32cubeide_1.3.0/stm32cubeide/plugins/com.st.stm32cube.ide.mcu.externaltools.gnu-tools-for-stm32.7-2018-q2-update.win32_1.4.0.202007081208/tools/bin/../lib/gcc/arm-none-eabi/7.3.1/../../../../arm-none-eabi/lib/thumb/v7-m/crt0.o
LOAD Core/Src/lcd.o
LOAD Core/Src/main.o
LOAD Core/Src/stm32f1xx_hal_msp.o
LOAD Core/Src/stm32f1xx_it.o
LOAD Core/Src/syscalls.o
LOAD Core/Src/sysmem.o
LOAD Core/Src/system_stm32f1xx.o
LOAD Core/Startup/startup_stm32f103rctx.o
LOAD Drivers/STM32F1xx_HAL_Driver/Src/stm32f1xx_hal.o
LOAD Drivers/STM32F1xx_HAL_Driver/Src/stm32f1xx_hal_cortex.o
LOAD Drivers/STM32F1xx_HAL_Driver/Src/stm32f1xx_hal_dma.o
LOAD Drivers/STM32F1xx_HAL_Driver/Src/stm32f1xx_hal_exti.o
LOAD Drivers/STM32F1xx_HAL_Driver/Src/stm32f1xx_hal_flash.o
LOAD Drivers/STM32F1xx_HAL_Driver/Src/stm32f1xx_hal_flash_ex.o
LOAD Drivers/STM32F1xx_HAL_Driver/Src/stm32f1xx_hal_gpio.o
LOAD Drivers/STM32F1xx_HAL_Driver/Src/stm32f1xx_hal_gpio_ex.o
LOAD Drivers/STM32F1xx_HAL_Driver/Src/stm32f1xx_hal_pwr.o
LOAD Drivers/STM32F1xx_HAL_Driver/Src/stm32f1xx_hal_rcc.o
LOAD Drivers/STM32F1xx_HAL_Driver/Src/stm32f1xx_hal_rcc_ex.o
LOAD Drivers/STM32F1xx_HAL_Driver/Src/stm32f1xx_hal_tim.o
LOAD Drivers/STM32F1xx_HAL_Driver/Src/stm32f1xx_hal_tim_ex.o
LOAD Drivers/STM32F1xx_HAL_Driver/Src/stm32f1xx_hal_uart.o
START GROUP
LOAD c:/st/stm32cubeide_1.3.0/stm32cubeide/plugins/com.st.stm32cube.ide.mcu.externaltools.gnu-tools-for-stm32.7-2018-q2-update.win32_1.4.0.202007081208/tools/bin/../lib/gcc/arm-none-eabi/7.3.1/../../../../arm-none-eabi/lib/thumb/v7-m\libc_nano.a
LOAD c:/st/stm32cubeide_1.3.0/stm32cubeide/plugins/com.st.stm32cube.ide.mcu.externaltools.gnu-tools-for-stm32.7-2018-q2-update.win32_1.4.0.202007081208/tools/bin/../lib/gcc/arm-none-eabi/7.3.1/../../../../arm-none-eabi/lib/thumb/v7-m\libm.a
END GROUP
START GROUP
LOAD c:/st/stm32cubeide_1.3.0/stm32cubeide/plugins/com.st.stm32cube.ide.mcu.externaltools.gnu-tools-for-stm32.7-2018-q2-update.win32_1.4.0.202007081208/tools/bin/../lib/gcc/arm-none-eabi/7.3.1/thumb/v7-m\libgcc.a
LOAD c:/st/stm32cubeide_1.3.0/stm32cubeide/plugins/com.st.stm32cube.ide.mcu.externaltools.gnu-tools-for-stm32.7-2018-q2-update.win32_1.4.0.202007081208/tools/bin/../lib/gcc/arm-none-eabi/7.3.1/../../../../arm-none-eabi/lib/thumb/v7-m\libc_nano.a
END GROUP
START GROUP
LOAD c:/st/stm32cubeide_1.3.0/stm32cubeide/plugins/com.st.stm32cube.ide.mcu.externaltools.gnu-tools-for-stm32.7-2018-q2-update.win32_1.4.0.202007081208/tools/bin/../lib/gcc/arm-none-eabi/7.3.1/thumb/v7-m\libgcc.a
LOAD c:/st/stm32cubeide_1.3.0/stm32cubeide/plugins/com.st.stm32cube.ide.mcu.externaltools.gnu-tools-for-stm32.7-2018-q2-update.win32_1.4.0.202007081208/tools/bin/../lib/gcc/arm-none-eabi/7.3.1/../../../../arm-none-eabi/lib/thumb/v7-m\libc_nano.a
LOAD c:/st/stm32cubeide_1.3.0/stm32cubeide/plugins/com.st.stm32cube.ide.mcu.externaltools.gnu-tools-for-stm32.7-2018-q2-update.win32_1.4.0.202007081208/tools/bin/../lib/gcc/arm-none-eabi/7.3.1/../../../../arm-none-eabi/lib/thumb/v7-m\libnosys.a
END GROUP
START GROUP
LOAD c:/st/stm32cubeide_1.3.0/stm32cubeide/plugins/com.st.stm32cube.ide.mcu.externaltools.gnu-tools-for-stm32.7-2018-q2-update.win32_1.4.0.202007081208/tools/bin/../lib/gcc/arm-none-eabi/7.3.1/thumb/v7-m\libgcc.a
LOAD c:/st/stm32cubeide_1.3.0/stm32cubeide/plugins/com.st.stm32cube.ide.mcu.externaltools.gnu-tools-for-stm32.7-2018-q2-update.win32_1.4.0.202007081208/tools/bin/../lib/gcc/arm-none-eabi/7.3.1/../../../../arm-none-eabi/lib/thumb/v7-m\libc_nano.a
LOAD c:/st/stm32cubeide_1.3.0/stm32cubeide/plugins/com.st.stm32cube.ide.mcu.externaltools.gnu-tools-for-stm32.7-2018-q2-update.win32_1.4.0.202007081208/tools/bin/../lib/gcc/arm-none-eabi/7.3.1/../../../../arm-none-eabi/lib/thumb/v7-m\libnosys.a
END GROUP
LOAD c:/st/stm32cubeide_1.3.0/stm32cubeide/plugins/com.st.stm32cube.ide.mcu.externaltools.gnu-tools-for-stm32.7-2018-q2-update.win32_1.4.0.202007081208/tools/bin/../lib/gcc/arm-none-eabi/7.3.1/thumb/v7-m/crtend.o
LOAD c:/st/stm32cubeide_1.3.0/stm32cubeide/plugins/com.st.stm32cube.ide.mcu.externaltools.gnu-tools-for-stm32.7-2018-q2-update.win32_1.4.0.202007081208/tools/bin/../lib/gcc/arm-none-eabi/7.3.1/thumb/v7-m/crtn.o
                0x000000002000c000                _estack = (ORIGIN (RAM) + LENGTH (RAM))
                0x0000000000000200                _Min_Heap_Size = 0x200
                0x0000000000000400                _Min_Stack_Size = 0x400

.isr_vector     0x0000000008000000      0x1e4
                0x0000000008000000                . = ALIGN (0x4)
 *(.isr_vector)
 .isr_vector    0x0000000008000000      0x1e4 Core/Startup/startup_stm32f103rctx.o
                0x0000000008000000                g_pfnVectors
                0x00000000080001e4                . = ALIGN (0x4)

.text           0x00000000080001e8     0xb9dc
                0x00000000080001e8                . = ALIGN (0x4)
 *(.text)
 .text          0x00000000080001e8       0x40 c:/st/stm32cubeide_1.3.0/stm32cubeide/plugins/com.st.stm32cube.ide.mcu.externaltools.gnu-tools-for-stm32.7-2018-q2-update.win32_1.4.0.202007081208/tools/bin/../lib/gcc/arm-none-eabi/7.3.1/thumb/v7-m/crtbegin.o
 .text          0x0000000008000228       0x14 c:/st/stm32cubeide_1.3.0/stm32cubeide/plugins/com.st.stm32cube.ide.mcu.externaltools.gnu-tools-for-stm32.7-2018-q2-update.win32_1.4.0.202007081208/tools/bin/../lib/gcc/arm-none-eabi/7.3.1/../../../../arm-none-eabi/lib/thumb/v7-m\libc_nano.a(lib_a-strcmp.o)
                0x0000000008000228                strcmp
 .text          0x000000000800023c       0x10 c:/st/stm32cubeide_1.3.0/stm32cubeide/plugins/com.st.stm32cube.ide.mcu.externaltools.gnu-tools-for-stm32.7-2018-q2-update.win32_1.4.0.202007081208/tools/bin/../lib/gcc/arm-none-eabi/7.3.1/../../../../arm-none-eabi/lib/thumb/v7-m\libc_nano.a(lib_a-strlen.o)
                0x000000000800023c                strlen
 .text          0x000000000800024c      0x378 c:/st/stm32cubeide_1.3.0/stm32cubeide/plugins/com.st.stm32cube.ide.mcu.externaltools.gnu-tools-for-stm32.7-2018-q2-update.win32_1.4.0.202007081208/tools/bin/../lib/gcc/arm-none-eabi/7.3.1/thumb/v7-m\libgcc.a(_arm_addsubdf3.o)
                0x000000000800024c                __aeabi_drsub
                0x0000000008000254                __aeabi_dsub
                0x0000000008000254                __subdf3
                0x0000000008000258                __aeabi_dadd
                0x0000000008000258                __adddf3
                0x00000000080004d0                __floatunsidf
                0x00000000080004d0                __aeabi_ui2d
                0x00000000080004f0                __floatsidf
                0x00000000080004f0                __aeabi_i2d
                0x0000000008000514                __aeabi_f2d
                0x0000000008000514                __extendsfdf2
                0x0000000008000558                __floatundidf
                0x0000000008000558                __aeabi_ul2d
                0x0000000008000568                __floatdidf
                0x0000000008000568                __aeabi_l2d
 .text          0x00000000080005c4      0x424 c:/st/stm32cubeide_1.3.0/stm32cubeide/plugins/com.st.stm32cube.ide.mcu.externaltools.gnu-tools-for-stm32.7-2018-q2-update.win32_1.4.0.202007081208/tools/bin/../lib/gcc/arm-none-eabi/7.3.1/thumb/v7-m\libgcc.a(_arm_muldivdf3.o)
                0x00000000080005c4                __aeabi_dmul
                0x00000000080005c4                __muldf3
                0x0000000008000818                __divdf3
                0x0000000008000818                __aeabi_ddiv
 .text          0x00000000080009e8       0x40 c:/st/stm32cubeide_1.3.0/stm32cubeide/plugins/com.st.stm32cube.ide.mcu.externaltools.gnu-tools-for-stm32.7-2018-q2-update.win32_1.4.0.202007081208/tools/bin/../lib/gcc/arm-none-eabi/7.3.1/thumb/v7-m\libgcc.a(_arm_fixunsdfsi.o)
                0x00000000080009e8                __aeabi_d2uiz
                0x00000000080009e8                __fixunsdfsi
 *(.text*)
 .text.LCD_WR_REG
                0x0000000008000a28       0x48 Core/Src/lcd.o
                0x0000000008000a28                LCD_WR_REG
 .text.LCD_WR_DATAX
                0x0000000008000a70       0x48 Core/Src/lcd.o
                0x0000000008000a70                LCD_WR_DATAX
 .text.LCD_RD_DATA
                0x0000000008000ab8       0x88 Core/Src/lcd.o
                0x0000000008000ab8                LCD_RD_DATA
 .text.LCD_WriteReg
                0x0000000008000b40       0x54 Core/Src/lcd.o
                0x0000000008000b40                LCD_WriteReg
 .text.LCD_ReadReg
                0x0000000008000b94       0x20 Core/Src/lcd.o
                0x0000000008000b94                LCD_ReadReg
 .text.LCD_WriteRAM_Prepare
                0x0000000008000bb4       0x18 Core/Src/lcd.o
                0x0000000008000bb4                LCD_WriteRAM_Prepare
 .text.LCD_SetCursor
                0x0000000008000bcc      0x598 Core/Src/lcd.o
                0x0000000008000bcc                LCD_SetCursor
 .text.LCD_Scan_Dir
                0x0000000008001164      0x624 Core/Src/lcd.o
                0x0000000008001164                LCD_Scan_Dir
 .text.LCD_DrawPoint
                0x0000000008001788       0x60 Core/Src/lcd.o
                0x0000000008001788                LCD_DrawPoint
 .text.LCD_Fast_DrawPoint
                0x00000000080017e8      0x52c Core/Src/lcd.o
                0x00000000080017e8                LCD_Fast_DrawPoint
 *fill*         0x0000000008001d14        0x4 
 .text.LCD_SSD_BackLightSet
                0x0000000008001d18      0x148 Core/Src/lcd.o
                0x0000000008001d18                LCD_SSD_BackLightSet
 .text.LCD_Display_Dir
                0x0000000008001e60      0x218 Core/Src/lcd.o
                0x0000000008001e60                LCD_Display_Dir
 .text.LCD_Init
                0x0000000008002078     0x3e5c Core/Src/lcd.o
                0x0000000008002078                LCD_Init
 .text.LCD_Clear
                0x0000000008005ed4       0xc4 Core/Src/lcd.o
                0x0000000008005ed4                LCD_Clear
 .text.LCD_DrawLine
                0x0000000008005f98      0x106 Core/Src/lcd.o
                0x0000000008005f98                LCD_DrawLine
 .text.LCD_DrawRectangle
                0x000000000800609e       0x56 Core/Src/lcd.o
                0x000000000800609e                LCD_DrawRectangle
 .text.LCD_Draw_Circle
                0x00000000080060f4      0x138 Core/Src/lcd.o
                0x00000000080060f4                LCD_Draw_Circle
 .text.LCD_ShowChar
                0x000000000800622c      0x15c Core/Src/lcd.o
                0x000000000800622c                LCD_ShowChar
 .text.LCD_ShowString
                0x0000000008006388       0x9c Core/Src/lcd.o
                0x0000000008006388                LCD_ShowString
 .text.reset    0x0000000008006424      0x194 Core/Src/main.o
                0x0000000008006424                reset
 .text.StateChange
                0x00000000080065b8       0x1a Core/Src/main.o
                0x00000000080065b8                StateChange
 .text.printOut
                0x00000000080065d2       0x2e Core/Src/main.o
                0x00000000080065d2                printOut
 .text.rightDialog
                0x0000000008006600      0x274 Core/Src/main.o
                0x0000000008006600                rightDialog
 *fill*         0x0000000008006874        0x4 
 .text.leftDialog
                0x0000000008006878      0x274 Core/Src/main.o
                0x0000000008006878                leftDialog
 .text.changeState
                0x0000000008006aec       0xd0 Core/Src/main.o
                0x0000000008006aec                changeState
 .text.updateuD
                0x0000000008006bbc       0x50 Core/Src/main.o
                0x0000000008006bbc                updateuD
 .text.addNewLine
                0x0000000008006c0c      0x290 Core/Src/main.o
                0x0000000008006c0c                addNewLine
 .text.showMessage
                0x0000000008006e9c      0x63c Core/Src/main.o
                0x0000000008006e9c                showMessage
 .text.main     0x00000000080074d8       0x78 Core/Src/main.o
                0x00000000080074d8                main
 .text.SystemClock_Config
                0x0000000008007550       0x8a Core/Src/main.o
                0x0000000008007550                SystemClock_Config
 *fill*         0x00000000080075da        0x2 
 .text.MX_TIM3_Init
                0x00000000080075dc       0x9c Core/Src/main.o
 .text.MX_USART1_UART_Init
                0x0000000008007678       0x54 Core/Src/main.o
 .text.MX_USART2_UART_Init
                0x00000000080076cc       0x54 Core/Src/main.o
 .text.MX_DMA_Init
                0x0000000008007720       0x4c Core/Src/main.o
 .text.MX_GPIO_Init
                0x000000000800776c      0x11c Core/Src/main.o
 .text.Error_Handler
                0x0000000008007888        0xc Core/Src/main.o
                0x0000000008007888                Error_Handler
 .text.HAL_MspInit
                0x0000000008007894       0x64 Core/Src/stm32f1xx_hal_msp.o
                0x0000000008007894                HAL_MspInit
 .text.HAL_TIM_Base_MspInit
                0x00000000080078f8       0x4c Core/Src/stm32f1xx_hal_msp.o
                0x00000000080078f8                HAL_TIM_Base_MspInit
 .text.HAL_UART_MspInit
                0x0000000008007944      0x1d0 Core/Src/stm32f1xx_hal_msp.o
                0x0000000008007944                HAL_UART_MspInit
 .text.NMI_Handler
                0x0000000008007b14        0xc Core/Src/stm32f1xx_it.o
                0x0000000008007b14                NMI_Handler
 .text.HardFault_Handler
                0x0000000008007b20        0x6 Core/Src/stm32f1xx_it.o
                0x0000000008007b20                HardFault_Handler
 .text.MemManage_Handler
                0x0000000008007b26        0x6 Core/Src/stm32f1xx_it.o
                0x0000000008007b26                MemManage_Handler
 .text.BusFault_Handler
                0x0000000008007b2c        0x6 Core/Src/stm32f1xx_it.o
                0x0000000008007b2c                BusFault_Handler
 .text.UsageFault_Handler
                0x0000000008007b32        0x6 Core/Src/stm32f1xx_it.o
                0x0000000008007b32                UsageFault_Handler
 .text.SVC_Handler
                0x0000000008007b38        0xc Core/Src/stm32f1xx_it.o
                0x0000000008007b38                SVC_Handler
 .text.DebugMon_Handler
                0x0000000008007b44        0xc Core/Src/stm32f1xx_it.o
                0x0000000008007b44                DebugMon_Handler
 .text.PendSV_Handler
                0x0000000008007b50        0xc Core/Src/stm32f1xx_it.o
                0x0000000008007b50                PendSV_Handler
 .text.SysTick_Handler
                0x0000000008007b5c        0xc Core/Src/stm32f1xx_it.o
                0x0000000008007b5c                SysTick_Handler
 .text.DMA1_Channel5_IRQHandler
                0x0000000008007b68       0x14 Core/Src/stm32f1xx_it.o
                0x0000000008007b68                DMA1_Channel5_IRQHandler
 .text.DMA1_Channel6_IRQHandler
                0x0000000008007b7c       0x14 Core/Src/stm32f1xx_it.o
                0x0000000008007b7c                DMA1_Channel6_IRQHandler
 .text.EXTI9_5_IRQHandler
                0x0000000008007b90        0xe Core/Src/stm32f1xx_it.o
                0x0000000008007b90                EXTI9_5_IRQHandler
 *fill*         0x0000000008007b9e        0x2 
 .text.TIM3_IRQHandler
                0x0000000008007ba0       0x14 Core/Src/stm32f1xx_it.o
                0x0000000008007ba0                TIM3_IRQHandler
 .text.USART1_IRQHandler
                0x0000000008007bb4       0x28 Core/Src/stm32f1xx_it.o
                0x0000000008007bb4                USART1_IRQHandler
 .text.USART2_IRQHandler
                0x0000000008007bdc       0x28 Core/Src/stm32f1xx_it.o
                0x0000000008007bdc                USART2_IRQHandler
 .text.EXTI15_10_IRQHandler
                0x0000000008007c04       0x10 Core/Src/stm32f1xx_it.o
                0x0000000008007c04                EXTI15_10_IRQHandler
 .text.HAL_GPIO_EXTI_Callback
                0x0000000008007c14      0x19c Core/Src/stm32f1xx_it.o
                0x0000000008007c14                HAL_GPIO_EXTI_Callback
 .text.HAL_TIM_PeriodElapsedCallback
                0x0000000008007db0      0x12c Core/Src/stm32f1xx_it.o
                0x0000000008007db0                HAL_TIM_PeriodElapsedCallback
 .text.HAL_UART_RxCpltCallback
                0x0000000008007edc      0x654 Core/Src/stm32f1xx_it.o
                0x0000000008007edc                HAL_UART_RxCpltCallback
 .text.send_cmd
                0x0000000008008530       0x34 Core/Src/stm32f1xx_it.o
                0x0000000008008530                send_cmd
 .text.send_message
                0x0000000008008564       0x74 Core/Src/stm32f1xx_it.o
                0x0000000008008564                send_message
 .text.send_msg_uart1
                0x00000000080085d8       0x34 Core/Src/stm32f1xx_it.o
                0x00000000080085d8                send_msg_uart1
 .text.init_var
                0x000000000800860c       0x64 Core/Src/stm32f1xx_it.o
                0x000000000800860c                init_var
 .text.init_server
                0x0000000008008670       0x74 Core/Src/stm32f1xx_it.o
                0x0000000008008670                init_server
 .text._sbrk    0x00000000080086e4       0x6c Core/Src/sysmem.o
                0x00000000080086e4                _sbrk
 .text.SystemInit
                0x0000000008008750        0xc Core/Src/system_stm32f1xx.o
                0x0000000008008750                SystemInit
 .text.Reset_Handler
                0x000000000800875c       0x48 Core/Startup/startup_stm32f103rctx.o
                0x000000000800875c                Reset_Handler
 .text.Default_Handler
                0x00000000080087a4        0x2 Core/Startup/startup_stm32f103rctx.o
                0x00000000080087a4                RTC_Alarm_IRQHandler
                0x00000000080087a4                EXTI2_IRQHandler
                0x00000000080087a4                TIM8_TRG_COM_IRQHandler
                0x00000000080087a4                TIM8_CC_IRQHandler
                0x00000000080087a4                TIM1_CC_IRQHandler
                0x00000000080087a4                TIM6_IRQHandler
                0x00000000080087a4                PVD_IRQHandler
                0x00000000080087a4                SDIO_IRQHandler
                0x00000000080087a4                EXTI3_IRQHandler
                0x00000000080087a4                EXTI0_IRQHandler
                0x00000000080087a4                I2C2_EV_IRQHandler
                0x00000000080087a4                ADC1_2_IRQHandler
                0x00000000080087a4                SPI1_IRQHandler
                0x00000000080087a4                TAMPER_IRQHandler
                0x00000000080087a4                TIM8_UP_IRQHandler
                0x00000000080087a4                DMA2_Channel2_IRQHandler
                0x00000000080087a4                DMA1_Channel4_IRQHandler
                0x00000000080087a4                USART3_IRQHandler
                0x00000000080087a4                RTC_IRQHandler
                0x00000000080087a4                DMA1_Channel7_IRQHandler
                0x00000000080087a4                CAN1_RX1_IRQHandler
                0x00000000080087a4                UART5_IRQHandler
                0x00000000080087a4                ADC3_IRQHandler
                0x00000000080087a4                TIM4_IRQHandler
                0x00000000080087a4                DMA2_Channel1_IRQHandler
                0x00000000080087a4                I2C1_EV_IRQHandler
                0x00000000080087a4                UART4_IRQHandler
                0x00000000080087a4                RCC_IRQHandler
                0x00000000080087a4                TIM1_TRG_COM_IRQHandler
                0x00000000080087a4                DMA1_Channel1_IRQHandler
                0x00000000080087a4                Default_Handler
                0x00000000080087a4                TIM7_IRQHandler
                0x00000000080087a4                TIM5_IRQHandler
                0x00000000080087a4                SPI2_IRQHandler
                0x00000000080087a4                EXTI4_IRQHandler
                0x00000000080087a4                USB_LP_CAN1_RX0_IRQHandler
                0x00000000080087a4                USB_HP_CAN1_TX_IRQHandler
                0x00000000080087a4                DMA1_Channel3_IRQHandler
                0x00000000080087a4                FSMC_IRQHandler
                0x00000000080087a4                TIM1_UP_IRQHandler
                0x00000000080087a4                WWDG_IRQHandler
                0x00000000080087a4                TIM2_IRQHandler
                0x00000000080087a4                TIM1_BRK_IRQHandler
                0x00000000080087a4                EXTI1_IRQHandler
                0x00000000080087a4                DMA2_Channel4_5_IRQHandler
                0x00000000080087a4                I2C2_ER_IRQHandler
                0x00000000080087a4                DMA1_Channel2_IRQHandler
                0x00000000080087a4                TIM8_BRK_IRQHandler
                0x00000000080087a4                CAN1_SCE_IRQHandler
                0x00000000080087a4                FLASH_IRQHandler
                0x00000000080087a4                SPI3_IRQHandler
                0x00000000080087a4                I2C1_ER_IRQHandler
                0x00000000080087a4                USBWakeUp_IRQHandler
                0x00000000080087a4                DMA2_Channel3_IRQHandler
 *fill*         0x00000000080087a6        0x2 
 .text.HAL_Init
                0x00000000080087a8       0x2c Drivers/STM32F1xx_HAL_Driver/Src/stm32f1xx_hal.o
                0x00000000080087a8                HAL_Init
 .text.HAL_InitTick
                0x00000000080087d4       0x60 Drivers/STM32F1xx_HAL_Driver/Src/stm32f1xx_hal.o
                0x00000000080087d4                HAL_InitTick
 .text.HAL_IncTick
                0x0000000008008834       0x24 Drivers/STM32F1xx_HAL_Driver/Src/stm32f1xx_hal.o
                0x0000000008008834                HAL_IncTick
 .text.HAL_GetTick
                0x0000000008008858       0x14 Drivers/STM32F1xx_HAL_Driver/Src/stm32f1xx_hal.o
                0x0000000008008858                HAL_GetTick
 .text.HAL_Delay
                0x000000000800886c       0x44 Drivers/STM32F1xx_HAL_Driver/Src/stm32f1xx_hal.o
                0x000000000800886c                HAL_Delay
 .text.__NVIC_SetPriorityGrouping
                0x00000000080088b0       0x48 Drivers/STM32F1xx_HAL_Driver/Src/stm32f1xx_hal_cortex.o
 .text.__NVIC_GetPriorityGrouping
                0x00000000080088f8       0x1c Drivers/STM32F1xx_HAL_Driver/Src/stm32f1xx_hal_cortex.o
 .text.__NVIC_EnableIRQ
                0x0000000008008914       0x38 Drivers/STM32F1xx_HAL_Driver/Src/stm32f1xx_hal_cortex.o
 .text.__NVIC_SetPriority
                0x000000000800894c       0x54 Drivers/STM32F1xx_HAL_Driver/Src/stm32f1xx_hal_cortex.o
 .text.NVIC_EncodePriority
                0x00000000080089a0       0x64 Drivers/STM32F1xx_HAL_Driver/Src/stm32f1xx_hal_cortex.o
 .text.SysTick_Config
                0x0000000008008a04       0x44 Drivers/STM32F1xx_HAL_Driver/Src/stm32f1xx_hal_cortex.o
 .text.HAL_NVIC_SetPriorityGrouping
                0x0000000008008a48       0x16 Drivers/STM32F1xx_HAL_Driver/Src/stm32f1xx_hal_cortex.o
                0x0000000008008a48                HAL_NVIC_SetPriorityGrouping
 .text.HAL_NVIC_SetPriority
                0x0000000008008a5e       0x38 Drivers/STM32F1xx_HAL_Driver/Src/stm32f1xx_hal_cortex.o
                0x0000000008008a5e                HAL_NVIC_SetPriority
 .text.HAL_NVIC_EnableIRQ
                0x0000000008008a96       0x1c Drivers/STM32F1xx_HAL_Driver/Src/stm32f1xx_hal_cortex.o
                0x0000000008008a96                HAL_NVIC_EnableIRQ
 .text.HAL_SYSTICK_Config
                0x0000000008008ab2       0x18 Drivers/STM32F1xx_HAL_Driver/Src/stm32f1xx_hal_cortex.o
                0x0000000008008ab2                HAL_SYSTICK_Config
 *fill*         0x0000000008008aca        0x2 
 .text.HAL_DMA_Init
                0x0000000008008acc       0xec Drivers/STM32F1xx_HAL_Driver/Src/stm32f1xx_hal_dma.o
                0x0000000008008acc                HAL_DMA_Init
 .text.HAL_DMA_Start_IT
                0x0000000008008bb8       0xbe Drivers/STM32F1xx_HAL_Driver/Src/stm32f1xx_hal_dma.o
                0x0000000008008bb8                HAL_DMA_Start_IT
 .text.HAL_DMA_Abort
                0x0000000008008c76       0x74 Drivers/STM32F1xx_HAL_Driver/Src/stm32f1xx_hal_dma.o
                0x0000000008008c76                HAL_DMA_Abort
 *fill*         0x0000000008008cea        0x2 
 .text.HAL_DMA_Abort_IT
                0x0000000008008cec      0x210 Drivers/STM32F1xx_HAL_Driver/Src/stm32f1xx_hal_dma.o
                0x0000000008008cec                HAL_DMA_Abort_IT
 .text.HAL_DMA_IRQHandler
                0x0000000008008efc      0x478 Drivers/STM32F1xx_HAL_Driver/Src/stm32f1xx_hal_dma.o
                0x0000000008008efc                HAL_DMA_IRQHandler
 .text.DMA_SetConfig
                0x0000000008009374       0x5a Drivers/STM32F1xx_HAL_Driver/Src/stm32f1xx_hal_dma.o
 *fill*         0x00000000080093ce        0x2 
 .text.HAL_GPIO_Init
                0x00000000080093d0      0x2d4 Drivers/STM32F1xx_HAL_Driver/Src/stm32f1xx_hal_gpio.o
                0x00000000080093d0                HAL_GPIO_Init
 .text.HAL_GPIO_ReadPin
                0x00000000080096a4       0x2e Drivers/STM32F1xx_HAL_Driver/Src/stm32f1xx_hal_gpio.o
                0x00000000080096a4                HAL_GPIO_ReadPin
 .text.HAL_GPIO_WritePin
                0x00000000080096d2       0x30 Drivers/STM32F1xx_HAL_Driver/Src/stm32f1xx_hal_gpio.o
                0x00000000080096d2                HAL_GPIO_WritePin
 .text.HAL_GPIO_TogglePin
                0x0000000008009702       0x32 Drivers/STM32F1xx_HAL_Driver/Src/stm32f1xx_hal_gpio.o
                0x0000000008009702                HAL_GPIO_TogglePin
 .text.HAL_GPIO_EXTI_IRQHandler
                0x0000000008009734       0x30 Drivers/STM32F1xx_HAL_Driver/Src/stm32f1xx_hal_gpio.o
                0x0000000008009734                HAL_GPIO_EXTI_IRQHandler
 .text.HAL_RCC_OscConfig
                0x0000000008009764      0x500 Drivers/STM32F1xx_HAL_Driver/Src/stm32f1xx_hal_rcc.o
                0x0000000008009764                HAL_RCC_OscConfig
 .text.HAL_RCC_ClockConfig
                0x0000000008009c64      0x1d4 Drivers/STM32F1xx_HAL_Driver/Src/stm32f1xx_hal_rcc.o
                0x0000000008009c64                HAL_RCC_ClockConfig
 .text.HAL_RCC_GetSysClockFreq
                0x0000000008009e38       0xc4 Drivers/STM32F1xx_HAL_Driver/Src/stm32f1xx_hal_rcc.o
                0x0000000008009e38                HAL_RCC_GetSysClockFreq
 .text.HAL_RCC_GetHCLKFreq
                0x0000000008009efc       0x14 Drivers/STM32F1xx_HAL_Driver/Src/stm32f1xx_hal_rcc.o
                0x0000000008009efc                HAL_RCC_GetHCLKFreq
 .text.HAL_RCC_GetPCLK1Freq
                0x0000000008009f10       0x28 Drivers/STM32F1xx_HAL_Driver/Src/stm32f1xx_hal_rcc.o
                0x0000000008009f10                HAL_RCC_GetPCLK1Freq
 .text.HAL_RCC_GetPCLK2Freq
                0x0000000008009f38       0x28 Drivers/STM32F1xx_HAL_Driver/Src/stm32f1xx_hal_rcc.o
                0x0000000008009f38                HAL_RCC_GetPCLK2Freq
 .text.RCC_Delay
                0x0000000008009f60       0x3c Drivers/STM32F1xx_HAL_Driver/Src/stm32f1xx_hal_rcc.o
 .text.HAL_TIM_Base_Init
                0x0000000008009f9c       0x9e Drivers/STM32F1xx_HAL_Driver/Src/stm32f1xx_hal_tim.o
                0x0000000008009f9c                HAL_TIM_Base_Init
 *fill*         0x000000000800a03a        0x2 
 .text.HAL_TIM_Base_Start_IT
                0x000000000800a03c       0xc0 Drivers/STM32F1xx_HAL_Driver/Src/stm32f1xx_hal_tim.o
                0x000000000800a03c                HAL_TIM_Base_Start_IT
 .text.HAL_TIM_IRQHandler
                0x000000000800a0fc      0x210 Drivers/STM32F1xx_HAL_Driver/Src/stm32f1xx_hal_tim.o
                0x000000000800a0fc                HAL_TIM_IRQHandler
 .text.HAL_TIM_ConfigClockSource
                0x000000000800a30c      0x16e Drivers/STM32F1xx_HAL_Driver/Src/stm32f1xx_hal_tim.o
                0x000000000800a30c                HAL_TIM_ConfigClockSource
 .text.HAL_TIM_OC_DelayElapsedCallback
                0x000000000800a47a       0x12 Drivers/STM32F1xx_HAL_Driver/Src/stm32f1xx_hal_tim.o
                0x000000000800a47a                HAL_TIM_OC_DelayElapsedCallback
 .text.HAL_TIM_IC_CaptureCallback
                0x000000000800a48c       0x12 Drivers/STM32F1xx_HAL_Driver/Src/stm32f1xx_hal_tim.o
                0x000000000800a48c                HAL_TIM_IC_CaptureCallback
 .text.HAL_TIM_PWM_PulseFinishedCallback
                0x000000000800a49e       0x12 Drivers/STM32F1xx_HAL_Driver/Src/stm32f1xx_hal_tim.o
                0x000000000800a49e                HAL_TIM_PWM_PulseFinishedCallback
 .text.HAL_TIM_TriggerCallback
                0x000000000800a4b0       0x12 Drivers/STM32F1xx_HAL_Driver/Src/stm32f1xx_hal_tim.o
                0x000000000800a4b0                HAL_TIM_TriggerCallback
 *fill*         0x000000000800a4c2        0x2 
 .text.TIM_Base_SetConfig
                0x000000000800a4c4       0xf4 Drivers/STM32F1xx_HAL_Driver/Src/stm32f1xx_hal_tim.o
                0x000000000800a4c4                TIM_Base_SetConfig
 .text.TIM_TI1_ConfigInputStage
                0x000000000800a5b8       0x5c Drivers/STM32F1xx_HAL_Driver/Src/stm32f1xx_hal_tim.o
 .text.TIM_TI2_ConfigInputStage
                0x000000000800a614       0x5e Drivers/STM32F1xx_HAL_Driver/Src/stm32f1xx_hal_tim.o
 .text.TIM_ITRx_SetConfig
                0x000000000800a672       0x34 Drivers/STM32F1xx_HAL_Driver/Src/stm32f1xx_hal_tim.o
 .text.TIM_ETR_SetConfig
                0x000000000800a6a6       0x3e Drivers/STM32F1xx_HAL_Driver/Src/stm32f1xx_hal_tim.o
                0x000000000800a6a6                TIM_ETR_SetConfig
 .text.HAL_TIMEx_MasterConfigSynchronization
                0x000000000800a6e4       0xd8 Drivers/STM32F1xx_HAL_Driver/Src/stm32f1xx_hal_tim_ex.o
                0x000000000800a6e4                HAL_TIMEx_MasterConfigSynchronization
 .text.HAL_TIMEx_CommutCallback
                0x000000000800a7bc       0x12 Drivers/STM32F1xx_HAL_Driver/Src/stm32f1xx_hal_tim_ex.o
                0x000000000800a7bc                HAL_TIMEx_CommutCallback
 .text.HAL_TIMEx_BreakCallback
                0x000000000800a7ce       0x12 Drivers/STM32F1xx_HAL_Driver/Src/stm32f1xx_hal_tim_ex.o
                0x000000000800a7ce                HAL_TIMEx_BreakCallback
 .text.HAL_UART_Init
                0x000000000800a7e0       0x9a Drivers/STM32F1xx_HAL_Driver/Src/stm32f1xx_hal_uart.o
                0x000000000800a7e0                HAL_UART_Init
 .text.HAL_UART_Transmit
                0x000000000800a87a      0x124 Drivers/STM32F1xx_HAL_Driver/Src/stm32f1xx_hal_uart.o
                0x000000000800a87a                HAL_UART_Transmit
 *fill*         0x000000000800a99e        0x2 
 .text.HAL_UART_Receive_DMA
                0x000000000800a9a0      0x100 Drivers/STM32F1xx_HAL_Driver/Src/stm32f1xx_hal_uart.o
                0x000000000800a9a0                HAL_UART_Receive_DMA
 .text.HAL_UART_DMAStop
                0x000000000800aaa0       0xb6 Drivers/STM32F1xx_HAL_Driver/Src/stm32f1xx_hal_uart.o
                0x000000000800aaa0                HAL_UART_DMAStop
 *fill*         0x000000000800ab56        0x2 
 .text.HAL_UART_IRQHandler
                0x000000000800ab58      0x200 Drivers/STM32F1xx_HAL_Driver/Src/stm32f1xx_hal_uart.o
                0x000000000800ab58                HAL_UART_IRQHandler
 .text.HAL_UART_TxCpltCallback
                0x000000000800ad58       0x12 Drivers/STM32F1xx_HAL_Driver/Src/stm32f1xx_hal_uart.o
                0x000000000800ad58                HAL_UART_TxCpltCallback
 .text.HAL_UART_RxHalfCpltCallback
                0x000000000800ad6a       0x12 Drivers/STM32F1xx_HAL_Driver/Src/stm32f1xx_hal_uart.o
                0x000000000800ad6a                HAL_UART_RxHalfCpltCallback
 .text.HAL_UART_ErrorCallback
                0x000000000800ad7c       0x12 Drivers/STM32F1xx_HAL_Driver/Src/stm32f1xx_hal_uart.o
                0x000000000800ad7c                HAL_UART_ErrorCallback
 .text.UART_DMAReceiveCplt
                0x000000000800ad8e       0x68 Drivers/STM32F1xx_HAL_Driver/Src/stm32f1xx_hal_uart.o
 .text.UART_DMARxHalfCplt
                0x000000000800adf6       0x1c Drivers/STM32F1xx_HAL_Driver/Src/stm32f1xx_hal_uart.o
 .text.UART_DMAError
                0x000000000800ae12       0x94 Drivers/STM32F1xx_HAL_Driver/Src/stm32f1xx_hal_uart.o
 .text.UART_WaitOnFlagUntilTimeout
                0x000000000800aea6       0x94 Drivers/STM32F1xx_HAL_Driver/Src/stm32f1xx_hal_uart.o
 .text.UART_EndTxTransfer
                0x000000000800af3a       0x2a Drivers/STM32F1xx_HAL_Driver/Src/stm32f1xx_hal_uart.o
 .text.UART_EndRxTransfer
                0x000000000800af64       0x3a Drivers/STM32F1xx_HAL_Driver/Src/stm32f1xx_hal_uart.o
 .text.UART_DMAAbortOnError
                0x000000000800af9e       0x28 Drivers/STM32F1xx_HAL_Driver/Src/stm32f1xx_hal_uart.o
 .text.UART_Transmit_IT
                0x000000000800afc6       0x9e Drivers/STM32F1xx_HAL_Driver/Src/stm32f1xx_hal_uart.o
 .text.UART_EndTransmit_IT
                0x000000000800b064       0x30 Drivers/STM32F1xx_HAL_Driver/Src/stm32f1xx_hal_uart.o
 .text.UART_Receive_IT
                0x000000000800b094      0x100 Drivers/STM32F1xx_HAL_Driver/Src/stm32f1xx_hal_uart.o
 .text.UART_SetConfig
                0x000000000800b194      0x11c Drivers/STM32F1xx_HAL_Driver/Src/stm32f1xx_hal_uart.o
 .text.__errno  0x000000000800b2b0        0xc c:/st/stm32cubeide_1.3.0/stm32cubeide/plugins/com.st.stm32cube.ide.mcu.externaltools.gnu-tools-for-stm32.7-2018-q2-update.win32_1.4.0.202007081208/tools/bin/../lib/gcc/arm-none-eabi/7.3.1/../../../../arm-none-eabi/lib/thumb/v7-m\libc_nano.a(lib_a-errno.o)
                0x000000000800b2b0                __errno
 .text.__libc_init_array
                0x000000000800b2bc       0x48 c:/st/stm32cubeide_1.3.0/stm32cubeide/plugins/com.st.stm32cube.ide.mcu.externaltools.gnu-tools-for-stm32.7-2018-q2-update.win32_1.4.0.202007081208/tools/bin/../lib/gcc/arm-none-eabi/7.3.1/../../../../arm-none-eabi/lib/thumb/v7-m\libc_nano.a(lib_a-init.o)
                0x000000000800b2bc                __libc_init_array
 .text.memset   0x000000000800b304       0x10 c:/st/stm32cubeide_1.3.0/stm32cubeide/plugins/com.st.stm32cube.ide.mcu.externaltools.gnu-tools-for-stm32.7-2018-q2-update.win32_1.4.0.202007081208/tools/bin/../lib/gcc/arm-none-eabi/7.3.1/../../../../arm-none-eabi/lib/thumb/v7-m\libc_nano.a(lib_a-memset.o)
                0x000000000800b304                memset
 .text.sprintf  0x000000000800b314       0x40 c:/st/stm32cubeide_1.3.0/stm32cubeide/plugins/com.st.stm32cube.ide.mcu.externaltools.gnu-tools-for-stm32.7-2018-q2-update.win32_1.4.0.202007081208/tools/bin/../lib/gcc/arm-none-eabi/7.3.1/../../../../arm-none-eabi/lib/thumb/v7-m\libc_nano.a(lib_a-sprintf.o)
                0x000000000800b314                siprintf
                0x000000000800b314                sprintf
 .text.strchr   0x000000000800b354       0x1a c:/st/stm32cubeide_1.3.0/stm32cubeide/plugins/com.st.stm32cube.ide.mcu.externaltools.gnu-tools-for-stm32.7-2018-q2-update.win32_1.4.0.202007081208/tools/bin/../lib/gcc/arm-none-eabi/7.3.1/../../../../arm-none-eabi/lib/thumb/v7-m\libc_nano.a(lib_a-strchr.o)
                0x000000000800b354                strchr
 .text.strncmp  0x000000000800b36e       0x24 c:/st/stm32cubeide_1.3.0/stm32cubeide/plugins/com.st.stm32cube.ide.mcu.externaltools.gnu-tools-for-stm32.7-2018-q2-update.win32_1.4.0.202007081208/tools/bin/../lib/gcc/arm-none-eabi/7.3.1/../../../../arm-none-eabi/lib/thumb/v7-m\libc_nano.a(lib_a-strncmp.o)
                0x000000000800b36e                strncmp
 .text.strstr   0x000000000800b392       0x34 c:/st/stm32cubeide_1.3.0/stm32cubeide/plugins/com.st.stm32cube.ide.mcu.externaltools.gnu-tools-for-stm32.7-2018-q2-update.win32_1.4.0.202007081208/tools/bin/../lib/gcc/arm-none-eabi/7.3.1/../../../../arm-none-eabi/lib/thumb/v7-m\libc_nano.a(lib_a-strstr.o)
                0x000000000800b392                strstr
 .text.__ssputs_r
                0x000000000800b3c6       0xb4 c:/st/stm32cubeide_1.3.0/stm32cubeide/plugins/com.st.stm32cube.ide.mcu.externaltools.gnu-tools-for-stm32.7-2018-q2-update.win32_1.4.0.202007081208/tools/bin/../lib/gcc/arm-none-eabi/7.3.1/../../../../arm-none-eabi/lib/thumb/v7-m\libc_nano.a(lib_a-nano-svfprintf.o)
                0x000000000800b3c6                __ssputs_r
 *fill*         0x000000000800b47a        0x2 
 .text._svfprintf_r
                0x000000000800b47c      0x1f0 c:/st/stm32cubeide_1.3.0/stm32cubeide/plugins/com.st.stm32cube.ide.mcu.externaltools.gnu-tools-for-stm32.7-2018-q2-update.win32_1.4.0.202007081208/tools/bin/../lib/gcc/arm-none-eabi/7.3.1/../../../../arm-none-eabi/lib/thumb/v7-m\libc_nano.a(lib_a-nano-svfprintf.o)
                0x000000000800b47c                _svfiprintf_r
                0x000000000800b47c                _svfprintf_r
 .text._printf_common
                0x000000000800b66c       0xec c:/st/stm32cubeide_1.3.0/stm32cubeide/plugins/com.st.stm32cube.ide.mcu.externaltools.gnu-tools-for-stm32.7-2018-q2-update.win32_1.4.0.202007081208/tools/bin/../lib/gcc/arm-none-eabi/7.3.1/../../../../arm-none-eabi/lib/thumb/v7-m\libc_nano.a(lib_a-nano-vfprintf_i.o)
                0x000000000800b66c                _printf_common
 .text._printf_i
                0x000000000800b758      0x224 c:/st/stm32cubeide_1.3.0/stm32cubeide/plugins/com.st.stm32cube.ide.mcu.externaltools.gnu-tools-for-stm32.7-2018-q2-update.win32_1.4.0.202007081208/tools/bin/../lib/gcc/arm-none-eabi/7.3.1/../../../../arm-none-eabi/lib/thumb/v7-m\libc_nano.a(lib_a-nano-vfprintf_i.o)
                0x000000000800b758                _printf_i
 .text.memchr   0x000000000800b97c       0x1c c:/st/stm32cubeide_1.3.0/stm32cubeide/plugins/com.st.stm32cube.ide.mcu.externaltools.gnu-tools-for-stm32.7-2018-q2-update.win32_1.4.0.202007081208/tools/bin/../lib/gcc/arm-none-eabi/7.3.1/../../../../arm-none-eabi/lib/thumb/v7-m\libc_nano.a(lib_a-memchr-stub.o)
                0x000000000800b97c                memchr
 .text.memcpy   0x000000000800b998       0x16 c:/st/stm32cubeide_1.3.0/stm32cubeide/plugins/com.st.stm32cube.ide.mcu.externaltools.gnu-tools-for-stm32.7-2018-q2-update.win32_1.4.0.202007081208/tools/bin/../lib/gcc/arm-none-eabi/7.3.1/../../../../arm-none-eabi/lib/thumb/v7-m\libc_nano.a(lib_a-memcpy-stub.o)
                0x000000000800b998                memcpy
 .text.memmove  0x000000000800b9ae       0x32 c:/st/stm32cubeide_1.3.0/stm32cubeide/plugins/com.st.stm32cube.ide.mcu.externaltools.gnu-tools-for-stm32.7-2018-q2-update.win32_1.4.0.202007081208/tools/bin/../lib/gcc/arm-none-eabi/7.3.1/../../../../arm-none-eabi/lib/thumb/v7-m\libc_nano.a(lib_a-memmove.o)
                0x000000000800b9ae                memmove
 .text._free_r  0x000000000800b9e0       0x98 c:/st/stm32cubeide_1.3.0/stm32cubeide/plugins/com.st.stm32cube.ide.mcu.externaltools.gnu-tools-for-stm32.7-2018-q2-update.win32_1.4.0.202007081208/tools/bin/../lib/gcc/arm-none-eabi/7.3.1/../../../../arm-none-eabi/lib/thumb/v7-m\libc_nano.a(lib_a-nano-freer.o)
                0x000000000800b9e0                _free_r
 .text._malloc_r
                0x000000000800ba78       0xb4 c:/st/stm32cubeide_1.3.0/stm32cubeide/plugins/com.st.stm32cube.ide.mcu.externaltools.gnu-tools-for-stm32.7-2018-q2-update.win32_1.4.0.202007081208/tools/bin/../lib/gcc/arm-none-eabi/7.3.1/../../../../arm-none-eabi/lib/thumb/v7-m\libc_nano.a(lib_a-nano-mallocr.o)
                0x000000000800ba78                _malloc_r
 .text._realloc_r
                0x000000000800bb2c       0x4c c:/st/stm32cubeide_1.3.0/stm32cubeide/plugins/com.st.stm32cube.ide.mcu.externaltools.gnu-tools-for-stm32.7-2018-q2-update.win32_1.4.0.202007081208/tools/bin/../lib/gcc/arm-none-eabi/7.3.1/../../../../arm-none-eabi/lib/thumb/v7-m\libc_nano.a(lib_a-nano-reallocr.o)
                0x000000000800bb2c                _realloc_r
 .text._sbrk_r  0x000000000800bb78       0x20 c:/st/stm32cubeide_1.3.0/stm32cubeide/plugins/com.st.stm32cube.ide.mcu.externaltools.gnu-tools-for-stm32.7-2018-q2-update.win32_1.4.0.202007081208/tools/bin/../lib/gcc/arm-none-eabi/7.3.1/../../../../arm-none-eabi/lib/thumb/v7-m\libc_nano.a(lib_a-sbrkr.o)
                0x000000000800bb78                _sbrk_r
 .text.__malloc_lock
                0x000000000800bb98        0x2 c:/st/stm32cubeide_1.3.0/stm32cubeide/plugins/com.st.stm32cube.ide.mcu.externaltools.gnu-tools-for-stm32.7-2018-q2-update.win32_1.4.0.202007081208/tools/bin/../lib/gcc/arm-none-eabi/7.3.1/../../../../arm-none-eabi/lib/thumb/v7-m\libc_nano.a(lib_a-mlock.o)
                0x000000000800bb98                __malloc_lock
 .text.__malloc_unlock
                0x000000000800bb9a        0x2 c:/st/stm32cubeide_1.3.0/stm32cubeide/plugins/com.st.stm32cube.ide.mcu.externaltools.gnu-tools-for-stm32.7-2018-q2-update.win32_1.4.0.202007081208/tools/bin/../lib/gcc/arm-none-eabi/7.3.1/../../../../arm-none-eabi/lib/thumb/v7-m\libc_nano.a(lib_a-mlock.o)
                0x000000000800bb9a                __malloc_unlock
 .text._malloc_usable_size_r
                0x000000000800bb9c       0x10 c:/st/stm32cubeide_1.3.0/stm32cubeide/plugins/com.st.stm32cube.ide.mcu.externaltools.gnu-tools-for-stm32.7-2018-q2-update.win32_1.4.0.202007081208/tools/bin/../lib/gcc/arm-none-eabi/7.3.1/../../../../arm-none-eabi/lib/thumb/v7-m\libc_nano.a(lib_a-nano-msizer.o)
                0x000000000800bb9c                _malloc_usable_size_r
 *(.glue_7)
 .glue_7        0x000000000800bbac        0x0 linker stubs
 *(.glue_7t)
 .glue_7t       0x000000000800bbac        0x0 linker stubs
 *(.eh_frame)
 .eh_frame      0x000000000800bbac        0x0 c:/st/stm32cubeide_1.3.0/stm32cubeide/plugins/com.st.stm32cube.ide.mcu.externaltools.gnu-tools-for-stm32.7-2018-q2-update.win32_1.4.0.202007081208/tools/bin/../lib/gcc/arm-none-eabi/7.3.1/thumb/v7-m/crtbegin.o
 *(.init)
 .init          0x000000000800bbac        0x4 c:/st/stm32cubeide_1.3.0/stm32cubeide/plugins/com.st.stm32cube.ide.mcu.externaltools.gnu-tools-for-stm32.7-2018-q2-update.win32_1.4.0.202007081208/tools/bin/../lib/gcc/arm-none-eabi/7.3.1/thumb/v7-m/crti.o
                0x000000000800bbac                _init
 .init          0x000000000800bbb0        0x8 c:/st/stm32cubeide_1.3.0/stm32cubeide/plugins/com.st.stm32cube.ide.mcu.externaltools.gnu-tools-for-stm32.7-2018-q2-update.win32_1.4.0.202007081208/tools/bin/../lib/gcc/arm-none-eabi/7.3.1/thumb/v7-m/crtn.o
 *(.fini)
 .fini          0x000000000800bbb8        0x4 c:/st/stm32cubeide_1.3.0/stm32cubeide/plugins/com.st.stm32cube.ide.mcu.externaltools.gnu-tools-for-stm32.7-2018-q2-update.win32_1.4.0.202007081208/tools/bin/../lib/gcc/arm-none-eabi/7.3.1/thumb/v7-m/crti.o
                0x000000000800bbb8                _fini
 .fini          0x000000000800bbbc        0x8 c:/st/stm32cubeide_1.3.0/stm32cubeide/plugins/com.st.stm32cube.ide.mcu.externaltools.gnu-tools-for-stm32.7-2018-q2-update.win32_1.4.0.202007081208/tools/bin/../lib/gcc/arm-none-eabi/7.3.1/thumb/v7-m/crtn.o
                0x000000000800bbc4                . = ALIGN (0x4)
                0x000000000800bbc4                _etext = .

.vfp11_veneer   0x000000000800bbc4        0x0
 .vfp11_veneer  0x000000000800bbc4        0x0 linker stubs

.v4_bx          0x000000000800bbc4        0x0
 .v4_bx         0x000000000800bbc4        0x0 linker stubs

.iplt           0x000000000800bbc4        0x0
 .iplt          0x000000000800bbc4        0x0 c:/st/stm32cubeide_1.3.0/stm32cubeide/plugins/com.st.stm32cube.ide.mcu.externaltools.gnu-tools-for-stm32.7-2018-q2-update.win32_1.4.0.202007081208/tools/bin/../lib/gcc/arm-none-eabi/7.3.1/thumb/v7-m/crtbegin.o

.rodata         0x000000000800bbc4     0x19bc
                0x000000000800bbc4                . = ALIGN (0x4)
 *(.rodata)
 .rodata        0x000000000800bbc4       0x13 Core/Src/main.o
 *fill*         0x000000000800bbd7        0x1 
 .rodata        0x000000000800bbd8      0x187 Core/Src/stm32f1xx_it.o
 *fill*         0x000000000800bd5f        0x1 
 .rodata        0x000000000800bd60       0x12 Drivers/STM32F1xx_HAL_Driver/Src/stm32f1xx_hal_rcc.o
 *(.rodata*)
 *fill*         0x000000000800bd72        0x2 
 .rodata.asc2_1206
                0x000000000800bd74      0x474 Core/Src/lcd.o
                0x000000000800bd74                asc2_1206
 .rodata.asc2_1608
                0x000000000800c1e8      0x5f0 Core/Src/lcd.o
                0x000000000800c1e8                asc2_1608
 .rodata.asc2_2412
                0x000000000800c7d8      0xd5c Core/Src/lcd.o
                0x000000000800c7d8                asc2_2412
 .rodata.AHBPrescTable
                0x000000000800d534       0x10 Core/Src/system_stm32f1xx.o
                0x000000000800d534                AHBPrescTable
 .rodata.APBPrescTable
                0x000000000800d544        0x8 Core/Src/system_stm32f1xx.o
                0x000000000800d544                APBPrescTable
 .rodata._svfprintf_r.str1.1
                0x000000000800d54c       0x11 c:/st/stm32cubeide_1.3.0/stm32cubeide/plugins/com.st.stm32cube.ide.mcu.externaltools.gnu-tools-for-stm32.7-2018-q2-update.win32_1.4.0.202007081208/tools/bin/../lib/gcc/arm-none-eabi/7.3.1/../../../../arm-none-eabi/lib/thumb/v7-m\libc_nano.a(lib_a-nano-svfprintf.o)
 .rodata._printf_i.str1.1
                0x000000000800d55d       0x22 c:/st/stm32cubeide_1.3.0/stm32cubeide/plugins/com.st.stm32cube.ide.mcu.externaltools.gnu-tools-for-stm32.7-2018-q2-update.win32_1.4.0.202007081208/tools/bin/../lib/gcc/arm-none-eabi/7.3.1/../../../../arm-none-eabi/lib/thumb/v7-m\libc_nano.a(lib_a-nano-vfprintf_i.o)
                0x000000000800d580                . = ALIGN (0x4)
 *fill*         0x000000000800d57f        0x1 

.rel.dyn        0x000000000800d580        0x0
 .rel.iplt      0x000000000800d580        0x0 c:/st/stm32cubeide_1.3.0/stm32cubeide/plugins/com.st.stm32cube.ide.mcu.externaltools.gnu-tools-for-stm32.7-2018-q2-update.win32_1.4.0.202007081208/tools/bin/../lib/gcc/arm-none-eabi/7.3.1/thumb/v7-m/crtbegin.o

.ARM.extab      0x000000000800d580        0x0
                0x000000000800d580                . = ALIGN (0x4)
 *(.ARM.extab* .gnu.linkonce.armextab.*)
                0x000000000800d580                . = ALIGN (0x4)

.ARM            0x000000000800d580        0x0
                0x000000000800d580                . = ALIGN (0x4)
                0x000000000800d580                __exidx_start = .
 *(.ARM.exidx*)
                0x000000000800d580                __exidx_end = .
                0x000000000800d580                . = ALIGN (0x4)

.preinit_array  0x000000000800d580        0x0
                0x000000000800d580                . = ALIGN (0x4)
                0x000000000800d580                PROVIDE (__preinit_array_start = .)
 *(.preinit_array*)
                0x000000000800d580                PROVIDE (__preinit_array_end = .)
                0x000000000800d580                . = ALIGN (0x4)

.init_array     0x000000000800d580        0x4
                0x000000000800d580                . = ALIGN (0x4)
                0x000000000800d580                PROVIDE (__init_array_start = .)
 *(SORT_BY_NAME(.init_array.*))
 *(.init_array*)
 .init_array    0x000000000800d580        0x4 c:/st/stm32cubeide_1.3.0/stm32cubeide/plugins/com.st.stm32cube.ide.mcu.externaltools.gnu-tools-for-stm32.7-2018-q2-update.win32_1.4.0.202007081208/tools/bin/../lib/gcc/arm-none-eabi/7.3.1/thumb/v7-m/crtbegin.o
                0x000000000800d584                PROVIDE (__init_array_end = .)
                0x000000000800d584                . = ALIGN (0x4)

.fini_array     0x000000000800d584        0x4
                0x000000000800d584                . = ALIGN (0x4)
                [!provide]                        PROVIDE (__fini_array_start = .)
 *(SORT_BY_NAME(.fini_array.*))
 *(.fini_array*)
 .fini_array    0x000000000800d584        0x4 c:/st/stm32cubeide_1.3.0/stm32cubeide/plugins/com.st.stm32cube.ide.mcu.externaltools.gnu-tools-for-stm32.7-2018-q2-update.win32_1.4.0.202007081208/tools/bin/../lib/gcc/arm-none-eabi/7.3.1/thumb/v7-m/crtbegin.o
                [!provide]                        PROVIDE (__fini_array_end = .)
                0x000000000800d588                . = ALIGN (0x4)
                0x000000000800d588                _sidata = LOADADDR (.data)

.data           0x0000000020000000      0x1b4 load address 0x000000000800d588
                0x0000000020000000                . = ALIGN (0x4)
                0x0000000020000000                _sdata = .
 *(.data)
 *(.data*)
 .data.BACK_COLOR
                0x0000000020000000        0x2 Core/Src/lcd.o
                0x0000000020000000                BACK_COLOR
 *fill*         0x0000000020000002        0x2 
 .data.LENGTH   0x0000000020000004        0x4 Core/Src/main.o
                0x0000000020000004                LENGTH
 .data.esp8266_mode
                0x0000000020000008        0x4 Core/Src/stm32f1xx_it.o
                0x0000000020000008                esp8266_mode
 .data.link_number
                0x000000002000000c        0x4 Core/Src/stm32f1xx_it.o
                0x000000002000000c                link_number
 .data.conn_fail_msg
                0x0000000020000010       0x19 Core/Src/stm32f1xx_it.o
                0x0000000020000010                conn_fail_msg
 *fill*         0x0000000020000029        0x3 
 .data.look_up_cmd
                0x000000002000002c        0x4 Core/Src/stm32f1xx_it.o
                0x000000002000002c                look_up_cmd
 .data.set_ap   0x0000000020000030       0x24 Core/Src/stm32f1xx_it.o
                0x0000000020000030                set_ap
 .data.set_server
                0x0000000020000054       0x16 Core/Src/stm32f1xx_it.o
                0x0000000020000054                set_server
 *fill*         0x000000002000006a        0x2 
 .data.start_tcp
                0x000000002000006c       0x29 Core/Src/stm32f1xx_it.o
                0x000000002000006c                start_tcp
 *fill*         0x0000000020000095        0x3 
 .data.sta_cmd  0x0000000020000098        0xe Core/Src/stm32f1xx_it.o
                0x0000000020000098                sta_cmd
 *fill*         0x00000000200000a6        0x2 
 .data.ap_sta_cmd
                0x00000000200000a8        0xe Core/Src/stm32f1xx_it.o
                0x00000000200000a8                ap_sta_cmd
 *fill*         0x00000000200000b6        0x2 
 .data.join_ap  0x00000000200000b8       0x1c Core/Src/stm32f1xx_it.o
                0x00000000200000b8                join_ap
 .data.quit_ap  0x00000000200000d4        0xb Core/Src/stm32f1xx_it.o
                0x00000000200000d4                quit_ap
 *fill*         0x00000000200000df        0x1 
 .data.set_mux  0x00000000200000e0        0xe Core/Src/stm32f1xx_it.o
                0x00000000200000e0                set_mux
 *fill*         0x00000000200000ee        0x2 
 .data.restart  0x00000000200000f0        0x9 Core/Src/stm32f1xx_it.o
                0x00000000200000f0                restart
 *fill*         0x00000000200000f9        0x3 
 .data.split    0x00000000200000fc       0x20 Core/Src/stm32f1xx_it.o
                0x00000000200000fc                split
 .data.server_mode
                0x000000002000011c        0xe Core/Src/stm32f1xx_it.o
                0x000000002000011c                server_mode
 *fill*         0x000000002000012a        0x2 
 .data.client_mode
                0x000000002000012c        0xe Core/Src/stm32f1xx_it.o
                0x000000002000012c                client_mode
 *fill*         0x000000002000013a        0x2 
 .data.rx_header
                0x000000002000013c        0x8 Core/Src/stm32f1xx_it.o
                0x000000002000013c                rx_header
 .data.SystemCoreClock
                0x0000000020000144        0x4 Core/Src/system_stm32f1xx.o
                0x0000000020000144                SystemCoreClock
 .data.uwTickPrio
                0x0000000020000148        0x4 Drivers/STM32F1xx_HAL_Driver/Src/stm32f1xx_hal.o
                0x0000000020000148                uwTickPrio
 .data.uwTickFreq
                0x000000002000014c        0x1 Drivers/STM32F1xx_HAL_Driver/Src/stm32f1xx_hal.o
                0x000000002000014c                uwTickFreq
 *fill*         0x000000002000014d        0x3 
 .data._impure_ptr
                0x0000000020000150        0x4 c:/st/stm32cubeide_1.3.0/stm32cubeide/plugins/com.st.stm32cube.ide.mcu.externaltools.gnu-tools-for-stm32.7-2018-q2-update.win32_1.4.0.202007081208/tools/bin/../lib/gcc/arm-none-eabi/7.3.1/../../../../arm-none-eabi/lib/thumb/v7-m\libc_nano.a(lib_a-impure.o)
                0x0000000020000150                _impure_ptr
 .data.impure_data
                0x0000000020000154       0x60 c:/st/stm32cubeide_1.3.0/stm32cubeide/plugins/com.st.stm32cube.ide.mcu.externaltools.gnu-tools-for-stm32.7-2018-q2-update.win32_1.4.0.202007081208/tools/bin/../lib/gcc/arm-none-eabi/7.3.1/../../../../arm-none-eabi/lib/thumb/v7-m\libc_nano.a(lib_a-impure.o)
                0x00000000200001b4                . = ALIGN (0x4)
                0x00000000200001b4                _edata = .

.igot.plt       0x00000000200001b4        0x0 load address 0x000000000800d73c
 .igot.plt      0x00000000200001b4        0x0 c:/st/stm32cubeide_1.3.0/stm32cubeide/plugins/com.st.stm32cube.ide.mcu.externaltools.gnu-tools-for-stm32.7-2018-q2-update.win32_1.4.0.202007081208/tools/bin/../lib/gcc/arm-none-eabi/7.3.1/thumb/v7-m/crtbegin.o
                0x00000000200001b4                . = ALIGN (0x4)

.bss            0x00000000200001b4     0x1aec load address 0x000000000800d73c
                0x00000000200001b4                _sbss = .
                0x00000000200001b4                __bss_start__ = _sbss
 *(.bss)
 .bss           0x00000000200001b4       0x1c c:/st/stm32cubeide_1.3.0/stm32cubeide/plugins/com.st.stm32cube.ide.mcu.externaltools.gnu-tools-for-stm32.7-2018-q2-update.win32_1.4.0.202007081208/tools/bin/../lib/gcc/arm-none-eabi/7.3.1/thumb/v7-m/crtbegin.o
 *(.bss*)
 .bss.POINT_COLOR
                0x00000000200001d0        0x2 Core/Src/lcd.o
                0x00000000200001d0                POINT_COLOR
 *fill*         0x00000000200001d2        0x2 
 .bss.a         0x00000000200001d4       0x19 Core/Src/main.o
                0x00000000200001d4                a
 *fill*         0x00000000200001ed        0x3 
 .bss.b         0x00000000200001f0       0x19 Core/Src/main.o
                0x00000000200001f0                b
 *fill*         0x0000000020000209        0x3 
 .bss.c         0x000000002000020c       0x19 Core/Src/main.o
                0x000000002000020c                c
 *fill*         0x0000000020000225        0x3 
 .bss.d         0x0000000020000228       0x19 Core/Src/main.o
                0x0000000020000228                d
 *fill*         0x0000000020000241        0x3 
 .bss.e         0x0000000020000244       0x19 Core/Src/main.o
                0x0000000020000244                e
 *fill*         0x000000002000025d        0x3 
 .bss.f         0x0000000020000260       0x19 Core/Src/main.o
                0x0000000020000260                f
 *fill*         0x0000000020000279        0x3 
 .bss.g         0x000000002000027c       0x19 Core/Src/main.o
                0x000000002000027c                g
 *fill*         0x0000000020000295        0x3 
 .bss.h         0x0000000020000298       0x19 Core/Src/main.o
                0x0000000020000298                h
 *fill*         0x00000000200002b1        0x3 
 .bss.i         0x00000000200002b4       0x19 Core/Src/main.o
                0x00000000200002b4                i
 *fill*         0x00000000200002cd        0x3 
 .bss.aa        0x00000000200002d0        0x4 Core/Src/main.o
                0x00000000200002d0                aa
 .bss.ba        0x00000000200002d4        0x4 Core/Src/main.o
                0x00000000200002d4                ba
 .bss.ca        0x00000000200002d8        0x4 Core/Src/main.o
                0x00000000200002d8                ca
 .bss.da        0x00000000200002dc        0x4 Core/Src/main.o
                0x00000000200002dc                da
 .bss.ea        0x00000000200002e0        0x4 Core/Src/main.o
                0x00000000200002e0                ea
 .bss.fa        0x00000000200002e4        0x4 Core/Src/main.o
                0x00000000200002e4                fa
 .bss.ga        0x00000000200002e8        0x4 Core/Src/main.o
                0x00000000200002e8                ga
 .bss.ha        0x00000000200002ec        0x4 Core/Src/main.o
                0x00000000200002ec                ha
 .bss.ia        0x00000000200002f0        0x4 Core/Src/main.o
                0x00000000200002f0                ia
 .bss.al        0x00000000200002f4        0x4 Core/Src/main.o
                0x00000000200002f4                al
 .bss.bl        0x00000000200002f8        0x4 Core/Src/main.o
                0x00000000200002f8                bl
 .bss.cl        0x00000000200002fc        0x4 Core/Src/main.o
                0x00000000200002fc                cl
 .bss.dl        0x0000000020000300        0x4 Core/Src/main.o
                0x0000000020000300                dl
 .bss.el        0x0000000020000304        0x4 Core/Src/main.o
                0x0000000020000304                el
 .bss.fl        0x0000000020000308        0x4 Core/Src/main.o
                0x0000000020000308                fl
 .bss.gl        0x000000002000030c        0x4 Core/Src/main.o
                0x000000002000030c                gl
 .bss.hl        0x0000000020000310        0x4 Core/Src/main.o
                0x0000000020000310                hl
 .bss.il        0x0000000020000314        0x4 Core/Src/main.o
                0x0000000020000314                il
 .bss.uLength   0x0000000020000318        0x4 Core/Src/main.o
                0x0000000020000318                uLength
 .bss.connect_flag
                0x000000002000031c        0x4 Core/Src/stm32f1xx_it.o
                0x000000002000031c                connect_flag
 .bss.sending_flag
                0x0000000020000320        0x4 Core/Src/stm32f1xx_it.o
                0x0000000020000320                sending_flag
 .bss.timer_count
                0x0000000020000324        0x4 Core/Src/stm32f1xx_it.o
                0x0000000020000324                timer_count
 .bss.connection_counter
                0x0000000020000328        0x4 Core/Src/stm32f1xx_it.o
                0x0000000020000328                connection_counter
 .bss.__sbrk_heap_end
                0x000000002000032c        0x4 Core/Src/sysmem.o
 .bss.__malloc_free_list
                0x0000000020000330        0x4 c:/st/stm32cubeide_1.3.0/stm32cubeide/plugins/com.st.stm32cube.ide.mcu.externaltools.gnu-tools-for-stm32.7-2018-q2-update.win32_1.4.0.202007081208/tools/bin/../lib/gcc/arm-none-eabi/7.3.1/../../../../arm-none-eabi/lib/thumb/v7-m\libc_nano.a(lib_a-nano-mallocr.o)
                0x0000000020000330                __malloc_free_list
 .bss.__malloc_sbrk_start
                0x0000000020000334        0x4 c:/st/stm32cubeide_1.3.0/stm32cubeide/plugins/com.st.stm32cube.ide.mcu.externaltools.gnu-tools-for-stm32.7-2018-q2-update.win32_1.4.0.202007081208/tools/bin/../lib/gcc/arm-none-eabi/7.3.1/../../../../arm-none-eabi/lib/thumb/v7-m\libc_nano.a(lib_a-nano-mallocr.o)
                0x0000000020000334                __malloc_sbrk_start
 *(COMMON)
 COMMON         0x0000000020000338        0xe Core/Src/lcd.o
                0x0000000020000338                lcddev
 *fill*         0x0000000020000346        0x2 
 COMMON         0x0000000020000348     0x1950 Core/Src/main.o
                0x0000000020000348                hdma_usart2_rx
                0x000000002000038c                htim3
                0x00000000200003d4                uart1_rx_buffer
                0x0000000020000bd4                uRx_Data
                0x00000000200013d4                hdma_usart1_rx
                0x0000000020001418                huart1
                0x0000000020001458                uart2_rx_buffer
                0x0000000020001c58                huart2
 COMMON         0x0000000020001c98        0x4 Drivers/STM32F1xx_HAL_Driver/Src/stm32f1xx_hal.o
                0x0000000020001c98                uwTick
 COMMON         0x0000000020001c9c        0x4 c:/st/stm32cubeide_1.3.0/stm32cubeide/plugins/com.st.stm32cube.ide.mcu.externaltools.gnu-tools-for-stm32.7-2018-q2-update.win32_1.4.0.202007081208/tools/bin/../lib/gcc/arm-none-eabi/7.3.1/../../../../arm-none-eabi/lib/thumb/v7-m\libc_nano.a(lib_a-reent.o)
                0x0000000020001c9c                errno
                0x0000000020001ca0                . = ALIGN (0x4)
                0x0000000020001ca0                _ebss = .
                0x0000000020001ca0                __bss_end__ = _ebss

._user_heap_stack
                0x0000000020001ca0      0x600 load address 0x000000000800d73c
                0x0000000020001ca0                . = ALIGN (0x8)
                [!provide]                        PROVIDE (end = .)
                0x0000000020001ca0                PROVIDE (_end = .)
                0x0000000020001ea0                . = (. + _Min_Heap_Size)
 *fill*         0x0000000020001ca0      0x200 
                0x00000000200022a0                . = (. + _Min_Stack_Size)
 *fill*         0x0000000020001ea0      0x400 
                0x00000000200022a0                . = ALIGN (0x8)

/DISCARD/
 libc.a(*)
 libm.a(*)
 libgcc.a(*)

.ARM.attributes
                0x0000000000000000       0x29
 *(.ARM.attributes)
 .ARM.attributes
                0x0000000000000000       0x1d c:/st/stm32cubeide_1.3.0/stm32cubeide/plugins/com.st.stm32cube.ide.mcu.externaltools.gnu-tools-for-stm32.7-2018-q2-update.win32_1.4.0.202007081208/tools/bin/../lib/gcc/arm-none-eabi/7.3.1/thumb/v7-m/crti.o
 .ARM.attributes
                0x000000000000001d       0x2d c:/st/stm32cubeide_1.3.0/stm32cubeide/plugins/com.st.stm32cube.ide.mcu.externaltools.gnu-tools-for-stm32.7-2018-q2-update.win32_1.4.0.202007081208/tools/bin/../lib/gcc/arm-none-eabi/7.3.1/thumb/v7-m/crtbegin.o
 .ARM.attributes
                0x000000000000004a       0x33 Core/Src/lcd.o
 .ARM.attributes
                0x000000000000007d       0x33 Core/Src/main.o
 .ARM.attributes
                0x00000000000000b0       0x33 Core/Src/stm32f1xx_hal_msp.o
 .ARM.attributes
                0x00000000000000e3       0x33 Core/Src/stm32f1xx_it.o
 .ARM.attributes
                0x0000000000000116       0x33 Core/Src/sysmem.o
 .ARM.attributes
                0x0000000000000149       0x33 Core/Src/system_stm32f1xx.o
 .ARM.attributes
                0x000000000000017c       0x21 Core/Startup/startup_stm32f103rctx.o
 .ARM.attributes
                0x000000000000019d       0x33 Drivers/STM32F1xx_HAL_Driver/Src/stm32f1xx_hal.o
 .ARM.attributes
                0x00000000000001d0       0x33 Drivers/STM32F1xx_HAL_Driver/Src/stm32f1xx_hal_cortex.o
 .ARM.attributes
                0x0000000000000203       0x33 Drivers/STM32F1xx_HAL_Driver/Src/stm32f1xx_hal_dma.o
 .ARM.attributes
                0x0000000000000236       0x33 Drivers/STM32F1xx_HAL_Driver/Src/stm32f1xx_hal_gpio.o
 .ARM.attributes
                0x0000000000000269       0x33 Drivers/STM32F1xx_HAL_Driver/Src/stm32f1xx_hal_rcc.o
 .ARM.attributes
                0x000000000000029c       0x33 Drivers/STM32F1xx_HAL_Driver/Src/stm32f1xx_hal_tim.o
 .ARM.attributes
                0x00000000000002cf       0x33 Drivers/STM32F1xx_HAL_Driver/Src/stm32f1xx_hal_tim_ex.o
 .ARM.attributes
                0x0000000000000302       0x33 Drivers/STM32F1xx_HAL_Driver/Src/stm32f1xx_hal_uart.o
 .ARM.attributes
                0x0000000000000335       0x2d c:/st/stm32cubeide_1.3.0/stm32cubeide/plugins/com.st.stm32cube.ide.mcu.externaltools.gnu-tools-for-stm32.7-2018-q2-update.win32_1.4.0.202007081208/tools/bin/../lib/gcc/arm-none-eabi/7.3.1/../../../../arm-none-eabi/lib/thumb/v7-m\libc_nano.a(lib_a-errno.o)
 .ARM.attributes
                0x0000000000000362       0x2d c:/st/stm32cubeide_1.3.0/stm32cubeide/plugins/com.st.stm32cube.ide.mcu.externaltools.gnu-tools-for-stm32.7-2018-q2-update.win32_1.4.0.202007081208/tools/bin/../lib/gcc/arm-none-eabi/7.3.1/../../../../arm-none-eabi/lib/thumb/v7-m\libc_nano.a(lib_a-impure.o)
 .ARM.attributes
                0x000000000000038f       0x2d c:/st/stm32cubeide_1.3.0/stm32cubeide/plugins/com.st.stm32cube.ide.mcu.externaltools.gnu-tools-for-stm32.7-2018-q2-update.win32_1.4.0.202007081208/tools/bin/../lib/gcc/arm-none-eabi/7.3.1/../../../../arm-none-eabi/lib/thumb/v7-m\libc_nano.a(lib_a-init.o)
 .ARM.attributes
                0x00000000000003bc       0x2d c:/st/stm32cubeide_1.3.0/stm32cubeide/plugins/com.st.stm32cube.ide.mcu.externaltools.gnu-tools-for-stm32.7-2018-q2-update.win32_1.4.0.202007081208/tools/bin/../lib/gcc/arm-none-eabi/7.3.1/../../../../arm-none-eabi/lib/thumb/v7-m\libc_nano.a(lib_a-memset.o)
 .ARM.attributes
                0x00000000000003e9       0x2d c:/st/stm32cubeide_1.3.0/stm32cubeide/plugins/com.st.stm32cube.ide.mcu.externaltools.gnu-tools-for-stm32.7-2018-q2-update.win32_1.4.0.202007081208/tools/bin/../lib/gcc/arm-none-eabi/7.3.1/../../../../arm-none-eabi/lib/thumb/v7-m\libc_nano.a(lib_a-sprintf.o)
 .ARM.attributes
                0x0000000000000416       0x2d c:/st/stm32cubeide_1.3.0/stm32cubeide/plugins/com.st.stm32cube.ide.mcu.externaltools.gnu-tools-for-stm32.7-2018-q2-update.win32_1.4.0.202007081208/tools/bin/../lib/gcc/arm-none-eabi/7.3.1/../../../../arm-none-eabi/lib/thumb/v7-m\libc_nano.a(lib_a-strchr.o)
 .ARM.attributes
                0x0000000000000443       0x1b c:/st/stm32cubeide_1.3.0/stm32cubeide/plugins/com.st.stm32cube.ide.mcu.externaltools.gnu-tools-for-stm32.7-2018-q2-update.win32_1.4.0.202007081208/tools/bin/../lib/gcc/arm-none-eabi/7.3.1/../../../../arm-none-eabi/lib/thumb/v7-m\libc_nano.a(lib_a-strcmp.o)
 .ARM.attributes
                0x000000000000045e       0x17 c:/st/stm32cubeide_1.3.0/stm32cubeide/plugins/com.st.stm32cube.ide.mcu.externaltools.gnu-tools-for-stm32.7-2018-q2-update.win32_1.4.0.202007081208/tools/bin/../lib/gcc/arm-none-eabi/7.3.1/../../../../arm-none-eabi/lib/thumb/v7-m\libc_nano.a(lib_a-strlen.o)
 .ARM.attributes
                0x0000000000000475       0x2d c:/st/stm32cubeide_1.3.0/stm32cubeide/plugins/com.st.stm32cube.ide.mcu.externaltools.gnu-tools-for-stm32.7-2018-q2-update.win32_1.4.0.202007081208/tools/bin/../lib/gcc/arm-none-eabi/7.3.1/../../../../arm-none-eabi/lib/thumb/v7-m\libc_nano.a(lib_a-strncmp.o)
 .ARM.attributes
                0x00000000000004a2       0x2d c:/st/stm32cubeide_1.3.0/stm32cubeide/plugins/com.st.stm32cube.ide.mcu.externaltools.gnu-tools-for-stm32.7-2018-q2-update.win32_1.4.0.202007081208/tools/bin/../lib/gcc/arm-none-eabi/7.3.1/../../../../arm-none-eabi/lib/thumb/v7-m\libc_nano.a(lib_a-strstr.o)
 .ARM.attributes
                0x00000000000004cf       0x2d c:/st/stm32cubeide_1.3.0/stm32cubeide/plugins/com.st.stm32cube.ide.mcu.externaltools.gnu-tools-for-stm32.7-2018-q2-update.win32_1.4.0.202007081208/tools/bin/../lib/gcc/arm-none-eabi/7.3.1/../../../../arm-none-eabi/lib/thumb/v7-m\libc_nano.a(lib_a-nano-svfprintf.o)
 .ARM.attributes
                0x00000000000004fc       0x2d c:/st/stm32cubeide_1.3.0/stm32cubeide/plugins/com.st.stm32cube.ide.mcu.externaltools.gnu-tools-for-stm32.7-2018-q2-update.win32_1.4.0.202007081208/tools/bin/../lib/gcc/arm-none-eabi/7.3.1/../../../../arm-none-eabi/lib/thumb/v7-m\libc_nano.a(lib_a-nano-vfprintf_i.o)
 .ARM.attributes
                0x0000000000000529       0x2d c:/st/stm32cubeide_1.3.0/stm32cubeide/plugins/com.st.stm32cube.ide.mcu.externaltools.gnu-tools-for-stm32.7-2018-q2-update.win32_1.4.0.202007081208/tools/bin/../lib/gcc/arm-none-eabi/7.3.1/../../../../arm-none-eabi/lib/thumb/v7-m\libc_nano.a(lib_a-memchr-stub.o)
 .ARM.attributes
                0x0000000000000556       0x2d c:/st/stm32cubeide_1.3.0/stm32cubeide/plugins/com.st.stm32cube.ide.mcu.externaltools.gnu-tools-for-stm32.7-2018-q2-update.win32_1.4.0.202007081208/tools/bin/../lib/gcc/arm-none-eabi/7.3.1/../../../../arm-none-eabi/lib/thumb/v7-m\libc_nano.a(lib_a-memcpy-stub.o)
 .ARM.attributes
                0x0000000000000583       0x2d c:/st/stm32cubeide_1.3.0/stm32cubeide/plugins/com.st.stm32cube.ide.mcu.externaltools.gnu-tools-for-stm32.7-2018-q2-update.win32_1.4.0.202007081208/tools/bin/../lib/gcc/arm-none-eabi/7.3.1/../../../../arm-none-eabi/lib/thumb/v7-m\libc_nano.a(lib_a-memmove.o)
 .ARM.attributes
                0x00000000000005b0       0x2d c:/st/stm32cubeide_1.3.0/stm32cubeide/plugins/com.st.stm32cube.ide.mcu.externaltools.gnu-tools-for-stm32.7-2018-q2-update.win32_1.4.0.202007081208/tools/bin/../lib/gcc/arm-none-eabi/7.3.1/../../../../arm-none-eabi/lib/thumb/v7-m\libc_nano.a(lib_a-nano-freer.o)
 .ARM.attributes
                0x00000000000005dd       0x2d c:/st/stm32cubeide_1.3.0/stm32cubeide/plugins/com.st.stm32cube.ide.mcu.externaltools.gnu-tools-for-stm32.7-2018-q2-update.win32_1.4.0.202007081208/tools/bin/../lib/gcc/arm-none-eabi/7.3.1/../../../../arm-none-eabi/lib/thumb/v7-m\libc_nano.a(lib_a-nano-mallocr.o)
 .ARM.attributes
                0x000000000000060a       0x2d c:/st/stm32cubeide_1.3.0/stm32cubeide/plugins/com.st.stm32cube.ide.mcu.externaltools.gnu-tools-for-stm32.7-2018-q2-update.win32_1.4.0.202007081208/tools/bin/../lib/gcc/arm-none-eabi/7.3.1/../../../../arm-none-eabi/lib/thumb/v7-m\libc_nano.a(lib_a-nano-reallocr.o)
 .ARM.attributes
                0x0000000000000637       0x2d c:/st/stm32cubeide_1.3.0/stm32cubeide/plugins/com.st.stm32cube.ide.mcu.externaltools.gnu-tools-for-stm32.7-2018-q2-update.win32_1.4.0.202007081208/tools/bin/../lib/gcc/arm-none-eabi/7.3.1/../../../../arm-none-eabi/lib/thumb/v7-m\libc_nano.a(lib_a-sbrkr.o)
 .ARM.attributes
                0x0000000000000664       0x2d c:/st/stm32cubeide_1.3.0/stm32cubeide/plugins/com.st.stm32cube.ide.mcu.externaltools.gnu-tools-for-stm32.7-2018-q2-update.win32_1.4.0.202007081208/tools/bin/../lib/gcc/arm-none-eabi/7.3.1/../../../../arm-none-eabi/lib/thumb/v7-m\libc_nano.a(lib_a-mlock.o)
 .ARM.attributes
                0x0000000000000691       0x2d c:/st/stm32cubeide_1.3.0/stm32cubeide/plugins/com.st.stm32cube.ide.mcu.externaltools.gnu-tools-for-stm32.7-2018-q2-update.win32_1.4.0.202007081208/tools/bin/../lib/gcc/arm-none-eabi/7.3.1/../../../../arm-none-eabi/lib/thumb/v7-m\libc_nano.a(lib_a-nano-msizer.o)
 .ARM.attributes
                0x00000000000006be       0x2d c:/st/stm32cubeide_1.3.0/stm32cubeide/plugins/com.st.stm32cube.ide.mcu.externaltools.gnu-tools-for-stm32.7-2018-q2-update.win32_1.4.0.202007081208/tools/bin/../lib/gcc/arm-none-eabi/7.3.1/../../../../arm-none-eabi/lib/thumb/v7-m\libc_nano.a(lib_a-reent.o)
 .ARM.attributes
                0x00000000000006eb       0x1d c:/st/stm32cubeide_1.3.0/stm32cubeide/plugins/com.st.stm32cube.ide.mcu.externaltools.gnu-tools-for-stm32.7-2018-q2-update.win32_1.4.0.202007081208/tools/bin/../lib/gcc/arm-none-eabi/7.3.1/thumb/v7-m\libgcc.a(_arm_addsubdf3.o)
 .ARM.attributes
                0x0000000000000708       0x1d c:/st/stm32cubeide_1.3.0/stm32cubeide/plugins/com.st.stm32cube.ide.mcu.externaltools.gnu-tools-for-stm32.7-2018-q2-update.win32_1.4.0.202007081208/tools/bin/../lib/gcc/arm-none-eabi/7.3.1/thumb/v7-m\libgcc.a(_arm_muldivdf3.o)
 .ARM.attributes
                0x0000000000000725       0x1d c:/st/stm32cubeide_1.3.0/stm32cubeide/plugins/com.st.stm32cube.ide.mcu.externaltools.gnu-tools-for-stm32.7-2018-q2-update.win32_1.4.0.202007081208/tools/bin/../lib/gcc/arm-none-eabi/7.3.1/thumb/v7-m\libgcc.a(_arm_fixunsdfsi.o)
 .ARM.attributes
                0x0000000000000742       0x1d c:/st/stm32cubeide_1.3.0/stm32cubeide/plugins/com.st.stm32cube.ide.mcu.externaltools.gnu-tools-for-stm32.7-2018-q2-update.win32_1.4.0.202007081208/tools/bin/../lib/gcc/arm-none-eabi/7.3.1/thumb/v7-m/crtn.o
OUTPUT(final-project.elf elf32-littlearm)

.debug_info     0x0000000000000000     0xe0d9
 .debug_info    0x0000000000000000     0x1659 Core/Src/lcd.o
 .debug_info    0x0000000000001659     0x1dc1 Core/Src/main.o
 .debug_info    0x000000000000341a      0xdca Core/Src/stm32f1xx_hal_msp.o
 .debug_info    0x00000000000041e4     0x1baf Core/Src/stm32f1xx_it.o
 .debug_info    0x0000000000005d93      0x985 Core/Src/sysmem.o
 .debug_info    0x0000000000006718      0x29a Core/Src/system_stm32f1xx.o
 .debug_info    0x00000000000069b2       0x22 Core/Startup/startup_stm32f103rctx.o
 .debug_info    0x00000000000069d4      0x77a Drivers/STM32F1xx_HAL_Driver/Src/stm32f1xx_hal.o
 .debug_info    0x000000000000714e      0xbb7 Drivers/STM32F1xx_HAL_Driver/Src/stm32f1xx_hal_cortex.o
 .debug_info    0x0000000000007d05      0x7b1 Drivers/STM32F1xx_HAL_Driver/Src/stm32f1xx_hal_dma.o
 .debug_info    0x00000000000084b6      0x69b Drivers/STM32F1xx_HAL_Driver/Src/stm32f1xx_hal_gpio.o
 .debug_info    0x0000000000008b51      0x80f Drivers/STM32F1xx_HAL_Driver/Src/stm32f1xx_hal_rcc.o
 .debug_info    0x0000000000009360     0x27ef Drivers/STM32F1xx_HAL_Driver/Src/stm32f1xx_hal_tim.o
 .debug_info    0x000000000000bb4f     0x136f Drivers/STM32F1xx_HAL_Driver/Src/stm32f1xx_hal_tim_ex.o
 .debug_info    0x000000000000cebe     0x121b Drivers/STM32F1xx_HAL_Driver/Src/stm32f1xx_hal_uart.o

.debug_abbrev   0x0000000000000000     0x1f61
 .debug_abbrev  0x0000000000000000      0x30f Core/Src/lcd.o
 .debug_abbrev  0x000000000000030f      0x373 Core/Src/main.o
 .debug_abbrev  0x0000000000000682      0x1a6 Core/Src/stm32f1xx_hal_msp.o
 .debug_abbrev  0x0000000000000828      0x313 Core/Src/stm32f1xx_it.o
 .debug_abbrev  0x0000000000000b3b      0x19b Core/Src/sysmem.o
 .debug_abbrev  0x0000000000000cd6      0x134 Core/Src/system_stm32f1xx.o
 .debug_abbrev  0x0000000000000e0a       0x12 Core/Startup/startup_stm32f103rctx.o
 .debug_abbrev  0x0000000000000e1c      0x1c7 Drivers/STM32F1xx_HAL_Driver/Src/stm32f1xx_hal.o
 .debug_abbrev  0x0000000000000fe3      0x2d5 Drivers/STM32F1xx_HAL_Driver/Src/stm32f1xx_hal_cortex.o
 .debug_abbrev  0x00000000000012b8      0x1fe Drivers/STM32F1xx_HAL_Driver/Src/stm32f1xx_hal_dma.o
 .debug_abbrev  0x00000000000014b6      0x1c0 Drivers/STM32F1xx_HAL_Driver/Src/stm32f1xx_hal_gpio.o
 .debug_abbrev  0x0000000000001676      0x243 Drivers/STM32F1xx_HAL_Driver/Src/stm32f1xx_hal_rcc.o
 .debug_abbrev  0x00000000000018b9      0x230 Drivers/STM32F1xx_HAL_Driver/Src/stm32f1xx_hal_tim.o
 .debug_abbrev  0x0000000000001ae9      0x236 Drivers/STM32F1xx_HAL_Driver/Src/stm32f1xx_hal_tim_ex.o
 .debug_abbrev  0x0000000000001d1f      0x242 Drivers/STM32F1xx_HAL_Driver/Src/stm32f1xx_hal_uart.o

.debug_aranges  0x0000000000000000      0xd90
 .debug_aranges
                0x0000000000000000      0x118 Core/Src/lcd.o
 .debug_aranges
                0x0000000000000118       0xa0 Core/Src/main.o
 .debug_aranges
                0x00000000000001b8       0x40 Core/Src/stm32f1xx_hal_msp.o
 .debug_aranges
                0x00000000000001f8       0xd8 Core/Src/stm32f1xx_it.o
 .debug_aranges
                0x00000000000002d0       0x20 Core/Src/sysmem.o
 .debug_aranges
                0x00000000000002f0       0x28 Core/Src/system_stm32f1xx.o
 .debug_aranges
                0x0000000000000318       0x28 Core/Startup/startup_stm32f103rctx.o
 .debug_aranges
                0x0000000000000340       0xe0 Drivers/STM32F1xx_HAL_Driver/Src/stm32f1xx_hal.o
 .debug_aranges
                0x0000000000000420      0x100 Drivers/STM32F1xx_HAL_Driver/Src/stm32f1xx_hal_cortex.o
 .debug_aranges
                0x0000000000000520       0x80 Drivers/STM32F1xx_HAL_Driver/Src/stm32f1xx_hal_dma.o
 .debug_aranges
                0x00000000000005a0       0x58 Drivers/STM32F1xx_HAL_Driver/Src/stm32f1xx_hal_gpio.o
 .debug_aranges
                0x00000000000005f8       0x90 Drivers/STM32F1xx_HAL_Driver/Src/stm32f1xx_hal_rcc.o
 .debug_aranges
                0x0000000000000688      0x3d0 Drivers/STM32F1xx_HAL_Driver/Src/stm32f1xx_hal_tim.o
 .debug_aranges
                0x0000000000000a58      0x168 Drivers/STM32F1xx_HAL_Driver/Src/stm32f1xx_hal_tim_ex.o
 .debug_aranges
                0x0000000000000bc0      0x1d0 Drivers/STM32F1xx_HAL_Driver/Src/stm32f1xx_hal_uart.o

.debug_ranges   0x0000000000000000      0xca8
 .debug_ranges  0x0000000000000000      0x108 Core/Src/lcd.o
 .debug_ranges  0x0000000000000108       0x90 Core/Src/main.o
 .debug_ranges  0x0000000000000198       0x30 Core/Src/stm32f1xx_hal_msp.o
 .debug_ranges  0x00000000000001c8       0xc8 Core/Src/stm32f1xx_it.o
 .debug_ranges  0x0000000000000290       0x10 Core/Src/sysmem.o
 .debug_ranges  0x00000000000002a0       0x18 Core/Src/system_stm32f1xx.o
 .debug_ranges  0x00000000000002b8       0x20 Core/Startup/startup_stm32f103rctx.o
 .debug_ranges  0x00000000000002d8       0xd0 Drivers/STM32F1xx_HAL_Driver/Src/stm32f1xx_hal.o
 .debug_ranges  0x00000000000003a8       0xf0 Drivers/STM32F1xx_HAL_Driver/Src/stm32f1xx_hal_cortex.o
 .debug_ranges  0x0000000000000498       0x70 Drivers/STM32F1xx_HAL_Driver/Src/stm32f1xx_hal_dma.o
 .debug_ranges  0x0000000000000508       0x48 Drivers/STM32F1xx_HAL_Driver/Src/stm32f1xx_hal_gpio.o
 .debug_ranges  0x0000000000000550       0x80 Drivers/STM32F1xx_HAL_Driver/Src/stm32f1xx_hal_rcc.o
 .debug_ranges  0x00000000000005d0      0x3c0 Drivers/STM32F1xx_HAL_Driver/Src/stm32f1xx_hal_tim.o
 .debug_ranges  0x0000000000000990      0x158 Drivers/STM32F1xx_HAL_Driver/Src/stm32f1xx_hal_tim_ex.o
 .debug_ranges  0x0000000000000ae8      0x1c0 Drivers/STM32F1xx_HAL_Driver/Src/stm32f1xx_hal_uart.o

.debug_macro    0x0000000000000000    0x19fa4
 .debug_macro   0x0000000000000000      0x28a Core/Src/lcd.o
 .debug_macro   0x000000000000028a      0xa5a Core/Src/lcd.o
 .debug_macro   0x0000000000000ce4      0x221 Core/Src/lcd.o
 .debug_macro   0x0000000000000f05       0x2e Core/Src/lcd.o
 .debug_macro   0x0000000000000f33       0x22 Core/Src/lcd.o
 .debug_macro   0x0000000000000f55       0x22 Core/Src/lcd.o
 .debug_macro   0x0000000000000f77       0x8e Core/Src/lcd.o
 .debug_macro   0x0000000000001005       0x51 Core/Src/lcd.o
 .debug_macro   0x0000000000001056       0xef Core/Src/lcd.o
 .debug_macro   0x0000000000001145       0x6a Core/Src/lcd.o
 .debug_macro   0x00000000000011af      0x1df Core/Src/lcd.o
 .debug_macro   0x000000000000138e       0x1c Core/Src/lcd.o
 .debug_macro   0x00000000000013aa       0x22 Core/Src/lcd.o
 .debug_macro   0x00000000000013cc       0xc3 Core/Src/lcd.o
 .debug_macro   0x000000000000148f      0xd23 Core/Src/lcd.o
 .debug_macro   0x00000000000021b2     0xfd85 Core/Src/lcd.o
 .debug_macro   0x0000000000011f37       0x43 Core/Src/lcd.o
 .debug_macro   0x0000000000011f7a     0x3468 Core/Src/lcd.o
 .debug_macro   0x00000000000153e2      0x174 Core/Src/lcd.o
 .debug_macro   0x0000000000015556       0x5c Core/Src/lcd.o
 .debug_macro   0x00000000000155b2      0x5be Core/Src/lcd.o
 .debug_macro   0x0000000000015b70      0x4d5 Core/Src/lcd.o
 .debug_macro   0x0000000000016045      0x1cb Core/Src/lcd.o
 .debug_macro   0x0000000000016210      0x114 Core/Src/lcd.o
 .debug_macro   0x0000000000016324      0x1ea Core/Src/lcd.o
 .debug_macro   0x000000000001650e       0x27 Core/Src/lcd.o
 .debug_macro   0x0000000000016535      0x144 Core/Src/lcd.o
 .debug_macro   0x0000000000016679      0x1bc Core/Src/lcd.o
 .debug_macro   0x0000000000016835       0x30 Core/Src/lcd.o
 .debug_macro   0x0000000000016865       0x3c Core/Src/lcd.o
 .debug_macro   0x00000000000168a1       0x57 Core/Src/lcd.o
 .debug_macro   0x00000000000168f8       0x88 Core/Src/lcd.o
 .debug_macro   0x0000000000016980      0x24f Core/Src/lcd.o
 .debug_macro   0x0000000000016bcf      0x141 Core/Src/lcd.o
 .debug_macro   0x0000000000016d10      0x8d1 Core/Src/lcd.o
 .debug_macro   0x00000000000175e1      0x26b Core/Src/lcd.o
 .debug_macro   0x000000000001784c       0xb5 Core/Src/lcd.o
 .debug_macro   0x0000000000017901       0x40 Core/Src/lcd.o
 .debug_macro   0x0000000000017941       0x18 Core/Src/lcd.o
 .debug_macro   0x0000000000017959       0x46 Core/Src/lcd.o
 .debug_macro   0x000000000001799f       0x3c Core/Src/lcd.o
 .debug_macro   0x00000000000179db       0x34 Core/Src/lcd.o
 .debug_macro   0x0000000000017a0f       0x16 Core/Src/lcd.o
 .debug_macro   0x0000000000017a25       0x35 Core/Src/lcd.o
 .debug_macro   0x0000000000017a5a       0x52 Core/Src/lcd.o
 .debug_macro   0x0000000000017aac       0x1f Core/Src/lcd.o
 .debug_macro   0x0000000000017acb       0x43 Core/Src/lcd.o
 .debug_macro   0x0000000000017b0e       0x20 Core/Src/lcd.o
 .debug_macro   0x0000000000017b2e      0x1a3 Core/Src/lcd.o
 .debug_macro   0x0000000000017cd1      0x32a Core/Src/lcd.o
 .debug_macro   0x0000000000017ffb       0x16 Core/Src/lcd.o
 .debug_macro   0x0000000000018011       0x29 Core/Src/lcd.o
 .debug_macro   0x000000000001803a      0x1dc Core/Src/lcd.o
 .debug_macro   0x0000000000018216      0x284 Core/Src/main.o
 .debug_macro   0x000000000001849a      0x1b2 Core/Src/stm32f1xx_hal_msp.o
 .debug_macro   0x000000000001864c      0x312 Core/Src/stm32f1xx_it.o
 .debug_macro   0x000000000001895e       0x16 Core/Src/stm32f1xx_it.o
 .debug_macro   0x0000000000018974       0x10 Core/Src/stm32f1xx_it.o
 .debug_macro   0x0000000000018984       0x10 Core/Src/stm32f1xx_it.o
 .debug_macro   0x0000000000018994       0x1c Core/Src/stm32f1xx_it.o
 .debug_macro   0x00000000000189b0       0x52 Core/Src/stm32f1xx_it.o
 .debug_macro   0x0000000000018a02       0x40 Core/Src/stm32f1xx_it.o
 .debug_macro   0x0000000000018a42       0x10 Core/Src/stm32f1xx_it.o
 .debug_macro   0x0000000000018a52       0x40 Core/Src/stm32f1xx_it.o
 .debug_macro   0x0000000000018a92       0xd7 Core/Src/stm32f1xx_it.o
 .debug_macro   0x0000000000018b69       0x1c Core/Src/stm32f1xx_it.o
 .debug_macro   0x0000000000018b85       0x3d Core/Src/stm32f1xx_it.o
 .debug_macro   0x0000000000018bc2       0x16 Core/Src/stm32f1xx_it.o
 .debug_macro   0x0000000000018bd8      0x145 Core/Src/stm32f1xx_it.o
 .debug_macro   0x0000000000018d1d       0xee Core/Src/sysmem.o
 .debug_macro   0x0000000000018e0b      0x23b Core/Src/sysmem.o
 .debug_macro   0x0000000000019046      0x1a3 Core/Src/system_stm32f1xx.o
 .debug_macro   0x00000000000191e9      0x1c7 Drivers/STM32F1xx_HAL_Driver/Src/stm32f1xx_hal.o
 .debug_macro   0x00000000000193b0      0x1a3 Drivers/STM32F1xx_HAL_Driver/Src/stm32f1xx_hal_cortex.o
 .debug_macro   0x0000000000019553      0x1a3 Drivers/STM32F1xx_HAL_Driver/Src/stm32f1xx_hal_dma.o
 .debug_macro   0x00000000000196f6      0x20e Drivers/STM32F1xx_HAL_Driver/Src/stm32f1xx_hal_gpio.o
 .debug_macro   0x0000000000019904      0x1b5 Drivers/STM32F1xx_HAL_Driver/Src/stm32f1xx_hal_rcc.o
 .debug_macro   0x0000000000019ab9      0x1a4 Drivers/STM32F1xx_HAL_Driver/Src/stm32f1xx_hal_tim.o
 .debug_macro   0x0000000000019c5d      0x1a3 Drivers/STM32F1xx_HAL_Driver/Src/stm32f1xx_hal_tim_ex.o
 .debug_macro   0x0000000000019e00      0x1a4 Drivers/STM32F1xx_HAL_Driver/Src/stm32f1xx_hal_uart.o

.debug_line     0x0000000000000000     0xb7c7
 .debug_line    0x0000000000000000     0x15db Core/Src/lcd.o
 .debug_line    0x00000000000015db      0xb60 Core/Src/main.o
 .debug_line    0x000000000000213b      0x72c Core/Src/stm32f1xx_hal_msp.o
 .debug_line    0x0000000000002867      0xb42 Core/Src/stm32f1xx_it.o
 .debug_line    0x00000000000033a9      0x4f4 Core/Src/sysmem.o
 .debug_line    0x000000000000389d      0x6c3 Core/Src/system_stm32f1xx.o
 .debug_line    0x0000000000003f60       0x84 Core/Startup/startup_stm32f103rctx.o
 .debug_line    0x0000000000003fe4      0x876 Drivers/STM32F1xx_HAL_Driver/Src/stm32f1xx_hal.o
 .debug_line    0x000000000000485a      0x94d Drivers/STM32F1xx_HAL_Driver/Src/stm32f1xx_hal_cortex.o
 .debug_line    0x00000000000051a7      0xf5d Drivers/STM32F1xx_HAL_Driver/Src/stm32f1xx_hal_dma.o
 .debug_line    0x0000000000006104      0x89a Drivers/STM32F1xx_HAL_Driver/Src/stm32f1xx_hal_gpio.o
 .debug_line    0x000000000000699e      0x936 Drivers/STM32F1xx_HAL_Driver/Src/stm32f1xx_hal_rcc.o
 .debug_line    0x00000000000072d4     0x21fe Drivers/STM32F1xx_HAL_Driver/Src/stm32f1xx_hal_tim.o
 .debug_line    0x00000000000094d2     0x1341 Drivers/STM32F1xx_HAL_Driver/Src/stm32f1xx_hal_tim_ex.o
 .debug_line    0x000000000000a813      0xfb4 Drivers/STM32F1xx_HAL_Driver/Src/stm32f1xx_hal_uart.o

.debug_str      0x0000000000000000    0x993ce
 .debug_str     0x0000000000000000    0x94714 Core/Src/lcd.o
                                      0x94bb6 (size before relaxing)
 .debug_str     0x0000000000094714      0xc37 Core/Src/main.o
                                      0x95671 (size before relaxing)
 .debug_str     0x000000000009534b       0xba Core/Src/stm32f1xx_hal_msp.o
                                      0x91df4 (size before relaxing)
 .debug_str     0x0000000000095405     0x14e7 Core/Src/stm32f1xx_it.o
                                      0x95d70 (size before relaxing)
 .debug_str     0x00000000000968ec      0x4e9 Core/Src/sysmem.o
                                       0x5f31 (size before relaxing)
 .debug_str     0x0000000000096dd5       0x52 Core/Src/system_stm32f1xx.o
                                      0x911ea (size before relaxing)
 .debug_str     0x0000000000096e27       0x36 Core/Startup/startup_stm32f103rctx.o
                                         0x61 (size before relaxing)
 .debug_str     0x0000000000096e5d      0x304 Drivers/STM32F1xx_HAL_Driver/Src/stm32f1xx_hal.o
                                      0x9195f (size before relaxing)
 .debug_str     0x0000000000097161      0x300 Drivers/STM32F1xx_HAL_Driver/Src/stm32f1xx_hal_cortex.o
                                      0x91967 (size before relaxing)
 .debug_str     0x0000000000097461      0x230 Drivers/STM32F1xx_HAL_Driver/Src/stm32f1xx_hal_dma.o
                                      0x915c5 (size before relaxing)
 .debug_str     0x0000000000097691      0x2ff Drivers/STM32F1xx_HAL_Driver/Src/stm32f1xx_hal_gpio.o
                                      0x915ae (size before relaxing)
 .debug_str     0x0000000000097990      0x24f Drivers/STM32F1xx_HAL_Driver/Src/stm32f1xx_hal_rcc.o
                                      0x915e7 (size before relaxing)
 .debug_str     0x0000000000097bdf      0xdc3 Drivers/STM32F1xx_HAL_Driver/Src/stm32f1xx_hal_tim.o
                                      0x925b9 (size before relaxing)
 .debug_str     0x00000000000989a2      0x517 Drivers/STM32F1xx_HAL_Driver/Src/stm32f1xx_hal_tim_ex.o
                                      0x91d93 (size before relaxing)
 .debug_str     0x0000000000098eb9      0x515 Drivers/STM32F1xx_HAL_Driver/Src/stm32f1xx_hal_uart.o
                                      0x91aed (size before relaxing)

.comment        0x0000000000000000       0x7b
 .comment       0x0000000000000000       0x7b Core/Src/lcd.o
                                         0x7c (size before relaxing)
 .comment       0x000000000000007b       0x7c Core/Src/main.o
 .comment       0x000000000000007b       0x7c Core/Src/stm32f1xx_hal_msp.o
 .comment       0x000000000000007b       0x7c Core/Src/stm32f1xx_it.o
 .comment       0x000000000000007b       0x7c Core/Src/sysmem.o
 .comment       0x000000000000007b       0x7c Core/Src/system_stm32f1xx.o
 .comment       0x000000000000007b       0x7c Drivers/STM32F1xx_HAL_Driver/Src/stm32f1xx_hal.o
 .comment       0x000000000000007b       0x7c Drivers/STM32F1xx_HAL_Driver/Src/stm32f1xx_hal_cortex.o
 .comment       0x000000000000007b       0x7c Drivers/STM32F1xx_HAL_Driver/Src/stm32f1xx_hal_dma.o
 .comment       0x000000000000007b       0x7c Drivers/STM32F1xx_HAL_Driver/Src/stm32f1xx_hal_gpio.o
 .comment       0x000000000000007b       0x7c Drivers/STM32F1xx_HAL_Driver/Src/stm32f1xx_hal_rcc.o
 .comment       0x000000000000007b       0x7c Drivers/STM32F1xx_HAL_Driver/Src/stm32f1xx_hal_tim.o
 .comment       0x000000000000007b       0x7c Drivers/STM32F1xx_HAL_Driver/Src/stm32f1xx_hal_tim_ex.o
 .comment       0x000000000000007b       0x7c Drivers/STM32F1xx_HAL_Driver/Src/stm32f1xx_hal_uart.o

.debug_frame    0x0000000000000000     0x3df0
 .debug_frame   0x0000000000000000      0x4d4 Core/Src/lcd.o
 .debug_frame   0x00000000000004d4      0x278 Core/Src/main.o
 .debug_frame   0x000000000000074c       0xc8 Core/Src/stm32f1xx_hal_msp.o
 .debug_frame   0x0000000000000814      0x2e8 Core/Src/stm32f1xx_it.o
 .debug_frame   0x0000000000000afc       0x34 Core/Src/sysmem.o
 .debug_frame   0x0000000000000b30       0x58 Core/Src/system_stm32f1xx.o
 .debug_frame   0x0000000000000b88      0x334 Drivers/STM32F1xx_HAL_Driver/Src/stm32f1xx_hal.o
 .debug_frame   0x0000000000000ebc      0x428 Drivers/STM32F1xx_HAL_Driver/Src/stm32f1xx_hal_cortex.o
 .debug_frame   0x00000000000012e4      0x20c Drivers/STM32F1xx_HAL_Driver/Src/stm32f1xx_hal_dma.o
 .debug_frame   0x00000000000014f0      0x14c Drivers/STM32F1xx_HAL_Driver/Src/stm32f1xx_hal_gpio.o
 .debug_frame   0x000000000000163c      0x21c Drivers/STM32F1xx_HAL_Driver/Src/stm32f1xx_hal_rcc.o
 .debug_frame   0x0000000000001858     0x11bc Drivers/STM32F1xx_HAL_Driver/Src/stm32f1xx_hal_tim.o
 .debug_frame   0x0000000000002a14      0x638 Drivers/STM32F1xx_HAL_Driver/Src/stm32f1xx_hal_tim_ex.o
 .debug_frame   0x000000000000304c      0x834 Drivers/STM32F1xx_HAL_Driver/Src/stm32f1xx_hal_uart.o
 .debug_frame   0x0000000000003880       0x20 c:/st/stm32cubeide_1.3.0/stm32cubeide/plugins/com.st.stm32cube.ide.mcu.externaltools.gnu-tools-for-stm32.7-2018-q2-update.win32_1.4.0.202007081208/tools/bin/../lib/gcc/arm-none-eabi/7.3.1/../../../../arm-none-eabi/lib/thumb/v7-m\libc_nano.a(lib_a-errno.o)
 .debug_frame   0x00000000000038a0       0x2c c:/st/stm32cubeide_1.3.0/stm32cubeide/plugins/com.st.stm32cube.ide.mcu.externaltools.gnu-tools-for-stm32.7-2018-q2-update.win32_1.4.0.202007081208/tools/bin/../lib/gcc/arm-none-eabi/7.3.1/../../../../arm-none-eabi/lib/thumb/v7-m\libc_nano.a(lib_a-init.o)
 .debug_frame   0x00000000000038cc       0x20 c:/st/stm32cubeide_1.3.0/stm32cubeide/plugins/com.st.stm32cube.ide.mcu.externaltools.gnu-tools-for-stm32.7-2018-q2-update.win32_1.4.0.202007081208/tools/bin/../lib/gcc/arm-none-eabi/7.3.1/../../../../arm-none-eabi/lib/thumb/v7-m\libc_nano.a(lib_a-memset.o)
 .debug_frame   0x00000000000038ec       0x6c c:/st/stm32cubeide_1.3.0/stm32cubeide/plugins/com.st.stm32cube.ide.mcu.externaltools.gnu-tools-for-stm32.7-2018-q2-update.win32_1.4.0.202007081208/tools/bin/../lib/gcc/arm-none-eabi/7.3.1/../../../../arm-none-eabi/lib/thumb/v7-m\libc_nano.a(lib_a-sprintf.o)
 .debug_frame   0x0000000000003958       0x20 c:/st/stm32cubeide_1.3.0/stm32cubeide/plugins/com.st.stm32cube.ide.mcu.externaltools.gnu-tools-for-stm32.7-2018-q2-update.win32_1.4.0.202007081208/tools/bin/../lib/gcc/arm-none-eabi/7.3.1/../../../../arm-none-eabi/lib/thumb/v7-m\libc_nano.a(lib_a-strchr.o)
 .debug_frame   0x0000000000003978       0x20 c:/st/stm32cubeide_1.3.0/stm32cubeide/plugins/com.st.stm32cube.ide.mcu.externaltools.gnu-tools-for-stm32.7-2018-q2-update.win32_1.4.0.202007081208/tools/bin/../lib/gcc/arm-none-eabi/7.3.1/../../../../arm-none-eabi/lib/thumb/v7-m\libc_nano.a(lib_a-strcmp.o)
 .debug_frame   0x0000000000003998       0x28 c:/st/stm32cubeide_1.3.0/stm32cubeide/plugins/com.st.stm32cube.ide.mcu.externaltools.gnu-tools-for-stm32.7-2018-q2-update.win32_1.4.0.202007081208/tools/bin/../lib/gcc/arm-none-eabi/7.3.1/../../../../arm-none-eabi/lib/thumb/v7-m\libc_nano.a(lib_a-strncmp.o)
 .debug_frame   0x00000000000039c0       0x30 c:/st/stm32cubeide_1.3.0/stm32cubeide/plugins/com.st.stm32cube.ide.mcu.externaltools.gnu-tools-for-stm32.7-2018-q2-update.win32_1.4.0.202007081208/tools/bin/../lib/gcc/arm-none-eabi/7.3.1/../../../../arm-none-eabi/lib/thumb/v7-m\libc_nano.a(lib_a-strstr.o)
 .debug_frame   0x00000000000039f0       0x90 c:/st/stm32cubeide_1.3.0/stm32cubeide/plugins/com.st.stm32cube.ide.mcu.externaltools.gnu-tools-for-stm32.7-2018-q2-update.win32_1.4.0.202007081208/tools/bin/../lib/gcc/arm-none-eabi/7.3.1/../../../../arm-none-eabi/lib/thumb/v7-m\libc_nano.a(lib_a-nano-svfprintf.o)
 .debug_frame   0x0000000000003a80       0x60 c:/st/stm32cubeide_1.3.0/stm32cubeide/plugins/com.st.stm32cube.ide.mcu.externaltools.gnu-tools-for-stm32.7-2018-q2-update.win32_1.4.0.202007081208/tools/bin/../lib/gcc/arm-none-eabi/7.3.1/../../../../arm-none-eabi/lib/thumb/v7-m\libc_nano.a(lib_a-nano-vfprintf_i.o)
 .debug_frame   0x0000000000003ae0       0x28 c:/st/stm32cubeide_1.3.0/stm32cubeide/plugins/com.st.stm32cube.ide.mcu.externaltools.gnu-tools-for-stm32.7-2018-q2-update.win32_1.4.0.202007081208/tools/bin/../lib/gcc/arm-none-eabi/7.3.1/../../../../arm-none-eabi/lib/thumb/v7-m\libc_nano.a(lib_a-memchr-stub.o)
 .debug_frame   0x0000000000003b08       0x28 c:/st/stm32cubeide_1.3.0/stm32cubeide/plugins/com.st.stm32cube.ide.mcu.externaltools.gnu-tools-for-stm32.7-2018-q2-update.win32_1.4.0.202007081208/tools/bin/../lib/gcc/arm-none-eabi/7.3.1/../../../../arm-none-eabi/lib/thumb/v7-m\libc_nano.a(lib_a-memcpy-stub.o)
 .debug_frame   0x0000000000003b30       0x28 c:/st/stm32cubeide_1.3.0/stm32cubeide/plugins/com.st.stm32cube.ide.mcu.externaltools.gnu-tools-for-stm32.7-2018-q2-update.win32_1.4.0.202007081208/tools/bin/../lib/gcc/arm-none-eabi/7.3.1/../../../../arm-none-eabi/lib/thumb/v7-m\libc_nano.a(lib_a-memmove.o)
 .debug_frame   0x0000000000003b58       0x38 c:/st/stm32cubeide_1.3.0/stm32cubeide/plugins/com.st.stm32cube.ide.mcu.externaltools.gnu-tools-for-stm32.7-2018-q2-update.win32_1.4.0.202007081208/tools/bin/../lib/gcc/arm-none-eabi/7.3.1/../../../../arm-none-eabi/lib/thumb/v7-m\libc_nano.a(lib_a-nano-freer.o)
 .debug_frame   0x0000000000003b90       0x2c c:/st/stm32cubeide_1.3.0/stm32cubeide/plugins/com.st.stm32cube.ide.mcu.externaltools.gnu-tools-for-stm32.7-2018-q2-update.win32_1.4.0.202007081208/tools/bin/../lib/gcc/arm-none-eabi/7.3.1/../../../../arm-none-eabi/lib/thumb/v7-m\libc_nano.a(lib_a-nano-mallocr.o)