Archive member included to satisfy reference by file (symbol)

c:/st/stm32cubeide_1.3.0/stm32cubeide/plugins/com.st.stm32cube.ide.mcu.externaltools.gnu-tools-for-stm32.7-2018-q2-update.win32_1.4.0.202007081208/tools/bin/../lib/gcc/arm-none-eabi/7.3.1/../../../../arm-none-eabi/lib/thumb/v7-m\libc_nano.a(lib_a-errno.o)
                              Core/Src/syscalls.o (__errno)
c:/st/stm32cubeide_1.3.0/stm32cubeide/plugins/com.st.stm32cube.ide.mcu.externaltools.gnu-tools-for-stm32.7-2018-q2-update.win32_1.4.0.202007081208/tools/bin/../lib/gcc/arm-none-eabi/7.3.1/../../../../arm-none-eabi/lib/thumb/v7-m\libc_nano.a(lib_a-exit.o)
                              c:/st/stm32cubeide_1.3.0/stm32cubeide/plugins/com.st.stm32cube.ide.mcu.externaltools.gnu-tools-for-stm32.7-2018-q2-update.win32_1.4.0.202007081208/tools/bin/../lib/gcc/arm-none-eabi/7.3.1/../../../../arm-none-eabi/lib/thumb/v7-m/crt0.o (exit)
c:/st/stm32cubeide_1.3.0/stm32cubeide/plugins/com.st.stm32cube.ide.mcu.externaltools.gnu-tools-for-stm32.7-2018-q2-update.win32_1.4.0.202007081208/tools/bin/../lib/gcc/arm-none-eabi/7.3.1/../../../../arm-none-eabi/lib/thumb/v7-m\libc_nano.a(lib_a-impure.o)
                              c:/st/stm32cubeide_1.3.0/stm32cubeide/plugins/com.st.stm32cube.ide.mcu.externaltools.gnu-tools-for-stm32.7-2018-q2-update.win32_1.4.0.202007081208/tools/bin/../lib/gcc/arm-none-eabi/7.3.1/../../../../arm-none-eabi/lib/thumb/v7-m\libc_nano.a(lib_a-exit.o) (_global_impure_ptr)
c:/st/stm32cubeide_1.3.0/stm32cubeide/plugins/com.st.stm32cube.ide.mcu.externaltools.gnu-tools-for-stm32.7-2018-q2-update.win32_1.4.0.202007081208/tools/bin/../lib/gcc/arm-none-eabi/7.3.1/../../../../arm-none-eabi/lib/thumb/v7-m\libc_nano.a(lib_a-init.o)
                              c:/st/stm32cubeide_1.3.0/stm32cubeide/plugins/com.st.stm32cube.ide.mcu.externaltools.gnu-tools-for-stm32.7-2018-q2-update.win32_1.4.0.202007081208/tools/bin/../lib/gcc/arm-none-eabi/7.3.1/../../../../arm-none-eabi/lib/thumb/v7-m/crt0.o (__libc_init_array)
c:/st/stm32cubeide_1.3.0/stm32cubeide/plugins/com.st.stm32cube.ide.mcu.externaltools.gnu-tools-for-stm32.7-2018-q2-update.win32_1.4.0.202007081208/tools/bin/../lib/gcc/arm-none-eabi/7.3.1/../../../../arm-none-eabi/lib/thumb/v7-m\libc_nano.a(lib_a-memset.o)
                              c:/st/stm32cubeide_1.3.0/stm32cubeide/plugins/com.st.stm32cube.ide.mcu.externaltools.gnu-tools-for-stm32.7-2018-q2-update.win32_1.4.0.202007081208/tools/bin/../lib/gcc/arm-none-eabi/7.3.1/../../../../arm-none-eabi/lib/thumb/v7-m/crt0.o (memset)
c:/st/stm32cubeide_1.3.0/stm32cubeide/plugins/com.st.stm32cube.ide.mcu.externaltools.gnu-tools-for-stm32.7-2018-q2-update.win32_1.4.0.202007081208/tools/bin/../lib/gcc/arm-none-eabi/7.3.1/thumb/v7-m\libgcc.a(_arm_addsubdf3.o)
                              Core/Src/main.o (__aeabi_dsub)
c:/st/stm32cubeide_1.3.0/stm32cubeide/plugins/com.st.stm32cube.ide.mcu.externaltools.gnu-tools-for-stm32.7-2018-q2-update.win32_1.4.0.202007081208/tools/bin/../lib/gcc/arm-none-eabi/7.3.1/thumb/v7-m\libgcc.a(_arm_muldivdf3.o)
                              Core/Src/lcd.o (__aeabi_dmul)
c:/st/stm32cubeide_1.3.0/stm32cubeide/plugins/com.st.stm32cube.ide.mcu.externaltools.gnu-tools-for-stm32.7-2018-q2-update.win32_1.4.0.202007081208/tools/bin/../lib/gcc/arm-none-eabi/7.3.1/thumb/v7-m\libgcc.a(_arm_fixunsdfsi.o)
                              Core/Src/lcd.o (__aeabi_d2uiz)
c:/st/stm32cubeide_1.3.0/stm32cubeide/plugins/com.st.stm32cube.ide.mcu.externaltools.gnu-tools-for-stm32.7-2018-q2-update.win32_1.4.0.202007081208/tools/bin/../lib/gcc/arm-none-eabi/7.3.1/thumb/v7-m\libgcc.a(_arm_truncdfsf2.o)
                              Core/Src/main.o (__aeabi_d2f)

Allocating common symbols
Common symbol       size              file

lcdInput            0x6c              Core/Src/main.o
uwTick              0x4               Drivers/STM32F1xx_HAL_Driver/Src/stm32f1xx_hal.o
pFlash              0x20              Drivers/STM32F1xx_HAL_Driver/Src/stm32f1xx_hal_flash.o
uRx_Data            0x400             Core/Src/main.o
hadc1               0x30              Core/Src/adc.o
huart1              0x40              Core/Src/usart.o
rxBuffer            0xc               Core/Src/main.o
lcddev              0xe               Core/Src/lcd.o
huart2              0x40              Core/Src/usart.o
lcdInputLen         0x24              Core/Src/main.o

Discarded input sections

 .text          0x0000000000000000        0x0 c:/st/stm32cubeide_1.3.0/stm32cubeide/plugins/com.st.stm32cube.ide.mcu.externaltools.gnu-tools-for-stm32.7-2018-q2-update.win32_1.4.0.202007081208/tools/bin/../lib/gcc/arm-none-eabi/7.3.1/thumb/v7-m/crti.o
 .data          0x0000000000000000        0x0 c:/st/stm32cubeide_1.3.0/stm32cubeide/plugins/com.st.stm32cube.ide.mcu.externaltools.gnu-tools-for-stm32.7-2018-q2-update.win32_1.4.0.202007081208/tools/bin/../lib/gcc/arm-none-eabi/7.3.1/thumb/v7-m/crti.o
[...]
Memory Configuration

Name             Origin             Length             Attributes
RAM              0x0000000020000000 0x000000000000c000 xrw
FLASH            0x0000000008000000 0x0000000000040000 xr
*default*        0x0000000000000000 0xffffffffffffffff

Linker script and memory map

LOAD c:/st/stm32cubeide_1.3.0/stm32cubeide/plugins/com.st.stm32cube.ide.mcu.externaltools.gnu-tools-for-stm32.7-2018-q2-update.win32_1.4.0.202007081208/tools/bin/../lib/gcc/arm-none-eabi/7.3.1/thumb/v7-m/crti.o
LOAD c:/st/stm32cubeide_1.3.0/stm32cubeide/plugins/com.st.stm32cube.ide.mcu.externaltools.gnu-tools-for-stm32.7-2018-q2-update.win32_1.4.0.202007081208/tools/bin/../lib/gcc/arm-none-eabi/7.3.1/thumb/v7-m/crtbegin.o
LOAD c:/st/stm32cubeide_1.3.0/stm32cubeide/plugins/com.st.stm32cube.ide.mcu.externaltools.gnu-tools-for-stm32.7-2018-q2-update.win32_1.4.0.202007081208/tools/bin/../lib/gcc/arm-none-eabi/7.3.1/../../../../arm-none-eabi/lib/thumb/v7-m/crt0.o
LOAD Core/Src/adc.o
LOAD Core/Src/gpio.o
LOAD Core/Src/lcd.o
LOAD Core/Src/main.o
LOAD Core/Src/stm32f1xx_hal_msp.o
LOAD Core/Src/stm32f1xx_it.o
LOAD Core/Src/syscalls.o
LOAD Core/Src/sysmem.o
LOAD Core/Src/system_stm32f1xx.o
LOAD Core/Src/usart.o
LOAD Core/Startup/startup_stm32f103rctx.o
LOAD Drivers/STM32F1xx_HAL_Driver/Src/stm32f1xx_hal.o
LOAD Drivers/STM32F1xx_HAL_Driver/Src/stm32f1xx_hal_adc.o
LOAD Drivers/STM32F1xx_HAL_Driver/Src/stm32f1xx_hal_adc_ex.o
LOAD Drivers/STM32F1xx_HAL_Driver/Src/stm32f1xx_hal_cortex.o
LOAD Drivers/STM32F1xx_HAL_Driver/Src/stm32f1xx_hal_dma.o
LOAD Drivers/STM32F1xx_HAL_Driver/Src/stm32f1xx_hal_exti.o
LOAD Drivers/STM32F1xx_HAL_Driver/Src/stm32f1xx_hal_flash.o
LOAD Drivers/STM32F1xx_HAL_Driver/Src/stm32f1xx_hal_flash_ex.o
LOAD Drivers/STM32F1xx_HAL_Driver/Src/stm32f1xx_hal_gpio.o
LOAD Drivers/STM32F1xx_HAL_Driver/Src/stm32f1xx_hal_gpio_ex.o
LOAD Drivers/STM32F1xx_HAL_Driver/Src/stm32f1xx_hal_pwr.o
LOAD Drivers/STM32F1xx_HAL_Driver/Src/stm32f1xx_hal_rcc.o
LOAD Drivers/STM32F1xx_HAL_Driver/Src/stm32f1xx_hal_rcc_ex.o
LOAD Drivers/STM32F1xx_HAL_Driver/Src/stm32f1xx_hal_tim.o
LOAD Drivers/STM32F1xx_HAL_Driver/Src/stm32f1xx_hal_tim_ex.o
LOAD Drivers/STM32F1xx_HAL_Driver/Src/stm32f1xx_hal_uart.o
START GROUP
LOAD c:/st/stm32cubeide_1.3.0/stm32cubeide/plugins/com.st.stm32cube.ide.mcu.externaltools.gnu-tools-for-stm32.7-2018-q2-update.win32_1.4.0.202007081208/tools/bin/../lib/gcc/arm-none-eabi/7.3.1/../../../../arm-none-eabi/lib/thumb/v7-m\libc_nano.a
LOAD c:/st/stm32cubeide_1.3.0/stm32cubeide/plugins/com.st.stm32cube.ide.mcu.externaltools.gnu-tools-for-stm32.7-2018-q2-update.win32_1.4.0.202007081208/tools/bin/../lib/gcc/arm-none-eabi/7.3.1/../../../../arm-none-eabi/lib/thumb/v7-m\libm.a
END GROUP
START GROUP
LOAD c:/st/stm32cubeide_1.3.0/stm32cubeide/plugins/com.st.stm32cube.ide.mcu.externaltools.gnu-tools-for-stm32.7-2018-q2-update.win32_1.4.0.202007081208/tools/bin/../lib/gcc/arm-none-eabi/7.3.1/thumb/v7-m\libgcc.a
LOAD c:/st/stm32cubeide_1.3.0/stm32cubeide/plugins/com.st.stm32cube.ide.mcu.externaltools.gnu-tools-for-stm32.7-2018-q2-update.win32_1.4.0.202007081208/tools/bin/../lib/gcc/arm-none-eabi/7.3.1/../../../../arm-none-eabi/lib/thumb/v7-m\libc_nano.a
END GROUP
START GROUP
LOAD c:/st/stm32cubeide_1.3.0/stm32cubeide/plugins/com.st.stm32cube.ide.mcu.externaltools.gnu-tools-for-stm32.7-2018-q2-update.win32_1.4.0.202007081208/tools/bin/../lib/gcc/arm-none-eabi/7.3.1/thumb/v7-m\libgcc.a
LOAD c:/st/stm32cubeide_1.3.0/stm32cubeide/plugins/com.st.stm32cube.ide.mcu.externaltools.gnu-tools-for-stm32.7-2018-q2-update.win32_1.4.0.202007081208/tools/bin/../lib/gcc/arm-none-eabi/7.3.1/../../../../arm-none-eabi/lib/thumb/v7-m\libc_nano.a
LOAD c:/st/stm32cubeide_1.3.0/stm32cubeide/plugins/com.st.stm32cube.ide.mcu.externaltools.gnu-tools-for-stm32.7-2018-q2-update.win32_1.4.0.202007081208/tools/bin/../lib/gcc/arm-none-eabi/7.3.1/../../../../arm-none-eabi/lib/thumb/v7-m\libnosys.a
END GROUP
START GROUP
LOAD c:/st/stm32cubeide_1.3.0/stm32cubeide/plugins/com.st.stm32cube.ide.mcu.externaltools.gnu-tools-for-stm32.7-2018-q2-update.win32_1.4.0.202007081208/tools/bin/../lib/gcc/arm-none-eabi/7.3.1/thumb/v7-m\libgcc.a
LOAD c:/st/stm32cubeide_1.3.0/stm32cubeide/plugins/com.st.stm32cube.ide.mcu.externaltools.gnu-tools-for-stm32.7-2018-q2-update.win32_1.4.0.202007081208/tools/bin/../lib/gcc/arm-none-eabi/7.3.1/../../../../arm-none-eabi/lib/thumb/v7-m\libc_nano.a
LOAD c:/st/stm32cubeide_1.3.0/stm32cubeide/plugins/com.st.stm32cube.ide.mcu.externaltools.gnu-tools-for-stm32.7-2018-q2-update.win32_1.4.0.202007081208/tools/bin/../lib/gcc/arm-none-eabi/7.3.1/../../../../arm-none-eabi/lib/thumb/v7-m\libnosys.a
END GROUP
LOAD c:/st/stm32cubeide_1.3.0/stm32cubeide/plugins/com.st.stm32cube.ide.mcu.externaltools.gnu-tools-for-stm32.7-2018-q2-update.win32_1.4.0.202007081208/tools/bin/../lib/gcc/arm-none-eabi/7.3.1/thumb/v7-m/crtend.o
LOAD c:/st/stm32cubeide_1.3.0/stm32cubeide/plugins/com.st.stm32cube.ide.mcu.externaltools.gnu-tools-for-stm32.7-2018-q2-update.win32_1.4.0.202007081208/tools/bin/../lib/gcc/arm-none-eabi/7.3.1/thumb/v7-m/crtn.o
                0x000000002000c000                _estack = (ORIGIN (RAM) + LENGTH (RAM))
                0x0000000000000200                _Min_Heap_Size = 0x200
                0x0000000000000400                _Min_Stack_Size = 0x400

.isr_vector     0x0000000008000000      0x1e4
                0x0000000008000000                . = ALIGN (0x4)
 *(.isr_vector)
 .isr_vector    0x0000000008000000      0x1e4 Core/Startup/startup_stm32f103rctx.o
                0x0000000008000000                g_pfnVectors
                0x00000000080001e4                . = ALIGN (0x4)

.text           0x00000000080001e8     0x94e4
                0x00000000080001e8                . = ALIGN (0x4)
 *(.text)
 .text          0x00000000080001e8       0x40 c:/st/stm32cubeide_1.3.0/stm32cubeide/plugins/com.st.stm32cube.ide.mcu.externaltools.gnu-tools-for-stm32.7-2018-q2-update.win32_1.4.0.202007081208/tools/bin/../lib/gcc/arm-none-eabi/7.3.1/thumb/v7-m/crtbegin.o
 .text          0x0000000008000228      0x378 c:/st/stm32cubeide_1.3.0/stm32cubeide/plugins/com.st.stm32cube.ide.mcu.externaltools.gnu-tools-for-stm32.7-2018-q2-update.win32_1.4.0.202007081208/tools/bin/../lib/gcc/arm-none-eabi/7.3.1/thumb/v7-m\libgcc.a(_arm_addsubdf3.o)
                0x0000000008000228                __aeabi_drsub
                0x0000000008000230                __aeabi_dsub
                0x0000000008000230                __subdf3
                0x0000000008000234                __aeabi_dadd
                0x0000000008000234                __adddf3
                0x00000000080004ac                __floatunsidf
                0x00000000080004ac                __aeabi_ui2d
                0x00000000080004cc                __floatsidf
                0x00000000080004cc                __aeabi_i2d
                0x00000000080004f0                __aeabi_f2d
                0x00000000080004f0                __extendsfdf2
                0x0000000008000534                __floatundidf
                0x0000000008000534                __aeabi_ul2d
                0x0000000008000544                __floatdidf
                0x0000000008000544                __aeabi_l2d
 .text          0x00000000080005a0      0x424 c:/st/stm32cubeide_1.3.0/stm32cubeide/plugins/com.st.stm32cube.ide.mcu.externaltools.gnu-tools-for-stm32.7-2018-q2-update.win32_1.4.0.202007081208/tools/bin/../lib/gcc/arm-none-eabi/7.3.1/thumb/v7-m\libgcc.a(_arm_muldivdf3.o)
                0x00000000080005a0                __aeabi_dmul
                0x00000000080005a0                __muldf3
                0x00000000080007f4                __divdf3
                0x00000000080007f4                __aeabi_ddiv
 .text          0x00000000080009c4       0x40 c:/st/stm32cubeide_1.3.0/stm32cubeide/plugins/com.st.stm32cube.ide.mcu.externaltools.gnu-tools-for-stm32.7-2018-q2-update.win32_1.4.0.202007081208/tools/bin/../lib/gcc/arm-none-eabi/7.3.1/thumb/v7-m\libgcc.a(_arm_fixunsdfsi.o)
                0x00000000080009c4                __aeabi_d2uiz
                0x00000000080009c4                __fixunsdfsi
 .text          0x0000000008000a04       0xa0 c:/st/stm32cubeide_1.3.0/stm32cubeide/plugins/com.st.stm32cube.ide.mcu.externaltools.gnu-tools-for-stm32.7-2018-q2-update.win32_1.4.0.202007081208/tools/bin/../lib/gcc/arm-none-eabi/7.3.1/thumb/v7-m\libgcc.a(_arm_truncdfsf2.o)
                0x0000000008000a04                __truncdfsf2
                0x0000000008000a04                __aeabi_d2f
 *(.text*)
 .text.MX_ADC1_Init
                0x0000000008000aa4       0x7c Core/Src/adc.o
                0x0000000008000aa4                MX_ADC1_Init
 .text.HAL_ADC_MspInit
                0x0000000008000b20       0x3c Core/Src/adc.o
                0x0000000008000b20                HAL_ADC_MspInit
 .text.MX_GPIO_Init
                0x0000000008000b5c       0xf8 Core/Src/gpio.o
                0x0000000008000b5c                MX_GPIO_Init
 .text.LCD_WR_REG
                0x0000000008000c54       0x48 Core/Src/lcd.o
                0x0000000008000c54                LCD_WR_REG
 .text.LCD_WR_DATAX
                0x0000000008000c9c       0x48 Core/Src/lcd.o
                0x0000000008000c9c                LCD_WR_DATAX
 .text.LCD_RD_DATA
                0x0000000008000ce4       0x88 Core/Src/lcd.o
                0x0000000008000ce4                LCD_RD_DATA
 .text.LCD_WriteReg
                0x0000000008000d6c       0x54 Core/Src/lcd.o
                0x0000000008000d6c                LCD_WriteReg
 .text.LCD_ReadReg
                0x0000000008000dc0       0x20 Core/Src/lcd.o
                0x0000000008000dc0                LCD_ReadReg
 .text.LCD_WriteRAM_Prepare
                0x0000000008000de0       0x18 Core/Src/lcd.o
                0x0000000008000de0                LCD_WriteRAM_Prepare
 .text.LCD_SetCursor
                0x0000000008000df8      0x598 Core/Src/lcd.o
                0x0000000008000df8                LCD_SetCursor
 .text.LCD_Scan_Dir
                0x0000000008001390      0x624 Core/Src/lcd.o
                0x0000000008001390                LCD_Scan_Dir
 .text.LCD_DrawPoint
                0x00000000080019b4       0x60 Core/Src/lcd.o
                0x00000000080019b4                LCD_DrawPoint
 .text.LCD_Fast_DrawPoint
                0x0000000008001a14      0x52c Core/Src/lcd.o
                0x0000000008001a14                LCD_Fast_DrawPoint
 .text.LCD_SSD_BackLightSet
                0x0000000008001f40      0x148 Core/Src/lcd.o
                0x0000000008001f40                LCD_SSD_BackLightSet
 .text.LCD_Display_Dir
                0x0000000008002088      0x218 Core/Src/lcd.o
                0x0000000008002088                LCD_Display_Dir
 .text.LCD_Init
                0x00000000080022a0     0x3e5c Core/Src/lcd.o
                0x00000000080022a0                LCD_Init
 .text.LCD_Clear
                0x00000000080060fc       0xc4 Core/Src/lcd.o
                0x00000000080060fc                LCD_Clear
 .text.LCD_Fill
                0x00000000080061c0      0x118 Core/Src/lcd.o
                0x00000000080061c0                LCD_Fill
 .text.LCD_DrawLine
                0x00000000080062d8      0x106 Core/Src/lcd.o
                0x00000000080062d8                LCD_DrawLine
 .text.LCD_DrawRectangle
                0x00000000080063de       0x56 Core/Src/lcd.o
                0x00000000080063de                LCD_DrawRectangle
 .text.LCD_ShowChar
                0x0000000008006434      0x15c Core/Src/lcd.o
                0x0000000008006434                LCD_ShowChar
 .text.LCD_ShowString
                0x0000000008006590       0x9c Core/Src/lcd.o
                0x0000000008006590                LCD_ShowString
 *fill*         0x000000000800662c        0x4 
 .text.HAL_UART_RxCpltCallback
                0x0000000008006630      0x748 Core/Src/main.o
                0x0000000008006630                HAL_UART_RxCpltCallback
 .text.main     0x0000000008006d78       0xac Core/Src/main.o
                0x0000000008006d78                main
 .text.SystemClock_Config
                0x0000000008006e24       0xba Core/Src/main.o
                0x0000000008006e24                SystemClock_Config
 .text.Error_Handler
                0x0000000008006ede        0xc Core/Src/main.o
                0x0000000008006ede                Error_Handler
 *fill*         0x0000000008006eea        0x2 
 .text.HAL_MspInit
                0x0000000008006eec       0x64 Core/Src/stm32f1xx_hal_msp.o
                0x0000000008006eec                HAL_MspInit
 .text.NMI_Handler
                0x0000000008006f50        0xc Core/Src/stm32f1xx_it.o
                0x0000000008006f50                NMI_Handler
 .text.HardFault_Handler
                0x0000000008006f5c        0x6 Core/Src/stm32f1xx_it.o
                0x0000000008006f5c                HardFault_Handler
 .text.MemManage_Handler
                0x0000000008006f62        0x6 Core/Src/stm32f1xx_it.o
                0x0000000008006f62                MemManage_Handler
 .text.BusFault_Handler
                0x0000000008006f68        0x6 Core/Src/stm32f1xx_it.o
                0x0000000008006f68                BusFault_Handler
 .text.UsageFault_Handler
                0x0000000008006f6e        0x6 Core/Src/stm32f1xx_it.o
                0x0000000008006f6e                UsageFault_Handler
 .text.SVC_Handler
                0x0000000008006f74        0xc Core/Src/stm32f1xx_it.o
                0x0000000008006f74                SVC_Handler
 .text.DebugMon_Handler
                0x0000000008006f80        0xc Core/Src/stm32f1xx_it.o
                0x0000000008006f80                DebugMon_Handler
 .text.PendSV_Handler
                0x0000000008006f8c        0xc Core/Src/stm32f1xx_it.o
                0x0000000008006f8c                PendSV_Handler
 .text.SysTick_Handler
                0x0000000008006f98        0xc Core/Src/stm32f1xx_it.o
                0x0000000008006f98                SysTick_Handler
 .text.USART1_IRQHandler
                0x0000000008006fa4       0x20 Core/Src/stm32f1xx_it.o
                0x0000000008006fa4                USART1_IRQHandler
 .text.USART2_IRQHandler
                0x0000000008006fc4       0x14 Core/Src/stm32f1xx_it.o
                0x0000000008006fc4                USART2_IRQHandler
 .text.SystemInit
                0x0000000008006fd8        0xc Core/Src/system_stm32f1xx.o
                0x0000000008006fd8                SystemInit
 .text.MX_USART1_UART_Init
                0x0000000008006fe4       0x54 Core/Src/usart.o
                0x0000000008006fe4                MX_USART1_UART_Init
 .text.MX_USART2_UART_Init
                0x0000000008007038       0x54 Core/Src/usart.o
                0x0000000008007038                MX_USART2_UART_Init
 .text.HAL_UART_MspInit
                0x000000000800708c      0x128 Core/Src/usart.o
                0x000000000800708c                HAL_UART_MspInit
 .text.Reset_Handler
                0x00000000080071b4       0x48 Core/Startup/startup_stm32f103rctx.o
                0x00000000080071b4                Reset_Handler
 .text.Default_Handler
                0x00000000080071fc        0x2 Core/Startup/startup_stm32f103rctx.o
                0x00000000080071fc                RTC_Alarm_IRQHandler
                0x00000000080071fc                EXTI2_IRQHandler
                0x00000000080071fc                TIM8_TRG_COM_IRQHandler
                0x00000000080071fc                TIM8_CC_IRQHandler
                0x00000000080071fc                TIM1_CC_IRQHandler
                0x00000000080071fc                TIM6_IRQHandler
                0x00000000080071fc                PVD_IRQHandler
                0x00000000080071fc                SDIO_IRQHandler
                0x00000000080071fc                EXTI3_IRQHandler
                0x00000000080071fc                EXTI0_IRQHandler
                0x00000000080071fc                I2C2_EV_IRQHandler
                0x00000000080071fc                ADC1_2_IRQHandler
                0x00000000080071fc                SPI1_IRQHandler
                0x00000000080071fc                TAMPER_IRQHandler
                0x00000000080071fc                TIM8_UP_IRQHandler
                0x00000000080071fc                DMA2_Channel2_IRQHandler
                0x00000000080071fc                DMA1_Channel4_IRQHandler
                0x00000000080071fc                USART3_IRQHandler
                0x00000000080071fc                RTC_IRQHandler
                0x00000000080071fc                DMA1_Channel7_IRQHandler
                0x00000000080071fc                CAN1_RX1_IRQHandler
                0x00000000080071fc                UART5_IRQHandler
                0x00000000080071fc                ADC3_IRQHandler
                0x00000000080071fc                TIM4_IRQHandler
                0x00000000080071fc                DMA2_Channel1_IRQHandler
                0x00000000080071fc                I2C1_EV_IRQHandler
                0x00000000080071fc                DMA1_Channel6_IRQHandler
                0x00000000080071fc                UART4_IRQHandler
                0x00000000080071fc                TIM3_IRQHandler
                0x00000000080071fc                RCC_IRQHandler
                0x00000000080071fc                TIM1_TRG_COM_IRQHandler
                0x00000000080071fc                DMA1_Channel1_IRQHandler
                0x00000000080071fc                Default_Handler
                0x00000000080071fc                EXTI15_10_IRQHandler
                0x00000000080071fc                TIM7_IRQHandler
                0x00000000080071fc                TIM5_IRQHandler
                0x00000000080071fc                EXTI9_5_IRQHandler
                0x00000000080071fc                SPI2_IRQHandler
                0x00000000080071fc                DMA1_Channel5_IRQHandler
                0x00000000080071fc                EXTI4_IRQHandler
                0x00000000080071fc                USB_LP_CAN1_RX0_IRQHandler
                0x00000000080071fc                USB_HP_CAN1_TX_IRQHandler
                0x00000000080071fc                DMA1_Channel3_IRQHandler
                0x00000000080071fc                FSMC_IRQHandler
                0x00000000080071fc                TIM1_UP_IRQHandler
                0x00000000080071fc                WWDG_IRQHandler
                0x00000000080071fc                TIM2_IRQHandler
                0x00000000080071fc                TIM1_BRK_IRQHandler
                0x00000000080071fc                EXTI1_IRQHandler
                0x00000000080071fc                DMA2_Channel4_5_IRQHandler
                0x00000000080071fc                I2C2_ER_IRQHandler
                0x00000000080071fc                DMA1_Channel2_IRQHandler
                0x00000000080071fc                TIM8_BRK_IRQHandler
                0x00000000080071fc                CAN1_SCE_IRQHandler
                0x00000000080071fc                FLASH_IRQHandler
                0x00000000080071fc                SPI3_IRQHandler
                0x00000000080071fc                I2C1_ER_IRQHandler
                0x00000000080071fc                USBWakeUp_IRQHandler
                0x00000000080071fc                DMA2_Channel3_IRQHandler
 *fill*         0x00000000080071fe        0x2 
 .text.HAL_Init
                0x0000000008007200       0x2c Drivers/STM32F1xx_HAL_Driver/Src/stm32f1xx_hal.o
                0x0000000008007200                HAL_Init
 .text.HAL_InitTick
                0x000000000800722c       0x60 Drivers/STM32F1xx_HAL_Driver/Src/stm32f1xx_hal.o
                0x000000000800722c                HAL_InitTick
 .text.HAL_IncTick
                0x000000000800728c       0x24 Drivers/STM32F1xx_HAL_Driver/Src/stm32f1xx_hal.o
                0x000000000800728c                HAL_IncTick
 .text.HAL_GetTick
                0x00000000080072b0       0x14 Drivers/STM32F1xx_HAL_Driver/Src/stm32f1xx_hal.o
                0x00000000080072b0                HAL_GetTick
 .text.HAL_Delay
                0x00000000080072c4       0x44 Drivers/STM32F1xx_HAL_Driver/Src/stm32f1xx_hal.o
                0x00000000080072c4                HAL_Delay
 .text.HAL_ADC_Init
                0x0000000008007308      0x1d4 Drivers/STM32F1xx_HAL_Driver/Src/stm32f1xx_hal_adc.o
                0x0000000008007308                HAL_ADC_Init
 .text.HAL_ADC_Start
                0x00000000080074dc      0x15c Drivers/STM32F1xx_HAL_Driver/Src/stm32f1xx_hal_adc.o
                0x00000000080074dc                HAL_ADC_Start
 .text.HAL_ADC_PollForConversion
                0x0000000008007638      0x1f4 Drivers/STM32F1xx_HAL_Driver/Src/stm32f1xx_hal_adc.o
                0x0000000008007638                HAL_ADC_PollForConversion
 .text.HAL_ADC_GetValue
                0x000000000800782c       0x18 Drivers/STM32F1xx_HAL_Driver/Src/stm32f1xx_hal_adc.o
                0x000000000800782c                HAL_ADC_GetValue
 .text.HAL_ADC_ConfigChannel
                0x0000000008007844      0x1f0 Drivers/STM32F1xx_HAL_Driver/Src/stm32f1xx_hal_adc.o
                0x0000000008007844                HAL_ADC_ConfigChannel
 .text.ADC_Enable
                0x0000000008007a34       0xa4 Drivers/STM32F1xx_HAL_Driver/Src/stm32f1xx_hal_adc.o
                0x0000000008007a34                ADC_Enable
 .text.ADC_ConversionStop_Disable
                0x0000000008007ad8       0x74 Drivers/STM32F1xx_HAL_Driver/Src/stm32f1xx_hal_adc.o
                0x0000000008007ad8                ADC_ConversionStop_Disable
 .text.__NVIC_SetPriorityGrouping
                0x0000000008007b4c       0x48 Drivers/STM32F1xx_HAL_Driver/Src/stm32f1xx_hal_cortex.o
 .text.__NVIC_GetPriorityGrouping
                0x0000000008007b94       0x1c Drivers/STM32F1xx_HAL_Driver/Src/stm32f1xx_hal_cortex.o
 .text.__NVIC_EnableIRQ
                0x0000000008007bb0       0x38 Drivers/STM32F1xx_HAL_Driver/Src/stm32f1xx_hal_cortex.o
 .text.__NVIC_SetPriority
                0x0000000008007be8       0x54 Drivers/STM32F1xx_HAL_Driver/Src/stm32f1xx_hal_cortex.o
 .text.NVIC_EncodePriority
                0x0000000008007c3c       0x64 Drivers/STM32F1xx_HAL_Driver/Src/stm32f1xx_hal_cortex.o
 .text.SysTick_Config
                0x0000000008007ca0       0x44 Drivers/STM32F1xx_HAL_Driver/Src/stm32f1xx_hal_cortex.o
 .text.HAL_NVIC_SetPriorityGrouping
                0x0000000008007ce4       0x16 Drivers/STM32F1xx_HAL_Driver/Src/stm32f1xx_hal_cortex.o
                0x0000000008007ce4                HAL_NVIC_SetPriorityGrouping
 .text.HAL_NVIC_SetPriority
                0x0000000008007cfa       0x38 Drivers/STM32F1xx_HAL_Driver/Src/stm32f1xx_hal_cortex.o
                0x0000000008007cfa                HAL_NVIC_SetPriority
 .text.HAL_NVIC_EnableIRQ
                0x0000000008007d32       0x1c Drivers/STM32F1xx_HAL_Driver/Src/stm32f1xx_hal_cortex.o
                0x0000000008007d32                HAL_NVIC_EnableIRQ
 .text.HAL_SYSTICK_Config
                0x0000000008007d4e       0x18 Drivers/STM32F1xx_HAL_Driver/Src/stm32f1xx_hal_cortex.o
                0x0000000008007d4e                HAL_SYSTICK_Config
 *fill*         0x0000000008007d66        0x2 
 .text.HAL_DMA_Abort_IT
                0x0000000008007d68      0x210 Drivers/STM32F1xx_HAL_Driver/Src/stm32f1xx_hal_dma.o
                0x0000000008007d68                HAL_DMA_Abort_IT
 .text.HAL_GPIO_Init
                0x0000000008007f78      0x2d4 Drivers/STM32F1xx_HAL_Driver/Src/stm32f1xx_hal_gpio.o
                0x0000000008007f78                HAL_GPIO_Init
 .text.HAL_GPIO_WritePin
                0x000000000800824c       0x30 Drivers/STM32F1xx_HAL_Driver/Src/stm32f1xx_hal_gpio.o
                0x000000000800824c                HAL_GPIO_WritePin
 .text.HAL_RCC_OscConfig
                0x000000000800827c      0x500 Drivers/STM32F1xx_HAL_Driver/Src/stm32f1xx_hal_rcc.o
                0x000000000800827c                HAL_RCC_OscConfig
 .text.HAL_RCC_ClockConfig
                0x000000000800877c      0x1d4 Drivers/STM32F1xx_HAL_Driver/Src/stm32f1xx_hal_rcc.o
                0x000000000800877c                HAL_RCC_ClockConfig
 .text.HAL_RCC_GetSysClockFreq
                0x0000000008008950       0xc4 Drivers/STM32F1xx_HAL_Driver/Src/stm32f1xx_hal_rcc.o
                0x0000000008008950                HAL_RCC_GetSysClockFreq
 .text.HAL_RCC_GetHCLKFreq
                0x0000000008008a14       0x14 Drivers/STM32F1xx_HAL_Driver/Src/stm32f1xx_hal_rcc.o
                0x0000000008008a14                HAL_RCC_GetHCLKFreq
 .text.HAL_RCC_GetPCLK1Freq
                0x0000000008008a28       0x28 Drivers/STM32F1xx_HAL_Driver/Src/stm32f1xx_hal_rcc.o
                0x0000000008008a28                HAL_RCC_GetPCLK1Freq
 .text.HAL_RCC_GetPCLK2Freq
                0x0000000008008a50       0x28 Drivers/STM32F1xx_HAL_Driver/Src/stm32f1xx_hal_rcc.o
                0x0000000008008a50                HAL_RCC_GetPCLK2Freq
 .text.RCC_Delay
                0x0000000008008a78       0x3c Drivers/STM32F1xx_HAL_Driver/Src/stm32f1xx_hal_rcc.o
 .text.HAL_RCCEx_PeriphCLKConfig
                0x0000000008008ab4      0x16c Drivers/STM32F1xx_HAL_Driver/Src/stm32f1xx_hal_rcc_ex.o
                0x0000000008008ab4                HAL_RCCEx_PeriphCLKConfig
 .text.HAL_RCCEx_GetPeriphCLKFreq
                0x0000000008008c20      0x1d0 Drivers/STM32F1xx_HAL_Driver/Src/stm32f1xx_hal_rcc_ex.o
                0x0000000008008c20                HAL_RCCEx_GetPeriphCLKFreq
 .text.HAL_UART_Init
                0x0000000008008df0       0x9a Drivers/STM32F1xx_HAL_Driver/Src/stm32f1xx_hal_uart.o
                0x0000000008008df0                HAL_UART_Init
 .text.HAL_UART_Transmit
                0x0000000008008e8a      0x124 Drivers/STM32F1xx_HAL_Driver/Src/stm32f1xx_hal_uart.o
                0x0000000008008e8a                HAL_UART_Transmit
 .text.HAL_UART_Receive_IT
                0x0000000008008fae       0xa8 Drivers/STM32F1xx_HAL_Driver/Src/stm32f1xx_hal_uart.o
                0x0000000008008fae                HAL_UART_Receive_IT
 *fill*         0x0000000008009056        0x2 
 .text.HAL_UART_IRQHandler
                0x0000000008009058      0x200 Drivers/STM32F1xx_HAL_Driver/Src/stm32f1xx_hal_uart.o
                0x0000000008009058                HAL_UART_IRQHandler
 .text.HAL_UART_TxCpltCallback
                0x0000000008009258       0x12 Drivers/STM32F1xx_HAL_Driver/Src/stm32f1xx_hal_uart.o
                0x0000000008009258                HAL_UART_TxCpltCallback
 .text.HAL_UART_ErrorCallback
                0x000000000800926a       0x12 Drivers/STM32F1xx_HAL_Driver/Src/stm32f1xx_hal_uart.o
                0x000000000800926a                HAL_UART_ErrorCallback
 .text.UART_WaitOnFlagUntilTimeout
                0x000000000800927c       0x94 Drivers/STM32F1xx_HAL_Driver/Src/stm32f1xx_hal_uart.o
 .text.UART_EndRxTransfer
                0x0000000008009310       0x3a Drivers/STM32F1xx_HAL_Driver/Src/stm32f1xx_hal_uart.o
 .text.UART_DMAAbortOnError
                0x000000000800934a       0x28 Drivers/STM32F1xx_HAL_Driver/Src/stm32f1xx_hal_uart.o
 .text.UART_Transmit_IT
                0x0000000008009372       0x9e Drivers/STM32F1xx_HAL_Driver/Src/stm32f1xx_hal_uart.o
 .text.UART_EndTransmit_IT
                0x0000000008009410       0x30 Drivers/STM32F1xx_HAL_Driver/Src/stm32f1xx_hal_uart.o
 .text.UART_Receive_IT
                0x0000000008009440      0x100 Drivers/STM32F1xx_HAL_Driver/Src/stm32f1xx_hal_uart.o
 .text.UART_SetConfig
                0x0000000008009540      0x11c Drivers/STM32F1xx_HAL_Driver/Src/stm32f1xx_hal_uart.o
 .text.__libc_init_array
                0x000000000800965c       0x48 c:/st/stm32cubeide_1.3.0/stm32cubeide/plugins/com.st.stm32cube.ide.mcu.externaltools.gnu-tools-for-stm32.7-2018-q2-update.win32_1.4.0.202007081208/tools/bin/../lib/gcc/arm-none-eabi/7.3.1/../../../../arm-none-eabi/lib/thumb/v7-m\libc_nano.a(lib_a-init.o)
                0x000000000800965c                __libc_init_array
 .text.memset   0x00000000080096a4       0x10 c:/st/stm32cubeide_1.3.0/stm32cubeide/plugins/com.st.stm32cube.ide.mcu.externaltools.gnu-tools-for-stm32.7-2018-q2-update.win32_1.4.0.202007081208/tools/bin/../lib/gcc/arm-none-eabi/7.3.1/../../../../arm-none-eabi/lib/thumb/v7-m\libc_nano.a(lib_a-memset.o)
                0x00000000080096a4                memset
 *(.glue_7)
 .glue_7        0x00000000080096b4        0x0 linker stubs
 *(.glue_7t)
 .glue_7t       0x00000000080096b4        0x0 linker stubs
 *(.eh_frame)
 .eh_frame      0x00000000080096b4        0x0 c:/st/stm32cubeide_1.3.0/stm32cubeide/plugins/com.st.stm32cube.ide.mcu.externaltools.gnu-tools-for-stm32.7-2018-q2-update.win32_1.4.0.202007081208/tools/bin/../lib/gcc/arm-none-eabi/7.3.1/thumb/v7-m/crtbegin.o
 *(.init)
 .init          0x00000000080096b4        0x4 c:/st/stm32cubeide_1.3.0/stm32cubeide/plugins/com.st.stm32cube.ide.mcu.externaltools.gnu-tools-for-stm32.7-2018-q2-update.win32_1.4.0.202007081208/tools/bin/../lib/gcc/arm-none-eabi/7.3.1/thumb/v7-m/crti.o
                0x00000000080096b4                _init
 .init          0x00000000080096b8        0x8 c:/st/stm32cubeide_1.3.0/stm32cubeide/plugins/com.st.stm32cube.ide.mcu.externaltools.gnu-tools-for-stm32.7-2018-q2-update.win32_1.4.0.202007081208/tools/bin/../lib/gcc/arm-none-eabi/7.3.1/thumb/v7-m/crtn.o
 *(.fini)
 .fini          0x00000000080096c0        0x4 c:/st/stm32cubeide_1.3.0/stm32cubeide/plugins/com.st.stm32cube.ide.mcu.externaltools.gnu-tools-for-stm32.7-2018-q2-update.win32_1.4.0.202007081208/tools/bin/../lib/gcc/arm-none-eabi/7.3.1/thumb/v7-m/crti.o
                0x00000000080096c0                _fini
 .fini          0x00000000080096c4        0x8 c:/st/stm32cubeide_1.3.0/stm32cubeide/plugins/com.st.stm32cube.ide.mcu.externaltools.gnu-tools-for-stm32.7-2018-q2-update.win32_1.4.0.202007081208/tools/bin/../lib/gcc/arm-none-eabi/7.3.1/thumb/v7-m/crtn.o
                0x00000000080096cc                . = ALIGN (0x4)
                0x00000000080096cc                _etext = .

.vfp11_veneer   0x00000000080096cc        0x0
 .vfp11_veneer  0x00000000080096cc        0x0 linker stubs

.v4_bx          0x00000000080096cc        0x0
 .v4_bx         0x00000000080096cc        0x0 linker stubs

.iplt           0x00000000080096cc        0x0
 .iplt          0x00000000080096cc        0x0 c:/st/stm32cubeide_1.3.0/stm32cubeide/plugins/com.st.stm32cube.ide.mcu.externaltools.gnu-tools-for-stm32.7-2018-q2-update.win32_1.4.0.202007081208/tools/bin/../lib/gcc/arm-none-eabi/7.3.1/thumb/v7-m/crtbegin.o

.rodata         0x00000000080096cc     0x1800
                0x00000000080096cc                . = ALIGN (0x4)
 *(.rodata)
 .rodata        0x00000000080096cc       0x12 Drivers/STM32F1xx_HAL_Driver/Src/stm32f1xx_hal_rcc.o
 *fill*         0x00000000080096de        0x2 
 .rodata        0x00000000080096e0       0x12 Drivers/STM32F1xx_HAL_Driver/Src/stm32f1xx_hal_rcc_ex.o
 *(.rodata*)
 *fill*         0x00000000080096f2        0x2 
 .rodata.asc2_1206
                0x00000000080096f4      0x474 Core/Src/lcd.o
                0x00000000080096f4                asc2_1206
 .rodata.asc2_1608
                0x0000000008009b68      0x5f0 Core/Src/lcd.o
                0x0000000008009b68                asc2_1608
 .rodata.asc2_2412
                0x000000000800a158      0xd5c Core/Src/lcd.o
                0x000000000800a158                asc2_2412
 .rodata.AHBPrescTable
                0x000000000800aeb4       0x10 Core/Src/system_stm32f1xx.o
                0x000000000800aeb4                AHBPrescTable
 .rodata.APBPrescTable
                0x000000000800aec4        0x8 Core/Src/system_stm32f1xx.o
                0x000000000800aec4                APBPrescTable
                0x000000000800aecc                . = ALIGN (0x4)

.rel.dyn        0x000000000800aecc        0x0
 .rel.iplt      0x000000000800aecc        0x0 c:/st/stm32cubeide_1.3.0/stm32cubeide/plugins/com.st.stm32cube.ide.mcu.externaltools.gnu-tools-for-stm32.7-2018-q2-update.win32_1.4.0.202007081208/tools/bin/../lib/gcc/arm-none-eabi/7.3.1/thumb/v7-m/crtbegin.o

.ARM.extab      0x000000000800aecc        0x0
                0x000000000800aecc                . = ALIGN (0x4)
 *(.ARM.extab* .gnu.linkonce.armextab.*)
                0x000000000800aecc                . = ALIGN (0x4)

.ARM            0x000000000800aecc        0x0
                0x000000000800aecc                . = ALIGN (0x4)
                0x000000000800aecc                __exidx_start = .
 *(.ARM.exidx*)
                0x000000000800aecc                __exidx_end = .
                0x000000000800aecc                . = ALIGN (0x4)

.preinit_array  0x000000000800aecc        0x0
                0x000000000800aecc                . = ALIGN (0x4)
                0x000000000800aecc                PROVIDE (__preinit_array_start = .)
 *(.preinit_array*)
                0x000000000800aecc                PROVIDE (__preinit_array_end = .)
                0x000000000800aecc                . = ALIGN (0x4)

.init_array     0x000000000800aecc        0x4
                0x000000000800aecc                . = ALIGN (0x4)
                0x000000000800aecc                PROVIDE (__init_array_start = .)
 *(SORT_BY_NAME(.init_array.*))
 *(.init_array*)
 .init_array    0x000000000800aecc        0x4 c:/st/stm32cubeide_1.3.0/stm32cubeide/plugins/com.st.stm32cube.ide.mcu.externaltools.gnu-tools-for-stm32.7-2018-q2-update.win32_1.4.0.202007081208/tools/bin/../lib/gcc/arm-none-eabi/7.3.1/thumb/v7-m/crtbegin.o
                0x000000000800aed0                PROVIDE (__init_array_end = .)
                0x000000000800aed0                . = ALIGN (0x4)

.fini_array     0x000000000800aed0        0x4
                0x000000000800aed0                . = ALIGN (0x4)
                [!provide]                        PROVIDE (__fini_array_start = .)
 *(SORT_BY_NAME(.fini_array.*))
 *(.fini_array*)
 .fini_array    0x000000000800aed0        0x4 c:/st/stm32cubeide_1.3.0/stm32cubeide/plugins/com.st.stm32cube.ide.mcu.externaltools.gnu-tools-for-stm32.7-2018-q2-update.win32_1.4.0.202007081208/tools/bin/../lib/gcc/arm-none-eabi/7.3.1/thumb/v7-m/crtbegin.o
                [!provide]                        PROVIDE (__fini_array_end = .)
                0x000000000800aed4                . = ALIGN (0x4)
                0x000000000800aed4                _sidata = LOADADDR (.data)

.data           0x0000000020000000       0x10 load address 0x000000000800aed4
                0x0000000020000000                . = ALIGN (0x4)
                0x0000000020000000                _sdata = .
 *(.data)
 *(.data*)
 .data.BACK_COLOR
                0x0000000020000000        0x2 Core/Src/lcd.o
                0x0000000020000000                BACK_COLOR
 *fill*         0x0000000020000002        0x2 
 .data.SystemCoreClock
                0x0000000020000004        0x4 Core/Src/system_stm32f1xx.o
                0x0000000020000004                SystemCoreClock
 .data.uwTickPrio
                0x0000000020000008        0x4 Drivers/STM32F1xx_HAL_Driver/Src/stm32f1xx_hal.o
                0x0000000020000008                uwTickPrio
 .data.uwTickFreq
                0x000000002000000c        0x1 Drivers/STM32F1xx_HAL_Driver/Src/stm32f1xx_hal.o
                0x000000002000000c                uwTickFreq
                0x0000000020000010                . = ALIGN (0x4)
 *fill*         0x000000002000000d        0x3 
                0x0000000020000010                _edata = .

.igot.plt       0x0000000020000010        0x0 load address 0x000000000800aee4
 .igot.plt      0x0000000020000010        0x0 c:/st/stm32cubeide_1.3.0/stm32cubeide/plugins/com.st.stm32cube.ide.mcu.externaltools.gnu-tools-for-stm32.7-2018-q2-update.win32_1.4.0.202007081208/tools/bin/../lib/gcc/arm-none-eabi/7.3.1/thumb/v7-m/crtbegin.o
                0x0000000020000010                . = ALIGN (0x4)

.bss            0x0000000020000010      0xaa0 load address 0x000000000800aee4
                0x0000000020000010                _sbss = .
                0x0000000020000010                __bss_start__ = _sbss
 *(.bss)
 .bss           0x0000000020000010       0x1c c:/st/stm32cubeide_1.3.0/stm32cubeide/plugins/com.st.stm32cube.ide.mcu.externaltools.gnu-tools-for-stm32.7-2018-q2-update.win32_1.4.0.202007081208/tools/bin/../lib/gcc/arm-none-eabi/7.3.1/thumb/v7-m/crtbegin.o
 *(.bss*)
 .bss.POINT_COLOR
                0x000000002000002c        0x2 Core/Src/lcd.o
                0x000000002000002c                POINT_COLOR
 .bss.uLength.8035
                0x000000002000002e        0x1 Core/Src/main.o
 *fill*         0x000000002000002f        0x1 
 .bss.uRx_Data.8034
                0x0000000020000030      0x400 Core/Src/main.o
 .bss.b.8037    0x0000000020000430       0x19 Core/Src/main.o
 *fill*         0x0000000020000449        0x3 
 .bss.a.8036    0x000000002000044c       0x19 Core/Src/main.o
 *fill*         0x0000000020000465        0x3 
 .bss.c.8038    0x0000000020000468       0x19 Core/Src/main.o
 *fill*         0x0000000020000481        0x3 
 .bss.d.8039    0x0000000020000484       0x19 Core/Src/main.o
 *fill*         0x000000002000049d        0x3 
 .bss.e.8040    0x00000000200004a0       0x19 Core/Src/main.o
 *fill*         0x00000000200004b9        0x3 
 .bss.f.8041    0x00000000200004bc       0x19 Core/Src/main.o
 *fill*         0x00000000200004d5        0x3 
 .bss.g.8042    0x00000000200004d8       0x19 Core/Src/main.o
 *fill*         0x00000000200004f1        0x3 
 .bss.h.8043    0x00000000200004f4       0x19 Core/Src/main.o
 *fill*         0x000000002000050d        0x3 
 .bss.i.8044    0x0000000020000510       0x19 Core/Src/main.o
 *fill*         0x0000000020000529        0x3 
 .bss.ba.8046   0x000000002000052c        0x4 Core/Src/main.o
 .bss.aa.8045   0x0000000020000530        0x4 Core/Src/main.o
 .bss.ca.8047   0x0000000020000534        0x4 Core/Src/main.o
 .bss.da.8048   0x0000000020000538        0x4 Core/Src/main.o
 .bss.ea.8049   0x000000002000053c        0x4 Core/Src/main.o
 .bss.fa.8050   0x0000000020000540        0x4 Core/Src/main.o
 .bss.ga.8051   0x0000000020000544        0x4 Core/Src/main.o
 .bss.ha.8052   0x0000000020000548        0x4 Core/Src/main.o
 .bss.ia.8053   0x000000002000054c        0x4 Core/Src/main.o
 *(COMMON)
 COMMON         0x0000000020000550       0x30 Core/Src/adc.o
                0x0000000020000550                hadc1
 COMMON         0x0000000020000580        0xe Core/Src/lcd.o
                0x0000000020000580                lcddev
 *fill*         0x000000002000058e        0x2 
 COMMON         0x0000000020000590      0x49c Core/Src/main.o
                0x0000000020000590                lcdInput
                0x00000000200005fc                uRx_Data
                0x00000000200009fc                rxBuffer
                0x0000000020000a08                lcdInputLen
 COMMON         0x0000000020000a2c       0x80 Core/Src/usart.o
                0x0000000020000a2c                huart1
                0x0000000020000a6c                huart2
 COMMON         0x0000000020000aac        0x4 Drivers/STM32F1xx_HAL_Driver/Src/stm32f1xx_hal.o
                0x0000000020000aac                uwTick
                0x0000000020000ab0                . = ALIGN (0x4)
                0x0000000020000ab0                _ebss = .
                0x0000000020000ab0                __bss_end__ = _ebss

._user_heap_stack
                0x0000000020000ab0      0x600 load address 0x000000000800aee4
                0x0000000020000ab0                . = ALIGN (0x8)
                0x0000000020000ab0                PROVIDE (end = .)
                [!provide]                        PROVIDE (_end = .)
                0x0000000020000cb0                . = (. + _Min_Heap_Size)
 *fill*         0x0000000020000ab0      0x200 
                0x00000000200010b0                . = (. + _Min_Stack_Size)
 *fill*         0x0000000020000cb0      0x400 
                0x00000000200010b0                . = ALIGN (0x8)

/DISCARD/
 libc.a(*)
 libm.a(*)
 libgcc.a(*)

.ARM.attributes
                0x0000000000000000       0x29
 *(.ARM.attributes)
 .ARM.attributes
                0x0000000000000000       0x1d c:/st/stm32cubeide_1.3.0/stm32cubeide/plugins/com.st.stm32cube.ide.mcu.externaltools.gnu-tools-for-stm32.7-2018-q2-update.win32_1.4.0.202007081208/tools/bin/../lib/gcc/arm-none-eabi/7.3.1/thumb/v7-m/crti.o
 .ARM.attributes
                0x000000000000001d       0x2d c:/st/stm32cubeide_1.3.0/stm32cubeide/plugins/com.st.stm32cube.ide.mcu.externaltools.gnu-tools-for-stm32.7-2018-q2-update.win32_1.4.0.202007081208/tools/bin/../lib/gcc/arm-none-eabi/7.3.1/thumb/v7-m/crtbegin.o
 .ARM.attributes
                0x000000000000004a       0x33 Core/Src/adc.o
 .ARM.attributes
                0x000000000000007d       0x33 Core/Src/gpio.o
 .ARM.attributes
                0x00000000000000b0       0x33 Core/Src/lcd.o
 .ARM.attributes
                0x00000000000000e3       0x33 Core/Src/main.o
 .ARM.attributes
                0x0000000000000116       0x33 Core/Src/stm32f1xx_hal_msp.o
 .ARM.attributes
                0x0000000000000149       0x33 Core/Src/stm32f1xx_it.o
 .ARM.attributes
                0x000000000000017c       0x33 Core/Src/system_stm32f1xx.o
 .ARM.attributes
                0x00000000000001af       0x33 Core/Src/usart.o
 .ARM.attributes
                0x00000000000001e2       0x21 Core/Startup/startup_stm32f103rctx.o
 .ARM.attributes
                0x0000000000000203       0x33 Drivers/STM32F1xx_HAL_Driver/Src/stm32f1xx_hal.o
 .ARM.attributes
                0x0000000000000236       0x33 Drivers/STM32F1xx_HAL_Driver/Src/stm32f1xx_hal_adc.o
 .ARM.attributes
                0x0000000000000269       0x33 Drivers/STM32F1xx_HAL_Driver/Src/stm32f1xx_hal_cortex.o
 .ARM.attributes
                0x000000000000029c       0x33 Drivers/STM32F1xx_HAL_Driver/Src/stm32f1xx_hal_dma.o
 .ARM.attributes
                0x00000000000002cf       0x33 Drivers/STM32F1xx_HAL_Driver/Src/stm32f1xx_hal_gpio.o
 .ARM.attributes
                0x0000000000000302       0x33 Drivers/STM32F1xx_HAL_Driver/Src/stm32f1xx_hal_rcc.o
 .ARM.attributes
                0x0000000000000335       0x33 Drivers/STM32F1xx_HAL_Driver/Src/stm32f1xx_hal_rcc_ex.o
 .ARM.attributes
                0x0000000000000368       0x33 Drivers/STM32F1xx_HAL_Driver/Src/stm32f1xx_hal_uart.o
 .ARM.attributes
                0x000000000000039b       0x2d c:/st/stm32cubeide_1.3.0/stm32cubeide/plugins/com.st.stm32cube.ide.mcu.externaltools.gnu-tools-for-stm32.7-2018-q2-update.win32_1.4.0.202007081208/tools/bin/../lib/gcc/arm-none-eabi/7.3.1/../../../../arm-none-eabi/lib/thumb/v7-m\libc_nano.a(lib_a-init.o)
 .ARM.attributes
                0x00000000000003c8       0x2d c:/st/stm32cubeide_1.3.0/stm32cubeide/plugins/com.st.stm32cube.ide.mcu.externaltools.gnu-tools-for-stm32.7-2018-q2-update.win32_1.4.0.202007081208/tools/bin/../lib/gcc/arm-none-eabi/7.3.1/../../../../arm-none-eabi/lib/thumb/v7-m\libc_nano.a(lib_a-memset.o)
 .ARM.attributes
                0x00000000000003f5       0x1d c:/st/stm32cubeide_1.3.0/stm32cubeide/plugins/com.st.stm32cube.ide.mcu.externaltools.gnu-tools-for-stm32.7-2018-q2-update.win32_1.4.0.202007081208/tools/bin/../lib/gcc/arm-none-eabi/7.3.1/thumb/v7-m\libgcc.a(_arm_addsubdf3.o)
 .ARM.attributes
                0x0000000000000412       0x1d c:/st/stm32cubeide_1.3.0/stm32cubeide/plugins/com.st.stm32cube.ide.mcu.externaltools.gnu-tools-for-stm32.7-2018-q2-update.win32_1.4.0.202007081208/tools/bin/../lib/gcc/arm-none-eabi/7.3.1/thumb/v7-m\libgcc.a(_arm_muldivdf3.o)
 .ARM.attributes
                0x000000000000042f       0x1d c:/st/stm32cubeide_1.3.0/stm32cubeide/plugins/com.st.stm32cube.ide.mcu.externaltools.gnu-tools-for-stm32.7-2018-q2-update.win32_1.4.0.202007081208/tools/bin/../lib/gcc/arm-none-eabi/7.3.1/thumb/v7-m\libgcc.a(_arm_fixunsdfsi.o)
 .ARM.attributes
                0x000000000000044c       0x1d c:/st/stm32cubeide_1.3.0/stm32cubeide/plugins/com.st.stm32cube.ide.mcu.externaltools.gnu-tools-for-stm32.7-2018-q2-update.win32_1.4.0.202007081208/tools/bin/../lib/gcc/arm-none-eabi/7.3.1/thumb/v7-m\libgcc.a(_arm_truncdfsf2.o)
 .ARM.attributes
                0x0000000000000469       0x1d c:/st/stm32cubeide_1.3.0/stm32cubeide/plugins/com.st.stm32cube.ide.mcu.externaltools.gnu-tools-for-stm32.7-2018-q2-update.win32_1.4.0.202007081208/tools/bin/../lib/gcc/arm-none-eabi/7.3.1/thumb/v7-m/crtn.o
OUTPUT(WIFI-Project.elf elf32-littlearm)

.debug_info     0x0000000000000000     0x994e
 .debug_info    0x0000000000000000      0x704 Core/Src/adc.o
 .debug_info    0x0000000000000704      0x35d Core/Src/gpio.o
 .debug_info    0x0000000000000a61     0x1659 Core/Src/lcd.o
 .debug_info    0x00000000000020ba     0x1650 Core/Src/main.o
 .debug_info    0x000000000000370a      0x2d6 Core/Src/stm32f1xx_hal_msp.o
 .debug_info    0x00000000000039e0      0x681 Core/Src/stm32f1xx_it.o
 .debug_info    0x0000000000004061      0x29a Core/Src/system_stm32f1xx.o
 .debug_info    0x00000000000042fb      0x9c0 Core/Src/usart.o
 .debug_info    0x0000000000004cbb       0x22 Core/Startup/startup_stm32f103rctx.o
 .debug_info    0x0000000000004cdd      0x77a Drivers/STM32F1xx_HAL_Driver/Src/stm32f1xx_hal.o
 .debug_info    0x0000000000005457      0xc6c Drivers/STM32F1xx_HAL_Driver/Src/stm32f1xx_hal_adc.o
 .debug_info    0x00000000000060c3      0xbb7 Drivers/STM32F1xx_HAL_Driver/Src/stm32f1xx_hal_cortex.o
 .debug_info    0x0000000000006c7a      0x7b1 Drivers/STM32F1xx_HAL_Driver/Src/stm32f1xx_hal_dma.o
 .debug_info    0x000000000000742b      0x69b Drivers/STM32F1xx_HAL_Driver/Src/stm32f1xx_hal_gpio.o
 .debug_info    0x0000000000007ac6      0x80f Drivers/STM32F1xx_HAL_Driver/Src/stm32f1xx_hal_rcc.o
 .debug_info    0x00000000000082d5      0x45e Drivers/STM32F1xx_HAL_Driver/Src/stm32f1xx_hal_rcc_ex.o
 .debug_info    0x0000000000008733     0x121b Drivers/STM32F1xx_HAL_Driver/Src/stm32f1xx_hal_uart.o

.debug_abbrev   0x0000000000000000     0x1dfa
 .debug_abbrev  0x0000000000000000      0x18e Core/Src/adc.o
 .debug_abbrev  0x000000000000018e      0x134 Core/Src/gpio.o
 .debug_abbrev  0x00000000000002c2      0x30f Core/Src/lcd.o
 .debug_abbrev  0x00000000000005d1      0x2b5 Core/Src/main.o
 .debug_abbrev  0x0000000000000886      0x109 Core/Src/stm32f1xx_hal_msp.o
 .debug_abbrev  0x000000000000098f      0x15a Core/Src/stm32f1xx_it.o
 .debug_abbrev  0x0000000000000ae9      0x134 Core/Src/system_stm32f1xx.o
 .debug_abbrev  0x0000000000000c1d      0x1a2 Core/Src/usart.o
 .debug_abbrev  0x0000000000000dbf       0x12 Core/Startup/startup_stm32f103rctx.o
 .debug_abbrev  0x0000000000000dd1      0x1c7 Drivers/STM32F1xx_HAL_Driver/Src/stm32f1xx_hal.o
 .debug_abbrev  0x0000000000000f98      0x1d5 Drivers/STM32F1xx_HAL_Driver/Src/stm32f1xx_hal_adc.o
 .debug_abbrev  0x000000000000116d      0x2d5 Drivers/STM32F1xx_HAL_Driver/Src/stm32f1xx_hal_cortex.o
 .debug_abbrev  0x0000000000001442      0x1fe Drivers/STM32F1xx_HAL_Driver/Src/stm32f1xx_hal_dma.o
 .debug_abbrev  0x0000000000001640      0x1c0 Drivers/STM32F1xx_HAL_Driver/Src/stm32f1xx_hal_gpio.o
 .debug_abbrev  0x0000000000001800      0x243 Drivers/STM32F1xx_HAL_Driver/Src/stm32f1xx_hal_rcc.o
 .debug_abbrev  0x0000000000001a43      0x175 Drivers/STM32F1xx_HAL_Driver/Src/stm32f1xx_hal_rcc_ex.o
 .debug_abbrev  0x0000000000001bb8      0x242 Drivers/STM32F1xx_HAL_Driver/Src/stm32f1xx_hal_uart.o

.debug_aranges  0x0000000000000000      0x8f8
 .debug_aranges
                0x0000000000000000       0x30 Core/Src/adc.o
 .debug_aranges
                0x0000000000000030       0x20 Core/Src/gpio.o
 .debug_aranges
                0x0000000000000050      0x118 Core/Src/lcd.o
 .debug_aranges
                0x0000000000000168       0x40 Core/Src/main.o
 .debug_aranges
                0x00000000000001a8       0x20 Core/Src/stm32f1xx_hal_msp.o
 .debug_aranges
                0x00000000000001c8       0x70 Core/Src/stm32f1xx_it.o
 .debug_aranges
                0x0000000000000238       0x28 Core/Src/system_stm32f1xx.o
 .debug_aranges
                0x0000000000000260       0x38 Core/Src/usart.o
 .debug_aranges
                0x0000000000000298       0x28 Core/Startup/startup_stm32f103rctx.o
 .debug_aranges
                0x00000000000002c0       0xe0 Drivers/STM32F1xx_HAL_Driver/Src/stm32f1xx_hal.o
 .debug_aranges
                0x00000000000003a0       0xf0 Drivers/STM32F1xx_HAL_Driver/Src/stm32f1xx_hal_adc.o
 .debug_aranges
                0x0000000000000490      0x100 Drivers/STM32F1xx_HAL_Driver/Src/stm32f1xx_hal_cortex.o
 .debug_aranges
                0x0000000000000590       0x80 Drivers/STM32F1xx_HAL_Driver/Src/stm32f1xx_hal_dma.o
 .debug_aranges
                0x0000000000000610       0x58 Drivers/STM32F1xx_HAL_Driver/Src/stm32f1xx_hal_gpio.o
 .debug_aranges
                0x0000000000000668       0x90 Drivers/STM32F1xx_HAL_Driver/Src/stm32f1xx_hal_rcc.o
 .debug_aranges
                0x00000000000006f8       0x30 Drivers/STM32F1xx_HAL_Driver/Src/stm32f1xx_hal_rcc_ex.o
 .debug_aranges
                0x0000000000000728      0x1d0 Drivers/STM32F1xx_HAL_Driver/Src/stm32f1xx_hal_uart.o

.debug_ranges   0x0000000000000000      0x808
 .debug_ranges  0x0000000000000000       0x20 Core/Src/adc.o
 .debug_ranges  0x0000000000000020       0x10 Core/Src/gpio.o
 .debug_ranges  0x0000000000000030      0x108 Core/Src/lcd.o
 .debug_ranges  0x0000000000000138       0x48 Core/Src/main.o
 .debug_ranges  0x0000000000000180       0x10 Core/Src/stm32f1xx_hal_msp.o
 .debug_ranges  0x0000000000000190       0x60 Core/Src/stm32f1xx_it.o
 .debug_ranges  0x00000000000001f0       0x18 Core/Src/system_stm32f1xx.o
 .debug_ranges  0x0000000000000208       0x28 Core/Src/usart.o
 .debug_ranges  0x0000000000000230       0x20 Core/Startup/startup_stm32f103rctx.o
 .debug_ranges  0x0000000000000250       0xd0 Drivers/STM32F1xx_HAL_Driver/Src/stm32f1xx_hal.o
 .debug_ranges  0x0000000000000320       0xe0 Drivers/STM32F1xx_HAL_Driver/Src/stm32f1xx_hal_adc.o
 .debug_ranges  0x0000000000000400       0xf0 Drivers/STM32F1xx_HAL_Driver/Src/stm32f1xx_hal_cortex.o
 .debug_ranges  0x00000000000004f0       0x70 Drivers/STM32F1xx_HAL_Driver/Src/stm32f1xx_hal_dma.o
 .debug_ranges  0x0000000000000560       0x48 Drivers/STM32F1xx_HAL_Driver/Src/stm32f1xx_hal_gpio.o
 .debug_ranges  0x00000000000005a8       0x80 Drivers/STM32F1xx_HAL_Driver/Src/stm32f1xx_hal_rcc.o
 .debug_ranges  0x0000000000000628       0x20 Drivers/STM32F1xx_HAL_Driver/Src/stm32f1xx_hal_rcc_ex.o
 .debug_ranges  0x0000000000000648      0x1c0 Drivers/STM32F1xx_HAL_Driver/Src/stm32f1xx_hal_uart.o

.debug_macro    0x0000000000000000    0x1a18c
 .debug_macro   0x0000000000000000      0x1bb Core/Src/adc.o
 .debug_macro   0x00000000000001bb      0xa5a Core/Src/adc.o
 .debug_macro   0x0000000000000c15      0x21b Core/Src/adc.o
 .debug_macro   0x0000000000000e30       0x2e Core/Src/adc.o
 .debug_macro   0x0000000000000e5e       0x22 Core/Src/adc.o
 .debug_macro   0x0000000000000e80       0x22 Core/Src/adc.o
 .debug_macro   0x0000000000000ea2       0x8e Core/Src/adc.o
 .debug_macro   0x0000000000000f30       0x51 Core/Src/adc.o
 .debug_macro   0x0000000000000f81       0xef Core/Src/adc.o
 .debug_macro   0x0000000000001070       0x6a Core/Src/adc.o
 .debug_macro   0x00000000000010da      0x1df Core/Src/adc.o
 .debug_macro   0x00000000000012b9       0x1c Core/Src/adc.o
 .debug_macro   0x00000000000012d5       0x22 Core/Src/adc.o
 .debug_macro   0x00000000000012f7       0xc3 Core/Src/adc.o
 .debug_macro   0x00000000000013ba      0xd23 Core/Src/adc.o
 .debug_macro   0x00000000000020dd     0xfd85 Core/Src/adc.o
 .debug_macro   0x0000000000011e62       0x43 Core/Src/adc.o
 .debug_macro   0x0000000000011ea5     0x3468 Core/Src/adc.o
 .debug_macro   0x000000000001530d      0x174 Core/Src/adc.o
 .debug_macro   0x0000000000015481       0x5c Core/Src/adc.o
 .debug_macro   0x00000000000154dd      0x5be Core/Src/adc.o
 .debug_macro   0x0000000000015a9b      0x4d5 Core/Src/adc.o
 .debug_macro   0x0000000000015f70      0x1cb Core/Src/adc.o
 .debug_macro   0x000000000001613b      0x114 Core/Src/adc.o
 .debug_macro   0x000000000001624f      0x1ea Core/Src/adc.o
 .debug_macro   0x0000000000016439       0x27 Core/Src/adc.o
 .debug_macro   0x0000000000016460      0x144 Core/Src/adc.o
 .debug_macro   0x00000000000165a4      0x1bc Core/Src/adc.o
 .debug_macro   0x0000000000016760       0x30 Core/Src/adc.o
 .debug_macro   0x0000000000016790       0x3c Core/Src/adc.o
 .debug_macro   0x00000000000167cc       0x57 Core/Src/adc.o
 .debug_macro   0x0000000000016823      0x46a Core/Src/adc.o
 .debug_macro   0x0000000000016c8d      0x25d Core/Src/adc.o
 .debug_macro   0x0000000000016eea       0x88 Core/Src/adc.o
 .debug_macro   0x0000000000016f72      0x24f Core/Src/adc.o
 .debug_macro   0x00000000000171c1      0x141 Core/Src/adc.o
 .debug_macro   0x0000000000017302      0x26b Core/Src/adc.o
 .debug_macro   0x000000000001756d       0xb5 Core/Src/adc.o
 .debug_macro   0x0000000000017622       0x34 Core/Src/adc.o
 .debug_macro   0x0000000000017656      0x1bb Core/Src/gpio.o
 .debug_macro   0x0000000000017811      0x289 Core/Src/lcd.o
 .debug_macro   0x0000000000017a9a       0x18 Core/Src/lcd.o
 .debug_macro   0x0000000000017ab2       0x46 Core/Src/lcd.o
 .debug_macro   0x0000000000017af8       0x3c Core/Src/lcd.o
 .debug_macro   0x0000000000017b34       0x34 Core/Src/lcd.o
 .debug_macro   0x0000000000017b68       0x16 Core/Src/lcd.o
 .debug_macro   0x0000000000017b7e       0x35 Core/Src/lcd.o
 .debug_macro   0x0000000000017bb3       0x52 Core/Src/lcd.o
 .debug_macro   0x0000000000017c05       0x1f Core/Src/lcd.o
 .debug_macro   0x0000000000017c24       0x43 Core/Src/lcd.o
 .debug_macro   0x0000000000017c67       0x20 Core/Src/lcd.o
 .debug_macro   0x0000000000017c87      0x1a3 Core/Src/lcd.o
 .debug_macro   0x0000000000017e2a      0x32a Core/Src/lcd.o
 .debug_macro   0x0000000000018154       0x16 Core/Src/lcd.o
 .debug_macro   0x000000000001816a       0x29 Core/Src/lcd.o
 .debug_macro   0x0000000000018193      0x1dc Core/Src/lcd.o
 .debug_macro   0x000000000001836f      0x3a9 Core/Src/main.o
 .debug_macro   0x0000000000018718       0x1c Core/Src/main.o
 .debug_macro   0x0000000000018734       0x10 Core/Src/main.o
 .debug_macro   0x0000000000018744       0x10 Core/Src/main.o
 .debug_macro   0x0000000000018754       0x1c Core/Src/main.o
 .debug_macro   0x0000000000018770       0x52 Core/Src/main.o
 .debug_macro   0x00000000000187c2       0x40 Core/Src/main.o
 .debug_macro   0x0000000000018802       0x10 Core/Src/main.o
 .debug_macro   0x0000000000018812       0x40 Core/Src/main.o
 .debug_macro   0x0000000000018852       0xd7 Core/Src/main.o
 .debug_macro   0x0000000000018929       0x1c Core/Src/main.o
 .debug_macro   0x0000000000018945       0x3d Core/Src/main.o
 .debug_macro   0x0000000000018982       0x16 Core/Src/main.o
 .debug_macro   0x0000000000018998      0x145 Core/Src/main.o
 .debug_macro   0x0000000000018add       0x16 Core/Src/main.o
 .debug_macro   0x0000000000018af3       0x20 Core/Src/main.o
 .debug_macro   0x0000000000018b13      0x1e1 Core/Src/main.o
 .debug_macro   0x0000000000018cf4      0x1b1 Core/Src/stm32f1xx_hal_msp.o
 .debug_macro   0x0000000000018ea5      0x1bb Core/Src/stm32f1xx_it.o
 .debug_macro   0x0000000000019060      0x1a2 Core/Src/system_stm32f1xx.o
 .debug_macro   0x0000000000019202      0x1bb Core/Src/usart.o
 .debug_macro   0x00000000000193bd      0x1c6 Drivers/STM32F1xx_HAL_Driver/Src/stm32f1xx_hal.o
 .debug_macro   0x0000000000019583      0x1bf Drivers/STM32F1xx_HAL_Driver/Src/stm32f1xx_hal_adc.o
 .debug_macro   0x0000000000019742      0x1a2 Drivers/STM32F1xx_HAL_Driver/Src/stm32f1xx_hal_cortex.o
 .debug_macro   0x00000000000198e4      0x1a2 Drivers/STM32F1xx_HAL_Driver/Src/stm32f1xx_hal_dma.o
 .debug_macro   0x0000000000019a86      0x20d Drivers/STM32F1xx_HAL_Driver/Src/stm32f1xx_hal_gpio.o
 .debug_macro   0x0000000000019c93      0x1b4 Drivers/STM32F1xx_HAL_Driver/Src/stm32f1xx_hal_rcc.o
 .debug_macro   0x0000000000019e47      0x1a2 Drivers/STM32F1xx_HAL_Driver/Src/stm32f1xx_hal_rcc_ex.o
 .debug_macro   0x0000000000019fe9      0x1a3 Drivers/STM32F1xx_HAL_Driver/Src/stm32f1xx_hal_uart.o

.debug_line     0x0000000000000000     0x9e3e
 .debug_line    0x0000000000000000      0x6a3 Core/Src/adc.o
 .debug_line    0x00000000000006a3      0x689 Core/Src/gpio.o
 .debug_line    0x0000000000000d2c     0x15ae Core/Src/lcd.o
 .debug_line    0x00000000000022da      0xae8 Core/Src/main.o
 .debug_line    0x0000000000002dc2      0x678 Core/Src/stm32f1xx_hal_msp.o
 .debug_line    0x000000000000343a      0x740 Core/Src/stm32f1xx_it.o
 .debug_line    0x0000000000003b7a      0x69f Core/Src/system_stm32f1xx.o
 .debug_line    0x0000000000004219      0x6e6 Core/Src/usart.o
 .debug_line    0x00000000000048ff       0x84 Core/Startup/startup_stm32f103rctx.o
 .debug_line    0x0000000000004983      0x852 Drivers/STM32F1xx_HAL_Driver/Src/stm32f1xx_hal.o
 .debug_line    0x00000000000051d5      0xbb9 Drivers/STM32F1xx_HAL_Driver/Src/stm32f1xx_hal_adc.o
 .debug_line    0x0000000000005d8e      0x929 Drivers/STM32F1xx_HAL_Driver/Src/stm32f1xx_hal_cortex.o
 .debug_line    0x00000000000066b7      0xf39 Drivers/STM32F1xx_HAL_Driver/Src/stm32f1xx_hal_dma.o
 .debug_line    0x00000000000075f0      0x876 Drivers/STM32F1xx_HAL_Driver/Src/stm32f1xx_hal_gpio.o
 .debug_line    0x0000000000007e66      0x912 Drivers/STM32F1xx_HAL_Driver/Src/stm32f1xx_hal_rcc.o
 .debug_line    0x0000000000008778      0x736 Drivers/STM32F1xx_HAL_Driver/Src/stm32f1xx_hal_rcc_ex.o
 .debug_line    0x0000000000008eae      0xf90 Drivers/STM32F1xx_HAL_Driver/Src/stm32f1xx_hal_uart.o

.debug_str      0x0000000000000000    0x96c3c
 .debug_str     0x0000000000000000    0x8f89e Core/Src/adc.o
                                      0x8fd0c (size before relaxing)
 .debug_str     0x000000000008f89e       0x94 Core/Src/gpio.o
                                      0x8f9f1 (size before relaxing)
 .debug_str     0x000000000008f932     0x3858 Core/Src/lcd.o
                                      0x93283 (size before relaxing)
 .debug_str     0x000000000009318a     0x1eb1 Core/Src/main.o
                                      0x95184 (size before relaxing)
 .debug_str     0x000000000009503b       0x5a Core/Src/stm32f1xx_hal_msp.o
                                      0x8f9a9 (size before relaxing)
 .debug_str     0x0000000000095095       0xe1 Core/Src/stm32f1xx_it.o
                                      0x8fd9c (size before relaxing)
 .debug_str     0x0000000000095176       0x52 Core/Src/system_stm32f1xx.o
                                      0x8f8f1 (size before relaxing)
 .debug_str     0x00000000000951c8      0x367 Core/Src/usart.o
                                      0x90190 (size before relaxing)
 .debug_str     0x000000000009552f       0x36 Core/Startup/startup_stm32f103rctx.o
                                         0x74 (size before relaxing)
 .debug_str     0x0000000000095565      0x304 Drivers/STM32F1xx_HAL_Driver/Src/stm32f1xx_hal.o
                                      0x90066 (size before relaxing)
 .debug_str     0x0000000000095869      0x361 Drivers/STM32F1xx_HAL_Driver/Src/stm32f1xx_hal_adc.o
                                      0x8ff81 (size before relaxing)
 .debug_str     0x0000000000095bca      0x300 Drivers/STM32F1xx_HAL_Driver/Src/stm32f1xx_hal_cortex.o
                                      0x9006e (size before relaxing)
 .debug_str     0x0000000000095eca      0x230 Drivers/STM32F1xx_HAL_Driver/Src/stm32f1xx_hal_dma.o
                                      0x8fccc (size before relaxing)
 .debug_str     0x00000000000960fa      0x31f Drivers/STM32F1xx_HAL_Driver/Src/stm32f1xx_hal_gpio.o
                                      0x8fcb5 (size before relaxing)
 .debug_str     0x0000000000096419      0x24f Drivers/STM32F1xx_HAL_Driver/Src/stm32f1xx_hal_rcc.o
                                      0x8fcee (size before relaxing)
 .debug_str     0x0000000000096668       0xb9 Drivers/STM32F1xx_HAL_Driver/Src/stm32f1xx_hal_rcc_ex.o
                                      0x8faa1 (size before relaxing)
 .debug_str     0x0000000000096721      0x51b Drivers/STM32F1xx_HAL_Driver/Src/stm32f1xx_hal_uart.o
                                      0x901f4 (size before relaxing)

.comment        0x0000000000000000       0x7b
 .comment       0x0000000000000000       0x7b Core/Src/adc.o
                                         0x7c (size before relaxing)
 .comment       0x000000000000007b       0x7c Core/Src/gpio.o
 .comment       0x000000000000007b       0x7c Core/Src/lcd.o
 .comment       0x000000000000007b       0x7c Core/Src/main.o
 .comment       0x000000000000007b       0x7c Core/Src/stm32f1xx_hal_msp.o
 .comment       0x000000000000007b       0x7c Core/Src/stm32f1xx_it.o
 .comment       0x000000000000007b       0x7c Core/Src/system_stm32f1xx.o
 .comment       0x000000000000007b       0x7c Core/Src/usart.o
 .comment       0x000000000000007b       0x7c Drivers/STM32F1xx_HAL_Driver/Src/stm32f1xx_hal.o
 .comment       0x000000000000007b       0x7c Drivers/STM32F1xx_HAL_Driver/Src/stm32f1xx_hal_adc.o
 .comment       0x000000000000007b       0x7c Drivers/STM32F1xx_HAL_Driver/Src/stm32f1xx_hal_cortex.o
 .comment       0x000000000000007b       0x7c Drivers/STM32F1xx_HAL_Driver/Src/stm32f1xx_hal_dma.o
 .comment       0x000000000000007b       0x7c Drivers/STM32F1xx_HAL_Driver/Src/stm32f1xx_hal_gpio.o
 .comment       0x000000000000007b       0x7c Drivers/STM32F1xx_HAL_Driver/Src/stm32f1xx_hal_rcc.o
 .comment       0x000000000000007b       0x7c Drivers/STM32F1xx_HAL_Driver/Src/stm32f1xx_hal_rcc_ex.o
 .comment       0x000000000000007b       0x7c Drivers/STM32F1xx_HAL_Driver/Src/stm32f1xx_hal_uart.o

.debug_frame    0x0000000000000000     0x23d8
 .debug_frame   0x0000000000000000       0x84 Core/Src/adc.o
 .debug_frame   0x0000000000000084       0x34 Core/Src/gpio.o
 .debug_frame   0x00000000000000b8      0x4d4 Core/Src/lcd.o
 .debug_frame   0x000000000000058c       0xc4 Core/Src/main.o
 .debug_frame   0x0000000000000650       0x38 Core/Src/stm32f1xx_hal_msp.o
 .debug_frame   0x0000000000000688      0x144 Core/Src/stm32f1xx_it.o
 .debug_frame   0x00000000000007cc       0x58 Core/Src/system_stm32f1xx.o
 .debug_frame   0x0000000000000824       0x90 Core/Src/usart.o
 .debug_frame   0x00000000000008b4      0x334 Drivers/STM32F1xx_HAL_Driver/Src/stm32f1xx_hal.o
 .debug_frame   0x0000000000000be8      0x40c Drivers/STM32F1xx_HAL_Driver/Src/stm32f1xx_hal_adc.o
 .debug_frame   0x0000000000000ff4      0x428 Drivers/STM32F1xx_HAL_Driver/Src/stm32f1xx_hal_cortex.o
 .debug_frame   0x000000000000141c      0x20c Drivers/STM32F1xx_HAL_Driver/Src/stm32f1xx_hal_dma.o
 .debug_frame   0x0000000000001628      0x14c Drivers/STM32F1xx_HAL_Driver/Src/stm32f1xx_hal_gpio.o
 .debug_frame   0x0000000000001774      0x21c Drivers/STM32F1xx_HAL_Driver/Src/stm32f1xx_hal_rcc.o
 .debug_frame   0x0000000000001990       0x84 Drivers/STM32F1xx_HAL_Driver/Src/stm32f1xx_hal_rcc_ex.o
 .debug_frame   0x0000000000001a14      0x834 Drivers/STM32F1xx_HAL_Driver/Src/stm32f1xx_hal_uart.o
 .debug_frame   0x0000000000002248       0x2c c:/st/stm32cubeide_1.3.0/stm32cubeide/plugins/com.st.stm32cube.ide.mcu.externaltools.gnu-tools-for-stm32.7-2018-q2-update.win32_1.4.0.202007081208/tools/bin/../lib/gcc/arm-none-eabi/7.3.1/../../../../arm-none-eabi/lib/thumb/v7-m\libc_nano.a(lib_a-init.o)
 .debug_frame   0x0000000000002274       0x20 c:/st/stm32cubeide_1.3.0/stm32cubeide/plugins/com.st.stm32cube.ide.mcu.externaltools.gnu-tools-for-stm32.7-2018-q2-update.win32_1.4.0.202007081208/tools/bin/../lib/gcc/arm-none-eabi/7.3.1/../../../../arm-none-eabi/lib/thumb/v7-m\libc_nano.a(lib_a-memset.o)
 .debug_frame   0x0000000000002294       0xac c:/st/stm32cubeide_1.3.0/stm32cubeide/plugins/com.st.stm32cube.ide.mcu.externaltools.gnu-tools-for-stm32.7-2018-q2-update.win32_1.4.0.202007081208/tools/bin/../lib/gcc/arm-none-eabi/7.3.1/thumb/v7-m\libgcc.a(_arm_addsubdf3.o)
 .debug_frame   0x0000000000002340       0x50 c:/st/stm32cubeide_1.3.0/stm32cubeide/plugins/com.st.stm32cube.ide.mcu.externaltools.gnu-tools-for-stm32.7-2018-q2-update.win32_1.4.0.202007081208/tools/bin/../lib/gcc/arm-none-eabi/7.3.1/thumb/v7-m\libgcc.a(_arm_muldivdf3.o)
 .debug_frame   0x0000000000002390       0x24 c:/st/stm32cubeide_1.3.0/stm32cubeide/plugins/com.st.stm32cube.ide.mcu.externaltools.gnu-tools-for-stm32.7-2018-q2-update.win32_1.4.0.202007081208/tools/bin/../lib/gcc/arm-none-eabi/7.3.1/thumb/v7-m\libgcc.a(_arm_fixunsdfsi.o)
 .debug_frame   0x00000000000023b4       0x24 c:/st/stm32cubeide_1.3.0/stm32cubeide/plugins/com.st.stm32cube.ide.mcu.externaltools.gnu-tools-for-stm32.7-2018-q2-update.win32_1.4.0.202007081208/tools/bin/../lib/gcc/arm-none-eabi/7.3.1/thumb/v7-m\libgcc.a(_arm_truncdfsf2.o)
