main.c:106:6:reset	16	static
main.c:148:6:StateChange	16	static
main.c:156:6:printOut	24	static
main.c:162:6:rightDialog	80	static
main.c:209:6:leftDialog	80	static
main.c:257:6:changeState	24	static
main.c:282:6:updateuD	32	static
main.c:293:6:addNewLine	40	static
main.c:345:6:showMessage	16	static
main.c:494:5:main	8	static
main.c:545:6:SystemClock_Config	72	static
main.c:584:13:MX_TIM3_Init	32	static
main.c:629:13:MX_USART1_UART_Init	8	static
main.c:662:13:MX_USART2_UART_Init	8	static
main.c:693:13:MX_DMA_Init	16	static
main.c:714:13:MX_GPIO_Init	40	static
main.c:772:6:Error_Handler	4	static
