stm32f1xx_it.c:121:6:NMI_Handler	4	static
stm32f1xx_it.c:133:6:HardFault_Handler	4	static
stm32f1xx_it.c:146:6:MemManage_Handler	4	static
stm32f1xx_it.c:159:6:BusFault_Handler	4	static
stm32f1xx_it.c:172:6:UsageFault_Handler	4	static
stm32f1xx_it.c:185:6:SVC_Handler	4	static
stm32f1xx_it.c:197:6:DebugMon_Handler	4	static
stm32f1xx_it.c:209:6:PendSV_Handler	4	static
stm32f1xx_it.c:221:6:SysTick_Handler	8	static
stm32f1xx_it.c:241:6:DMA1_Channel5_IRQHandler	8	static
stm32f1xx_it.c:254:6:DMA1_Channel6_IRQHandler	8	static
stm32f1xx_it.c:267:6:EXTI9_5_IRQHandler	8	static
stm32f1xx_it.c:280:6:TIM3_IRQHandler	8	static
stm32f1xx_it.c:293:6:USART1_IRQHandler	8	static
stm32f1xx_it.c:307:6:USART2_IRQHandler	8	static
stm32f1xx_it.c:321:6:EXTI15_10_IRQHandler	8	static
stm32f1xx_it.c:332:6:HAL_GPIO_EXTI_Callback	24	static
stm32f1xx_it.c:392:6:HAL_TIM_PeriodElapsedCallback	16	static
stm32f1xx_it.c:429:6:HAL_UART_RxCpltCallback	40	static
stm32f1xx_it.c:638:6:send_cmd	16	static
stm32f1xx_it.c:643:6:send_message	128	static
stm32f1xx_it.c:653:6:send_msg_uart1	16	static
stm32f1xx_it.c:658:6:init_var	8	static
stm32f1xx_it.c:669:6:init_server	8	static
